Archive member included to satisfy reference by file (symbol)

/opt/st/stm32cubeide_2.0.0/plugins/com.st.stm32cube.ide.mcu.externaltools.gnu-tools-for-stm32.13.3.rel1.linux64_1.0.100.202509120712/tools/bin/../lib/gcc/arm-none-eabi/13.3.1/../../../../arm-none-eabi/lib/thumb/v7e-m+fp/hard/libc_nano.a(libc_a-exit.o)
                              /opt/st/stm32cubeide_2.0.0/plugins/com.st.stm32cube.ide.mcu.externaltools.gnu-tools-for-stm32.13.3.rel1.linux64_1.0.100.202509120712/tools/bin/../lib/gcc/arm-none-eabi/13.3.1/../../../../arm-none-eabi/lib/thumb/v7e-m+fp/hard/crt0.o (exit)
/opt/st/stm32cubeide_2.0.0/plugins/com.st.stm32cube.ide.mcu.externaltools.gnu-tools-for-stm32.13.3.rel1.linux64_1.0.100.202509120712/tools/bin/../lib/gcc/arm-none-eabi/13.3.1/../../../../arm-none-eabi/lib/thumb/v7e-m+fp/hard/libc_nano.a(libc_a-findfp.o)
                              /opt/st/stm32cubeide_2.0.0/plugins/com.st.stm32cube.ide.mcu.externaltools.gnu-tools-for-stm32.13.3.rel1.linux64_1.0.100.202509120712/tools/bin/../lib/gcc/arm-none-eabi/13.3.1/../../../../arm-none-eabi/lib/thumb/v7e-m+fp/hard/libc_nano.a(libc_a-exit.o) (__stdio_exit_handler)
/opt/st/stm32cubeide_2.0.0/plugins/com.st.stm32cube.ide.mcu.externaltools.gnu-tools-for-stm32.13.3.rel1.linux64_1.0.100.202509120712/tools/bin/../lib/gcc/arm-none-eabi/13.3.1/../../../../arm-none-eabi/lib/thumb/v7e-m+fp/hard/libc_nano.a(libc_a-fwalk.o)
                              /opt/st/stm32cubeide_2.0.0/plugins/com.st.stm32cube.ide.mcu.externaltools.gnu-tools-for-stm32.13.3.rel1.linux64_1.0.100.202509120712/tools/bin/../lib/gcc/arm-none-eabi/13.3.1/../../../../arm-none-eabi/lib/thumb/v7e-m+fp/hard/libc_nano.a(libc_a-findfp.o) (_fwalk_sglue)
/opt/st/stm32cubeide_2.0.0/plugins/com.st.stm32cube.ide.mcu.externaltools.gnu-tools-for-stm32.13.3.rel1.linux64_1.0.100.202509120712/tools/bin/../lib/gcc/arm-none-eabi/13.3.1/../../../../arm-none-eabi/lib/thumb/v7e-m+fp/hard/libc_nano.a(libc_a-printf.o)
                              ./Core/Src/dht11.o (printf)
/opt/st/stm32cubeide_2.0.0/plugins/com.st.stm32cube.ide.mcu.externaltools.gnu-tools-for-stm32.13.3.rel1.linux64_1.0.100.202509120712/tools/bin/../lib/gcc/arm-none-eabi/13.3.1/../../../../arm-none-eabi/lib/thumb/v7e-m+fp/hard/libc_nano.a(libc_a-puts.o)
                              ./Core/Src/dht11.o (puts)
/opt/st/stm32cubeide_2.0.0/plugins/com.st.stm32cube.ide.mcu.externaltools.gnu-tools-for-stm32.13.3.rel1.linux64_1.0.100.202509120712/tools/bin/../lib/gcc/arm-none-eabi/13.3.1/../../../../arm-none-eabi/lib/thumb/v7e-m+fp/hard/libc_nano.a(libc_a-snprintf.o)
                              ./Core/Src/blue.o (snprintf)
/opt/st/stm32cubeide_2.0.0/plugins/com.st.stm32cube.ide.mcu.externaltools.gnu-tools-for-stm32.13.3.rel1.linux64_1.0.100.202509120712/tools/bin/../lib/gcc/arm-none-eabi/13.3.1/../../../../arm-none-eabi/lib/thumb/v7e-m+fp/hard/libc_nano.a(libc_a-stdio.o)
                              /opt/st/stm32cubeide_2.0.0/plugins/com.st.stm32cube.ide.mcu.externaltools.gnu-tools-for-stm32.13.3.rel1.linux64_1.0.100.202509120712/tools/bin/../lib/gcc/arm-none-eabi/13.3.1/../../../../arm-none-eabi/lib/thumb/v7e-m+fp/hard/libc_nano.a(libc_a-findfp.o) (__sread)
/opt/st/stm32cubeide_2.0.0/plugins/com.st.stm32cube.ide.mcu.externaltools.gnu-tools-for-stm32.13.3.rel1.linux64_1.0.100.202509120712/tools/bin/../lib/gcc/arm-none-eabi/13.3.1/../../../../arm-none-eabi/lib/thumb/v7e-m+fp/hard/libc_nano.a(libc_a-wbuf.o)
                              /opt/st/stm32cubeide_2.0.0/plugins/com.st.stm32cube.ide.mcu.externaltools.gnu-tools-for-stm32.13.3.rel1.linux64_1.0.100.202509120712/tools/bin/../lib/gcc/arm-none-eabi/13.3.1/../../../../arm-none-eabi/lib/thumb/v7e-m+fp/hard/libc_nano.a(libc_a-puts.o) (__swbuf_r)
/opt/st/stm32cubeide_2.0.0/plugins/com.st.stm32cube.ide.mcu.externaltools.gnu-tools-for-stm32.13.3.rel1.linux64_1.0.100.202509120712/tools/bin/../lib/gcc/arm-none-eabi/13.3.1/../../../../arm-none-eabi/lib/thumb/v7e-m+fp/hard/libc_nano.a(libc_a-wsetup.o)
                              /opt/st/stm32cubeide_2.0.0/plugins/com.st.stm32cube.ide.mcu.externaltools.gnu-tools-for-stm32.13.3.rel1.linux64_1.0.100.202509120712/tools/bin/../lib/gcc/arm-none-eabi/13.3.1/../../../../arm-none-eabi/lib/thumb/v7e-m+fp/hard/libc_nano.a(libc_a-puts.o) (__swsetup_r)
/opt/st/stm32cubeide_2.0.0/plugins/com.st.stm32cube.ide.mcu.externaltools.gnu-tools-for-stm32.13.3.rel1.linux64_1.0.100.202509120712/tools/bin/../lib/gcc/arm-none-eabi/13.3.1/../../../../arm-none-eabi/lib/thumb/v7e-m+fp/hard/libc_nano.a(libc_a-memset.o)
                              /opt/st/stm32cubeide_2.0.0/plugins/com.st.stm32cube.ide.mcu.externaltools.gnu-tools-for-stm32.13.3.rel1.linux64_1.0.100.202509120712/tools/bin/../lib/gcc/arm-none-eabi/13.3.1/../../../../arm-none-eabi/lib/thumb/v7e-m+fp/hard/crt0.o (memset)
[...]
Memory Configuration

Name             Origin             Length             Attributes
RAM              0x20000000         0x00020000         xrw
FLASH            0x08000000         0x00080000         xr
*default*        0x00000000         0xffffffff

Linker script and memory map

LOAD /opt/st/stm32cubeide_2.0.0/plugins/com.st.stm32cube.ide.mcu.externaltools.gnu-tools-for-stm32.13.3.rel1.linux64_1.0.100.202509120712/tools/bin/../lib/gcc/arm-none-eabi/13.3.1/thumb/v7e-m+fp/hard/crti.o
LOAD /opt/st/stm32cubeide_2.0.0/plugins/com.st.stm32cube.ide.mcu.externaltools.gnu-tools-for-stm32.13.3.rel1.linux64_1.0.100.202509120712/tools/bin/../lib/gcc/arm-none-eabi/13.3.1/thumb/v7e-m+fp/hard/crtbegin.o
LOAD /opt/st/stm32cubeide_2.0.0/plugins/com.st.stm32cube.ide.mcu.externaltools.gnu-tools-for-stm32.13.3.rel1.linux64_1.0.100.202509120712/tools/bin/../lib/gcc/arm-none-eabi/13.3.1/../../../../arm-none-eabi/lib/thumb/v7e-m+fp/hard/crt0.o
LOAD ./Core/Src/app.o
LOAD ./Core/Src/blue.o
LOAD ./Core/Src/button.o
LOAD ./Core/Src/bz.o
LOAD ./Core/Src/delay.o
LOAD ./Core/Src/dht11.o
LOAD ./Core/Src/dht_bz.o
LOAD ./Core/Src/dht_lcd.o
LOAD ./Core/Src/elevator.o
LOAD ./Core/Src/gpio.o
LOAD ./Core/Src/hc.o
LOAD ./Core/Src/i2c.o
LOAD ./Core/Src/i2c_lcd.o
LOAD ./Core/Src/main.o
LOAD ./Core/Src/servo.o
LOAD ./Core/Src/stepper.o
LOAD ./Core/Src/stm32f4xx_hal_msp.o
LOAD ./Core/Src/stm32f4xx_it.o
LOAD ./Core/Src/syscalls.o
LOAD ./Core/Src/sysmem.o
LOAD ./Core/Src/system_stm32f4xx.o
LOAD ./Core/Src/tim.o
LOAD ./Core/Src/usart.o
LOAD ./Core/Startup/startup_stm32f411retx.o
LOAD ./Drivers/STM32F4xx_HAL_Driver/Src/stm32f4xx_hal.o
LOAD ./Drivers/STM32F4xx_HAL_Driver/Src/stm32f4xx_hal_cortex.o
LOAD ./Drivers/STM32F4xx_HAL_Driver/Src/stm32f4xx_hal_dma.o
LOAD ./Drivers/STM32F4xx_HAL_Driver/Src/stm32f4xx_hal_dma_ex.o
LOAD ./Drivers/STM32F4xx_HAL_Driver/Src/stm32f4xx_hal_exti.o
LOAD ./Drivers/STM32F4xx_HAL_Driver/Src/stm32f4xx_hal_flash.o
LOAD ./Drivers/STM32F4xx_HAL_Driver/Src/stm32f4xx_hal_flash_ex.o
LOAD ./Drivers/STM32F4xx_HAL_Driver/Src/stm32f4xx_hal_flash_ramfunc.o
LOAD ./Drivers/STM32F4xx_HAL_Driver/Src/stm32f4xx_hal_gpio.o
LOAD ./Drivers/STM32F4xx_HAL_Driver/Src/stm32f4xx_hal_i2c.o
LOAD ./Drivers/STM32F4xx_HAL_Driver/Src/stm32f4xx_hal_i2c_ex.o
LOAD ./Drivers/STM32F4xx_HAL_Driver/Src/stm32f4xx_hal_pwr.o
LOAD ./Drivers/STM32F4xx_HAL_Driver/Src/stm32f4xx_hal_pwr_ex.o
LOAD ./Drivers/STM32F4xx_HAL_Driver/Src/stm32f4xx_hal_rcc.o
LOAD ./Drivers/STM32F4xx_HAL_Driver/Src/stm32f4xx_hal_rcc_ex.o
LOAD ./Drivers/STM32F4xx_HAL_Driver/Src/stm32f4xx_hal_tim.o
LOAD ./Drivers/STM32F4xx_HAL_Driver/Src/stm32f4xx_hal_tim_ex.o
LOAD ./Drivers/STM32F4xx_HAL_Driver/Src/stm32f4xx_hal_uart.o
START GROUP
LOAD /opt/st/stm32cubeide_2.0.0/plugins/com.st.stm32cube.ide.mcu.externaltools.gnu-tools-for-stm32.13.3.rel1.linux64_1.0.100.202509120712/tools/bin/../lib/gcc/arm-none-eabi/13.3.1/../../../../arm-none-eabi/lib/thumb/v7e-m+fp/hard/libc_nano.a
LOAD /opt/st/stm32cubeide_2.0.0/plugins/com.st.stm32cube.ide.mcu.externaltools.gnu-tools-for-stm32.13.3.rel1.linux64_1.0.100.202509120712/tools/bin/../lib/gcc/arm-none-eabi/13.3.1/../../../../arm-none-eabi/lib/thumb/v7e-m+fp/hard/libm.a
END GROUP
START GROUP
LOAD /opt/st/stm32cubeide_2.0.0/plugins/com.st.stm32cube.ide.mcu.externaltools.gnu-tools-for-stm32.13.3.rel1.linux64_1.0.100.202509120712/tools/bin/../lib/gcc/arm-none-eabi/13.3.1/thumb/v7e-m+fp/hard/libgcc.a
LOAD /opt/st/stm32cubeide_2.0.0/plugins/com.st.stm32cube.ide.mcu.externaltools.gnu-tools-for-stm32.13.3.rel1.linux64_1.0.100.202509120712/tools/bin/../lib/gcc/arm-none-eabi/13.3.1/../../../../arm-none-eabi/lib/thumb/v7e-m+fp/hard/libc_nano.a
END GROUP
START GROUP
LOAD /opt/st/stm32cubeide_2.0.0/plugins/com.st.stm32cube.ide.mcu.externaltools.gnu-tools-for-stm32.13.3.rel1.linux64_1.0.100.202509120712/tools/bin/../lib/gcc/arm-none-eabi/13.3.1/thumb/v7e-m+fp/hard/libgcc.a
LOAD /opt/st/stm32cubeide_2.0.0/plugins/com.st.stm32cube.ide.mcu.externaltools.gnu-tools-for-stm32.13.3.rel1.linux64_1.0.100.202509120712/tools/bin/../lib/gcc/arm-none-eabi/13.3.1/../../../../arm-none-eabi/lib/thumb/v7e-m+fp/hard/libc_nano.a
LOAD /opt/st/stm32cubeide_2.0.0/plugins/com.st.stm32cube.ide.mcu.externaltools.gnu-tools-for-stm32.13.3.rel1.linux64_1.0.100.202509120712/tools/bin/../lib/gcc/arm-none-eabi/13.3.1/../../../../arm-none-eabi/lib/thumb/v7e-m+fp/hard/libnosys.a
END GROUP
START GROUP
LOAD /opt/st/stm32cubeide_2.0.0/plugins/com.st.stm32cube.ide.mcu.externaltools.gnu-tools-for-stm32.13.3.rel1.linux64_1.0.100.202509120712/tools/bin/../lib/gcc/arm-none-eabi/13.3.1/thumb/v7e-m+fp/hard/libgcc.a
LOAD /opt/st/stm32cubeide_2.0.0/plugins/com.st.stm32cube.ide.mcu.externaltools.gnu-tools-for-stm32.13.3.rel1.linux64_1.0.100.202509120712/tools/bin/../lib/gcc/arm-none-eabi/13.3.1/../../../../arm-none-eabi/lib/thumb/v7e-m+fp/hard/libc_nano.a
LOAD /opt/st/stm32cubeide_2.0.0/plugins/com.st.stm32cube.ide.mcu.externaltools.gnu-tools-for-stm32.13.3.rel1.linux64_1.0.100.202509120712/tools/bin/../lib/gcc/arm-none-eabi/13.3.1/../../../../arm-none-eabi/lib/thumb/v7e-m+fp/hard/libnosys.a
END GROUP
LOAD /opt/st/stm32cubeide_2.0.0/plugins/com.st.stm32cube.ide.mcu.externaltools.gnu-tools-for-stm32.13.3.rel1.linux64_1.0.100.202509120712/tools/bin/../lib/gcc/arm-none-eabi/13.3.1/thumb/v7e-m+fp/hard/crtend.o
LOAD /opt/st/stm32cubeide_2.0.0/plugins/com.st.stm32cube.ide.mcu.externaltools.gnu-tools-for-stm32.13.3.rel1.linux64_1.0.100.202509120712/tools/bin/../lib/gcc/arm-none-eabi/13.3.1/thumb/v7e-m+fp/hard/crtn.o
                0x20020000                        _estack = (ORIGIN (RAM) + LENGTH (RAM))
                0x00000200                        _Min_Heap_Size = 0x200
                0x00000400                        _Min_Stack_Size = 0x400

.isr_vector     0x08000000      0x198
                0x08000000                        . = ALIGN (0x4)
 *(.isr_vector)
 .isr_vector    0x08000000      0x198 ./Core/Startup/startup_stm32f411retx.o
                0x08000000                g_pfnVectors
                0x08000198                        . = ALIGN (0x4)

.text           0x080001a0     0x5ef4
                0x080001a0                        . = ALIGN (0x4)
 *(.text)
 .text          0x080001a0       0x40 /opt/st/stm32cubeide_2.0.0/plugins/com.st.stm32cube.ide.mcu.externaltools.gnu-tools-for-stm32.13.3.rel1.linux64_1.0.100.202509120712/tools/bin/../lib/gcc/arm-none-eabi/13.3.1/thumb/v7e-m+fp/hard/crtbegin.o
 .text          0x080001e0       0xa0 /opt/st/stm32cubeide_2.0.0/plugins/com.st.stm32cube.ide.mcu.externaltools.gnu-tools-for-stm32.13.3.rel1.linux64_1.0.100.202509120712/tools/bin/../lib/gcc/arm-none-eabi/13.3.1/../../../../arm-none-eabi/lib/thumb/v7e-m+fp/hard/libc_nano.a(libc_a-memchr.o)
                0x080001e0                memchr
 .text          0x08000280       0x30 /opt/st/stm32cubeide_2.0.0/plugins/com.st.stm32cube.ide.mcu.externaltools.gnu-tools-for-stm32.13.3.rel1.linux64_1.0.100.202509120712/tools/bin/../lib/gcc/arm-none-eabi/13.3.1/thumb/v7e-m+fp/hard/libgcc.a(_aeabi_uldivmod.o)
                0x08000280                __aeabi_uldivmod
 .text          0x080002b0      0x2f8 /opt/st/stm32cubeide_2.0.0/plugins/com.st.stm32cube.ide.mcu.externaltools.gnu-tools-for-stm32.13.3.rel1.linux64_1.0.100.202509120712/tools/bin/../lib/gcc/arm-none-eabi/13.3.1/thumb/v7e-m+fp/hard/libgcc.a(_udivmoddi4.o)
                0x080002b0                __udivmoddi4
 .text          0x080005a8        0x4 /opt/st/stm32cubeide_2.0.0/plugins/com.st.stm32cube.ide.mcu.externaltools.gnu-tools-for-stm32.13.3.rel1.linux64_1.0.100.202509120712/tools/bin/../lib/gcc/arm-none-eabi/13.3.1/thumb/v7e-m+fp/hard/libgcc.a(_dvmd_tls.o)
                0x080005a8                __aeabi_ldiv0
                0x080005a8                __aeabi_idiv0
 *(.text*)
 .text.App_Init
                0x080005ac       0x18 ./Core/Src/app.o
                0x080005ac                App_Init
 .text.App_Task
                0x080005c4       0xc2 ./Core/Src/app.o
                0x080005c4                App_Task
 .text.Blue_Init
                0x08000686       0x28 ./Core/Src/blue.o
                0x08000686                Blue_Init
 *fill*         0x080006ae        0x2 
 .text.Blue_Update
                0x080006b0       0x84 ./Core/Src/blue.o
                0x080006b0                Blue_Update
 .text.Blue_UI_Update
                0x08000734      0x110 ./Core/Src/blue.o
                0x08000734                Blue_UI_Update
 .text.Blue_SetLcdMode
                0x08000844       0x30 ./Core/Src/blue.o
                0x08000844                Blue_SetLcdMode
 .text.Blue_SendEMG
                0x08000874       0x60 ./Core/Src/blue.o
                0x08000874                Blue_SendEMG
 .text.ButtonInit
                0x080008d4       0x40 ./Core/Src/button.o
                0x080008d4                ButtonInit
 .text.Button_GetPressed
                0x08000914       0xd8 ./Core/Src/button.o
                0x08000914                Button_GetPressed
 .text.Buzzer_On
                0x080009ec       0x18 ./Core/Src/bz.o
                0x080009ec                Buzzer_On
 .text.Buzzer_Off
                0x08000a04       0x18 ./Core/Src/bz.o
                0x08000a04                Buzzer_Off
 .text.Buzzer_Beep
                0x08000a1c       0x38 ./Core/Src/bz.o
                0x08000a1c                Buzzer_Beep
 .text.Buzzer_Task
                0x08000a54       0x3c ./Core/Src/bz.o
                0x08000a54                Buzzer_Task
 .text.delay_us
                0x08000a90       0x38 ./Core/Src/delay.o
                0x08000a90                delay_us
 .text.dht11Init
                0x08000ac8       0x26 ./Core/Src/dht11.o
                0x08000ac8                dht11Init
 .text.dht11GpioMode
                0x08000aee       0x76 ./Core/Src/dht11.o
                0x08000aee                dht11GpioMode
 .text.dht11Read
                0x08000b64      0x380 ./Core/Src/dht11.o
                0x08000b64                dht11Read
 .text.dht_bz_Init
                0x08000ee4       0x40 ./Core/Src/dht_bz.o
                0x08000ee4                dht_bz_Init
 .text.dht_bz_Update
                0x08000f24       0x80 ./Core/Src/dht_bz.o
                0x08000f24                dht_bz_Update
 .text.dht_lcd_Init
                0x08000fa4       0x28 ./Core/Src/dht_lcd.o
                0x08000fa4                dht_lcd_Init
 .text.dht_lcd_Update
                0x08000fcc       0x60 ./Core/Src/dht_lcd.o
                0x08000fcc                dht_lcd_Update
 .text.Elevator_Init
                0x0800102c       0x18 ./Core/Src/elevator.o
                0x0800102c                Elevator_Init
 .text.Elevator_CallFloor
                0x08001044       0x44 ./Core/Src/elevator.o
                0x08001044                Elevator_CallFloor
 .text.Elevator_CallOpen
                0x08001088       0x20 ./Core/Src/elevator.o
                0x08001088                Elevator_CallOpen
 .text.Elevator_CallClose
                0x080010a8       0x18 ./Core/Src/elevator.o
                0x080010a8                Elevator_CallClose
 .text.Elevator_CallEMG
                0x080010c0       0x18 ./Core/Src/elevator.o
                0x080010c0                Elevator_CallEMG
 .text.Elevator_Task
                0x080010d8      0x160 ./Core/Src/elevator.o
                0x080010d8                Elevator_Task
 .text.MX_GPIO_Init
                0x08001238      0x100 ./Core/Src/gpio.o
                0x08001238                MX_GPIO_Init
 .text.hc_LED_Init
                0x08001338       0x30 ./Core/Src/hc.o
                0x08001338                hc_LED_Init
 .text.hc_LED_Update
                0x08001368       0x6c ./Core/Src/hc.o
                0x08001368                hc_LED_Update
 .text.MX_I2C1_Init
                0x080013d4       0x5c ./Core/Src/i2c.o
                0x080013d4                MX_I2C1_Init
 .text.HAL_I2C_MspInit
                0x08001430       0x90 ./Core/Src/i2c.o
                0x08001430                HAL_I2C_MspInit
 .text.lcd_command
                0x080014c0       0x68 ./Core/Src/i2c_lcd.o
                0x080014c0                lcd_command
 .text.lcd_data
                0x08001528       0x68 ./Core/Src/i2c_lcd.o
                0x08001528                lcd_data
 .text.i2c_lcd_init
                0x08001590       0x56 ./Core/Src/i2c_lcd.o
                0x08001590                i2c_lcd_init
 .text.lcd_string
                0x080015e6       0x2a ./Core/Src/i2c_lcd.o
                0x080015e6                lcd_string
 .text.move_cursor
                0x08001610       0x30 ./Core/Src/i2c_lcd.o
                0x08001610                move_cursor
 .text._write   0x08001640       0x28 ./Core/Src/main.o
                0x08001640                _write
 .text.HAL_UART_RxCpltCallback
                0x08001668       0x6c ./Core/Src/main.o
                0x08001668                HAL_UART_RxCpltCallback
 .text.main     0x080016d4       0xa8 ./Core/Src/main.o
                0x080016d4                main
 .text.SystemClock_Config
                0x0800177c       0xd0 ./Core/Src/main.o
                0x0800177c                SystemClock_Config
 .text.Error_Handler
                0x0800184c        0xc ./Core/Src/main.o
                0x0800184c                Error_Handler
 .text.Servo_Init
                0x08001858       0x44 ./Core/Src/servo.o
                0x08001858                Servo_Init
 .text.Servo_Open
                0x0800189c       0x24 ./Core/Src/servo.o
                0x0800189c                Servo_Open
 .text.Servo_Close
                0x080018c0       0x24 ./Core/Src/servo.o
                0x080018c0                Servo_Close
 .text.Servo_Run
                0x080018e4       0x88 ./Core/Src/servo.o
                0x080018e4                Servo_Run
 .text.Servo_IsClosed
                0x0800196c       0x20 ./Core/Src/servo.o
                0x0800196c                Servo_IsClosed
 .text.Stepper_Init
                0x0800198c       0x24 ./Core/Src/stepper.o
                0x0800198c                Stepper_Init
 .text.stepMotor
                0x080019b0       0x70 ./Core/Src/stepper.o
                0x080019b0                stepMotor
 .text.Stepper_Task
                0x08001a20       0x74 ./Core/Src/stepper.o
                0x08001a20                Stepper_Task
 .text.HAL_MspInit
                0x08001a94       0x50 ./Core/Src/stm32f4xx_hal_msp.o
                0x08001a94                HAL_MspInit
 .text.NMI_Handler
                0x08001ae4        0x8 ./Core/Src/stm32f4xx_it.o
                0x08001ae4                NMI_Handler
 .text.HardFault_Handler
                0x08001aec        0x8 ./Core/Src/stm32f4xx_it.o
                0x08001aec                HardFault_Handler
 .text.MemManage_Handler
                0x08001af4        0x8 ./Core/Src/stm32f4xx_it.o
                0x08001af4                MemManage_Handler
 .text.BusFault_Handler
                0x08001afc        0x8 ./Core/Src/stm32f4xx_it.o
                0x08001afc                BusFault_Handler
 .text.UsageFault_Handler
                0x08001b04        0x8 ./Core/Src/stm32f4xx_it.o
                0x08001b04                UsageFault_Handler
 .text.SVC_Handler
                0x08001b0c        0xe ./Core/Src/stm32f4xx_it.o
                0x08001b0c                SVC_Handler
 .text.DebugMon_Handler
                0x08001b1a        0xe ./Core/Src/stm32f4xx_it.o
                0x08001b1a                DebugMon_Handler
 .text.PendSV_Handler
                0x08001b28        0xe ./Core/Src/stm32f4xx_it.o
                0x08001b28                PendSV_Handler
 .text.SysTick_Handler
                0x08001b36        0xc ./Core/Src/stm32f4xx_it.o
                0x08001b36                SysTick_Handler
 *fill*         0x08001b42        0x2 
 .text.USART1_IRQHandler
                0x08001b44       0x14 ./Core/Src/stm32f4xx_it.o
                0x08001b44                USART1_IRQHandler
 .text.USART2_IRQHandler
                0x08001b58       0x14 ./Core/Src/stm32f4xx_it.o
                0x08001b58                USART2_IRQHandler
 .text._read    0x08001b6c       0x3a ./Core/Src/syscalls.o
                0x08001b6c                _read
 .text._close   0x08001ba6       0x18 ./Core/Src/syscalls.o
                0x08001ba6                _close
 .text._fstat   0x08001bbe       0x20 ./Core/Src/syscalls.o
                0x08001bbe                _fstat
 .text._isatty  0x08001bde       0x16 ./Core/Src/syscalls.o
                0x08001bde                _isatty
 .text._lseek   0x08001bf4       0x1a ./Core/Src/syscalls.o
                0x08001bf4                _lseek
 *fill*         0x08001c0e        0x2 
 .text._sbrk    0x08001c10       0x6c ./Core/Src/sysmem.o
                0x08001c10                _sbrk
 .text.SystemInit
                0x08001c7c       0x24 ./Core/Src/system_stm32f4xx.o
                0x08001c7c                SystemInit
 .text.MX_TIM10_Init
                0x08001ca0       0x48 ./Core/Src/tim.o
                0x08001ca0                MX_TIM10_Init
 .text.MX_TIM11_Init
                0x08001ce8       0x48 ./Core/Src/tim.o
                0x08001ce8                MX_TIM11_Init
 .text.HAL_TIM_Base_MspInit
                0x08001d30       0x70 ./Core/Src/tim.o
                0x08001d30                HAL_TIM_Base_MspInit
 .text.MX_USART1_UART_Init
                0x08001da0       0x54 ./Core/Src/usart.o
                0x08001da0                MX_USART1_UART_Init
 .text.MX_USART2_UART_Init
                0x08001df4       0x54 ./Core/Src/usart.o
                0x08001df4                MX_USART2_UART_Init
 .text.HAL_UART_MspInit
                0x08001e48      0x11c ./Core/Src/usart.o
                0x08001e48                HAL_UART_MspInit
 .text.Reset_Handler
                0x08001f64       0x50 ./Core/Startup/startup_stm32f411retx.o
                0x08001f64                Reset_Handler
 .text.Default_Handler
                0x08001fb4        0x2 ./Core/Startup/startup_stm32f411retx.o
                0x08001fb4                RTC_Alarm_IRQHandler
                0x08001fb4                EXTI2_IRQHandler
                0x08001fb4                SPI4_IRQHandler
                0x08001fb4                TIM1_CC_IRQHandler
                0x08001fb4                DMA2_Stream5_IRQHandler
                0x08001fb4                DMA1_Stream5_IRQHandler
                0x08001fb4                PVD_IRQHandler
                0x08001fb4                SDIO_IRQHandler
                0x08001fb4                TAMP_STAMP_IRQHandler
                0x08001fb4                EXTI3_IRQHandler
                0x08001fb4                TIM1_UP_TIM10_IRQHandler
                0x08001fb4                I2C3_ER_IRQHandler
                0x08001fb4                EXTI0_IRQHandler
                0x08001fb4                I2C2_EV_IRQHandler
                0x08001fb4                DMA1_Stream2_IRQHandler
                0x08001fb4                FPU_IRQHandler
                0x08001fb4                DMA2_Stream2_IRQHandler
                0x08001fb4                SPI1_IRQHandler
                0x08001fb4                TIM1_BRK_TIM9_IRQHandler
                0x08001fb4                DMA2_Stream3_IRQHandler
                0x08001fb4                USART6_IRQHandler
                0x08001fb4                DMA2_Stream0_IRQHandler
                0x08001fb4                TIM4_IRQHandler
                0x08001fb4                I2C1_EV_IRQHandler
                0x08001fb4                DMA1_Stream6_IRQHandler
                0x08001fb4                DMA1_Stream1_IRQHandler
                0x08001fb4                TIM3_IRQHandler
                0x08001fb4                RCC_IRQHandler
                0x08001fb4                Default_Handler
                0x08001fb4                EXTI15_10_IRQHandler
                0x08001fb4                ADC_IRQHandler
                0x08001fb4                DMA1_Stream7_IRQHandler
                0x08001fb4                SPI5_IRQHandler
                0x08001fb4                TIM5_IRQHandler
                0x08001fb4                DMA2_Stream7_IRQHandler
                0x08001fb4                I2C3_EV_IRQHandler
                0x08001fb4                EXTI9_5_IRQHandler
                0x08001fb4                RTC_WKUP_IRQHandler
                0x08001fb4                SPI2_IRQHandler
                0x08001fb4                DMA1_Stream0_IRQHandler
                0x08001fb4                EXTI4_IRQHandler
                0x08001fb4                WWDG_IRQHandler
                0x08001fb4                TIM2_IRQHandler
                0x08001fb4                OTG_FS_WKUP_IRQHandler
                0x08001fb4                TIM1_TRG_COM_TIM11_IRQHandler
                0x08001fb4                EXTI1_IRQHandler
                0x08001fb4                I2C2_ER_IRQHandler
                0x08001fb4                DMA2_Stream1_IRQHandler
                0x08001fb4                FLASH_IRQHandler
                0x08001fb4                DMA2_Stream4_IRQHandler
                0x08001fb4                OTG_FS_IRQHandler
                0x08001fb4                SPI3_IRQHandler
                0x08001fb4                DMA1_Stream4_IRQHandler
                0x08001fb4                I2C1_ER_IRQHandler
                0x08001fb4                DMA2_Stream6_IRQHandler
                0x08001fb4                DMA1_Stream3_IRQHandler
 *fill*         0x08001fb6        0x2 
 .text.HAL_Init
                0x08001fb8       0x44 ./Drivers/STM32F4xx_HAL_Driver/Src/stm32f4xx_hal.o
                0x08001fb8                HAL_Init
 .text.HAL_InitTick
                0x08001ffc       0x60 ./Drivers/STM32F4xx_HAL_Driver/Src/stm32f4xx_hal.o
                0x08001ffc                HAL_InitTick
 .text.HAL_IncTick
                0x0800205c       0x28 ./Drivers/STM32F4xx_HAL_Driver/Src/stm32f4xx_hal.o
                0x0800205c                HAL_IncTick
 .text.HAL_GetTick
                0x08002084       0x18 ./Drivers/STM32F4xx_HAL_Driver/Src/stm32f4xx_hal.o
                0x08002084                HAL_GetTick
 .text.HAL_Delay
                0x0800209c       0x48 ./Drivers/STM32F4xx_HAL_Driver/Src/stm32f4xx_hal.o
                0x0800209c                HAL_Delay
 .text.__NVIC_SetPriorityGrouping
                0x080020e4       0x48 ./Drivers/STM32F4xx_HAL_Driver/Src/stm32f4xx_hal_cortex.o
 .text.__NVIC_GetPriorityGrouping
                0x0800212c       0x1c ./Drivers/STM32F4xx_HAL_Driver/Src/stm32f4xx_hal_cortex.o
 .text.__NVIC_EnableIRQ
                0x08002148       0x3c ./Drivers/STM32F4xx_HAL_Driver/Src/stm32f4xx_hal_cortex.o
 .text.__NVIC_SetPriority
                0x08002184       0x54 ./Drivers/STM32F4xx_HAL_Driver/Src/stm32f4xx_hal_cortex.o
 .text.NVIC_EncodePriority
                0x080021d8       0x66 ./Drivers/STM32F4xx_HAL_Driver/Src/stm32f4xx_hal_cortex.o
 *fill*         0x0800223e        0x2 
 .text.SysTick_Config
                0x08002240       0x44 ./Drivers/STM32F4xx_HAL_Driver/Src/stm32f4xx_hal_cortex.o
 .text.HAL_NVIC_SetPriorityGrouping
                0x08002284       0x16 ./Drivers/STM32F4xx_HAL_Driver/Src/stm32f4xx_hal_cortex.o
                0x08002284                HAL_NVIC_SetPriorityGrouping
 .text.HAL_NVIC_SetPriority
                0x0800229a       0x38 ./Drivers/STM32F4xx_HAL_Driver/Src/stm32f4xx_hal_cortex.o
                0x0800229a                HAL_NVIC_SetPriority
 .text.HAL_NVIC_EnableIRQ
                0x080022d2       0x1c ./Drivers/STM32F4xx_HAL_Driver/Src/stm32f4xx_hal_cortex.o
                0x080022d2                HAL_NVIC_EnableIRQ
 .text.HAL_SYSTICK_Config
                0x080022ee       0x18 ./Drivers/STM32F4xx_HAL_Driver/Src/stm32f4xx_hal_cortex.o
                0x080022ee                HAL_SYSTICK_Config
 .text.HAL_DMA_Abort
                0x08002306       0xe0 ./Drivers/STM32F4xx_HAL_Driver/Src/stm32f4xx_hal_dma.o
                0x08002306                HAL_DMA_Abort
 .text.HAL_DMA_Abort_IT
                0x080023e6       0x44 ./Drivers/STM32F4xx_HAL_Driver/Src/stm32f4xx_hal_dma.o
                0x080023e6                HAL_DMA_Abort_IT
 *fill*         0x0800242a        0x2 
 .text.HAL_GPIO_Init
                0x0800242c      0x308 ./Drivers/STM32F4xx_HAL_Driver/Src/stm32f4xx_hal_gpio.o
                0x0800242c                HAL_GPIO_Init
 .text.HAL_GPIO_ReadPin
                0x08002734       0x30 ./Drivers/STM32F4xx_HAL_Driver/Src/stm32f4xx_hal_gpio.o
                0x08002734                HAL_GPIO_ReadPin
 .text.HAL_GPIO_WritePin
                0x08002764       0x32 ./Drivers/STM32F4xx_HAL_Driver/Src/stm32f4xx_hal_gpio.o
                0x08002764                HAL_GPIO_WritePin
 *fill*         0x08002796        0x2 
 .text.HAL_I2C_Init
                0x08002798      0x288 ./Drivers/STM32F4xx_HAL_Driver/Src/stm32f4xx_hal_i2c.o
                0x08002798                HAL_I2C_Init
 .text.HAL_I2C_Master_Transmit
                0x08002a20      0x1fc ./Drivers/STM32F4xx_HAL_Driver/Src/stm32f4xx_hal_i2c.o
                0x08002a20                HAL_I2C_Master_Transmit
 .text.I2C_MasterRequestWrite
                0x08002c1c      0x104 ./Drivers/STM32F4xx_HAL_Driver/Src/stm32f4xx_hal_i2c.o
 .text.I2C_WaitOnFlagUntilTimeout
                0x08002d20       0xf4 ./Drivers/STM32F4xx_HAL_Driver/Src/stm32f4xx_hal_i2c.o
 .text.I2C_WaitOnMasterAddressFlagUntilTimeout
                0x08002e14      0x140 ./Drivers/STM32F4xx_HAL_Driver/Src/stm32f4xx_hal_i2c.o
 .text.I2C_WaitOnTXEFlagUntilTimeout
                0x08002f54       0x90 ./Drivers/STM32F4xx_HAL_Driver/Src/stm32f4xx_hal_i2c.o
 .text.I2C_WaitOnBTFFlagUntilTimeout
                0x08002fe4       0x90 ./Drivers/STM32F4xx_HAL_Driver/Src/stm32f4xx_hal_i2c.o
 .text.I2C_IsAcknowledgeFailed
                0x08003074       0x5e ./Drivers/STM32F4xx_HAL_Driver/Src/stm32f4xx_hal_i2c.o
 *fill*         0x080030d2        0x2 
 .text.HAL_RCC_OscConfig
                0x080030d4      0x4f0 ./Drivers/STM32F4xx_HAL_Driver/Src/stm32f4xx_hal_rcc.o
                0x080030d4                HAL_RCC_OscConfig
 .text.HAL_RCC_ClockConfig
                0x080035c4      0x1cc ./Drivers/STM32F4xx_HAL_Driver/Src/stm32f4xx_hal_rcc.o
                0x080035c4                HAL_RCC_ClockConfig
 .text.HAL_RCC_GetSysClockFreq
                0x08003790      0x20c ./Drivers/STM32F4xx_HAL_Driver/Src/stm32f4xx_hal_rcc.o
                0x08003790                HAL_RCC_GetSysClockFreq
 .text.HAL_RCC_GetHCLKFreq
                0x0800399c       0x18 ./Drivers/STM32F4xx_HAL_Driver/Src/stm32f4xx_hal_rcc.o
                0x0800399c                HAL_RCC_GetHCLKFreq
 .text.HAL_RCC_GetPCLK1Freq
                0x080039b4       0x28 ./Drivers/STM32F4xx_HAL_Driver/Src/stm32f4xx_hal_rcc.o
                0x080039b4                HAL_RCC_GetPCLK1Freq
 .text.HAL_RCC_GetPCLK2Freq
                0x080039dc       0x28 ./Drivers/STM32F4xx_HAL_Driver/Src/stm32f4xx_hal_rcc.o
                0x080039dc                HAL_RCC_GetPCLK2Freq
 .text.HAL_TIM_Base_Init
                0x08003a04       0x9e ./Drivers/STM32F4xx_HAL_Driver/Src/stm32f4xx_hal_tim.o
                0x08003a04                HAL_TIM_Base_Init
 *fill*         0x08003aa2        0x2 
 .text.HAL_TIM_Base_Start
                0x08003aa4       0xb4 ./Drivers/STM32F4xx_HAL_Driver/Src/stm32f4xx_hal_tim.o
                0x08003aa4                HAL_TIM_Base_Start
 .text.HAL_TIM_Base_Stop
                0x08003b58       0x4e ./Drivers/STM32F4xx_HAL_Driver/Src/stm32f4xx_hal_tim.o
                0x08003b58                HAL_TIM_Base_Stop
 *fill*         0x08003ba6        0x2 
 .text.TIM_Base_SetConfig
                0x08003ba8      0x10c ./Drivers/STM32F4xx_HAL_Driver/Src/stm32f4xx_hal_tim.o
                0x08003ba8                TIM_Base_SetConfig
 .text.HAL_UART_Init
                0x08003cb4       0xa0 ./Drivers/STM32F4xx_HAL_Driver/Src/stm32f4xx_hal_uart.o
                0x08003cb4                HAL_UART_Init
 .text.HAL_UART_Transmit
                0x08003d54      0x116 ./Drivers/STM32F4xx_HAL_Driver/Src/stm32f4xx_hal_uart.o
                0x08003d54                HAL_UART_Transmit
 .text.HAL_UART_Receive_IT
                0x08003e6a       0x4a ./Drivers/STM32F4xx_HAL_Driver/Src/stm32f4xx_hal_uart.o
                0x08003e6a                HAL_UART_Receive_IT
 .text.HAL_UART_IRQHandler
                0x08003eb4      0x554 ./Drivers/STM32F4xx_HAL_Driver/Src/stm32f4xx_hal_uart.o
                0x08003eb4                HAL_UART_IRQHandler
 .text.HAL_UART_TxCpltCallback
                0x08004408       0x14 ./Drivers/STM32F4xx_HAL_Driver/Src/stm32f4xx_hal_uart.o
                0x08004408                HAL_UART_TxCpltCallback
 .text.HAL_UART_ErrorCallback
                0x0800441c       0x14 ./Drivers/STM32F4xx_HAL_Driver/Src/stm32f4xx_hal_uart.o
                0x0800441c                HAL_UART_ErrorCallback
 .text.HAL_UARTEx_RxEventCallback
                0x08004430       0x18 ./Drivers/STM32F4xx_HAL_Driver/Src/stm32f4xx_hal_uart.o
                0x08004430                HAL_UARTEx_RxEventCallback
 .text.UART_WaitOnFlagUntilTimeout
                0x08004448       0xb2 ./Drivers/STM32F4xx_HAL_Driver/Src/stm32f4xx_hal_uart.o
 .text.UART_Start_Receive_IT
                0x080044fa       0x74 ./Drivers/STM32F4xx_HAL_Driver/Src/stm32f4xx_hal_uart.o
                0x080044fa                UART_Start_Receive_IT
 .text.UART_EndRxTransfer
                0x0800456e       0xc6 ./Drivers/STM32F4xx_HAL_Driver/Src/stm32f4xx_hal_uart.o
 .text.UART_DMAAbortOnError
                0x08004634       0x22 ./Drivers/STM32F4xx_HAL_Driver/Src/stm32f4xx_hal_uart.o
 .text.UART_Transmit_IT
                0x08004656       0xa0 ./Drivers/STM32F4xx_HAL_Driver/Src/stm32f4xx_hal_uart.o
 .text.UART_EndTransmit_IT
                0x080046f6       0x30 ./Drivers/STM32F4xx_HAL_Driver/Src/stm32f4xx_hal_uart.o
 .text.UART_Receive_IT
                0x08004726      0x17c ./Drivers/STM32F4xx_HAL_Driver/Src/stm32f4xx_hal_uart.o
 *fill*         0x080048a2        0x2 
 .text.UART_SetConfig
                0x080048a4      0x4e8 ./Drivers/STM32F4xx_HAL_Driver/Src/stm32f4xx_hal_uart.o
 .text.std      0x08004d8c       0x6c /opt/st/stm32cubeide_2.0.0/plugins/com.st.stm32cube.ide.mcu.externaltools.gnu-tools-for-stm32.13.3.rel1.linux64_1.0.100.202509120712/tools/bin/../lib/gcc/arm-none-eabi/13.3.1/../../../../arm-none-eabi/lib/thumb/v7e-m+fp/hard/libc_nano.a(libc_a-findfp.o)
 .text.stdio_exit_handler
                0x08004df8       0x18 /opt/st/stm32cubeide_2.0.0/plugins/com.st.stm32cube.ide.mcu.externaltools.gnu-tools-for-stm32.13.3.rel1.linux64_1.0.100.202509120712/tools/bin/../lib/gcc/arm-none-eabi/13.3.1/../../../../arm-none-eabi/lib/thumb/v7e-m+fp/hard/libc_nano.a(libc_a-findfp.o)
 .text.cleanup_stdio
                0x08004e10       0x40 /opt/st/stm32cubeide_2.0.0/plugins/com.st.stm32cube.ide.mcu.externaltools.gnu-tools-for-stm32.13.3.rel1.linux64_1.0.100.202509120712/tools/bin/../lib/gcc/arm-none-eabi/13.3.1/../../../../arm-none-eabi/lib/thumb/v7e-m+fp/hard/libc_nano.a(libc_a-findfp.o)
 .text.global_stdio_init.part.0
                0x08004e50       0x3c /opt/st/stm32cubeide_2.0.0/plugins/com.st.stm32cube.ide.mcu.externaltools.gnu-tools-for-stm32.13.3.rel1.linux64_1.0.100.202509120712/tools/bin/../lib/gcc/arm-none-eabi/13.3.1/../../../../arm-none-eabi/lib/thumb/v7e-m+fp/hard/libc_nano.a(libc_a-findfp.o)
 .text.__sfp_lock_acquire
                0x08004e8c        0xc /opt/st/stm32cubeide_2.0.0/plugins/com.st.stm32cube.ide.mcu.externaltools.gnu-tools-for-stm32.13.3.rel1.linux64_1.0.100.202509120712/tools/bin/../lib/gcc/arm-none-eabi/13.3.1/../../../../arm-none-eabi/lib/thumb/v7e-m+fp/hard/libc_nano.a(libc_a-findfp.o)
                0x08004e8c                __sfp_lock_acquire
 .text.__sfp_lock_release
                0x08004e98        0xc /opt/st/stm32cubeide_2.0.0/plugins/com.st.stm32cube.ide.mcu.externaltools.gnu-tools-for-stm32.13.3.rel1.linux64_1.0.100.202509120712/tools/bin/../lib/gcc/arm-none-eabi/13.3.1/../../../../arm-none-eabi/lib/thumb/v7e-m+fp/hard/libc_nano.a(libc_a-findfp.o)
                0x08004e98                __sfp_lock_release
 .text.__sinit  0x08004ea4       0x30 /opt/st/stm32cubeide_2.0.0/plugins/com.st.stm32cube.ide.mcu.externaltools.gnu-tools-for-stm32.13.3.rel1.linux64_1.0.100.202509120712/tools/bin/../lib/gcc/arm-none-eabi/13.3.1/../../../../arm-none-eabi/lib/thumb/v7e-m+fp/hard/libc_nano.a(libc_a-findfp.o)
                0x08004ea4                __sinit
 .text._fwalk_sglue
                0x08004ed4       0x3c /opt/st/stm32cubeide_2.0.0/plugins/com.st.stm32cube.ide.mcu.externaltools.gnu-tools-for-stm32.13.3.rel1.linux64_1.0.100.202509120712/tools/bin/../lib/gcc/arm-none-eabi/13.3.1/../../../../arm-none-eabi/lib/thumb/v7e-m+fp/hard/libc_nano.a(libc_a-fwalk.o)
                0x08004ed4                _fwalk_sglue
 .text.printf   0x08004f10       0x24 /opt/st/stm32cubeide_2.0.0/plugins/com.st.stm32cube.ide.mcu.externaltools.gnu-tools-for-stm32.13.3.rel1.linux64_1.0.100.202509120712/tools/bin/../lib/gcc/arm-none-eabi/13.3.1/../../../../arm-none-eabi/lib/thumb/v7e-m+fp/hard/libc_nano.a(libc_a-printf.o)
                0x08004f10                printf
                0x08004f10                iprintf
 .text._puts_r  0x08004f34       0xaa /opt/st/stm32cubeide_2.0.0/plugins/com.st.stm32cube.ide.mcu.externaltools.gnu-tools-for-stm32.13.3.rel1.linux64_1.0.100.202509120712/tools/bin/../lib/gcc/arm-none-eabi/13.3.1/../../../../arm-none-eabi/lib/thumb/v7e-m+fp/hard/libc_nano.a(libc_a-puts.o)
                0x08004f34                _puts_r
 *fill*         0x08004fde        0x2 
 .text.puts     0x08004fe0       0x10 /opt/st/stm32cubeide_2.0.0/plugins/com.st.stm32cube.ide.mcu.externaltools.gnu-tools-for-stm32.13.3.rel1.linux64_1.0.100.202509120712/tools/bin/../lib/gcc/arm-none-eabi/13.3.1/../../../../arm-none-eabi/lib/thumb/v7e-m+fp/hard/libc_nano.a(libc_a-puts.o)
                0x08004fe0                puts
 .text.snprintf
                0x08004ff0       0x6c /opt/st/stm32cubeide_2.0.0/plugins/com.st.stm32cube.ide.mcu.externaltools.gnu-tools-for-stm32.13.3.rel1.linux64_1.0.100.202509120712/tools/bin/../lib/gcc/arm-none-eabi/13.3.1/../../../../arm-none-eabi/lib/thumb/v7e-m+fp/hard/libc_nano.a(libc_a-snprintf.o)
                0x08004ff0                snprintf
                0x08004ff0                sniprintf
 .text.__sread  0x0800505c       0x22 /opt/st/stm32cubeide_2.0.0/plugins/com.st.stm32cube.ide.mcu.externaltools.gnu-tools-for-stm32.13.3.rel1.linux64_1.0.100.202509120712/tools/bin/../lib/gcc/arm-none-eabi/13.3.1/../../../../arm-none-eabi/lib/thumb/v7e-m+fp/hard/libc_nano.a(libc_a-stdio.o)
                0x0800505c                __sread
 .text.__swrite
                0x0800507e       0x38 /opt/st/stm32cubeide_2.0.0/plugins/com.st.stm32cube.ide.mcu.externaltools.gnu-tools-for-stm32.13.3.rel1.linux64_1.0.100.202509120712/tools/bin/../lib/gcc/arm-none-eabi/13.3.1/../../../../arm-none-eabi/lib/thumb/v7e-m+fp/hard/libc_nano.a(libc_a-stdio.o)
                0x0800507e                __swrite
 .text.__sseek  0x080050b6       0x24 /opt/st/stm32cubeide_2.0.0/plugins/com.st.stm32cube.ide.mcu.externaltools.gnu-tools-for-stm32.13.3.rel1.linux64_1.0.100.202509120712/tools/bin/../lib/gcc/arm-none-eabi/13.3.1/../../../../arm-none-eabi/lib/thumb/v7e-m+fp/hard/libc_nano.a(libc_a-stdio.o)
                0x080050b6                __sseek
 .text.__sclose
                0x080050da        0x8 /opt/st/stm32cubeide_2.0.0/plugins/com.st.stm32cube.ide.mcu.externaltools.gnu-tools-for-stm32.13.3.rel1.linux64_1.0.100.202509120712/tools/bin/../lib/gcc/arm-none-eabi/13.3.1/../../../../arm-none-eabi/lib/thumb/v7e-m+fp/hard/libc_nano.a(libc_a-stdio.o)
                0x080050da                __sclose
 .text.__swbuf_r
                0x080050e2       0x7c /opt/st/stm32cubeide_2.0.0/plugins/com.st.stm32cube.ide.mcu.externaltools.gnu-tools-for-stm32.13.3.rel1.linux64_1.0.100.202509120712/tools/bin/../lib/gcc/arm-none-eabi/13.3.1/../../../../arm-none-eabi/lib/thumb/v7e-m+fp/hard/libc_nano.a(libc_a-wbuf.o)
                0x080050e2                __swbuf_r
 *fill*         0x0800515e        0x2 
 .text.__swsetup_r
                0x08005160       0xac /opt/st/stm32cubeide_2.0.0/plugins/com.st.stm32cube.ide.mcu.externaltools.gnu-tools-for-stm32.13.3.rel1.linux64_1.0.100.202509120712/tools/bin/../lib/gcc/arm-none-eabi/13.3.1/../../../../arm-none-eabi/lib/thumb/v7e-m+fp/hard/libc_nano.a(libc_a-wsetup.o)
                0x08005160                __swsetup_r
 .text.memset   0x0800520c       0x10 /opt/st/stm32cubeide_2.0.0/plugins/com.st.stm32cube.ide.mcu.externaltools.gnu-tools-for-stm32.13.3.rel1.linux64_1.0.100.202509120712/tools/bin/../lib/gcc/arm-none-eabi/13.3.1/../../../../arm-none-eabi/lib/thumb/v7e-m+fp/hard/libc_nano.a(libc_a-memset.o)
                0x0800520c                memset
 .text._close_r
                0x0800521c       0x20 /opt/st/stm32cubeide_2.0.0/plugins/com.st.stm32cube.ide.mcu.externaltools.gnu-tools-for-stm32.13.3.rel1.linux64_1.0.100.202509120712/tools/bin/../lib/gcc/arm-none-eabi/13.3.1/../../../../arm-none-eabi/lib/thumb/v7e-m+fp/hard/libc_nano.a(libc_a-closer.o)
                0x0800521c                _close_r
 .text._lseek_r
                0x0800523c       0x24 /opt/st/stm32cubeide_2.0.0/plugins/com.st.stm32cube.ide.mcu.externaltools.gnu-tools-for-stm32.13.3.rel1.linux64_1.0.100.202509120712/tools/bin/../lib/gcc/arm-none-eabi/13.3.1/../../../../arm-none-eabi/lib/thumb/v7e-m+fp/hard/libc_nano.a(libc_a-lseekr.o)
                0x0800523c                _lseek_r
 .text._read_r  0x08005260       0x24 /opt/st/stm32cubeide_2.0.0/plugins/com.st.stm32cube.ide.mcu.externaltools.gnu-tools-for-stm32.13.3.rel1.linux64_1.0.100.202509120712/tools/bin/../lib/gcc/arm-none-eabi/13.3.1/../../../../arm-none-eabi/lib/thumb/v7e-m+fp/hard/libc_nano.a(libc_a-readr.o)
                0x08005260                _read_r
 .text._write_r
                0x08005284       0x24 /opt/st/stm32cubeide_2.0.0/plugins/com.st.stm32cube.ide.mcu.externaltools.gnu-tools-for-stm32.13.3.rel1.linux64_1.0.100.202509120712/tools/bin/../lib/gcc/arm-none-eabi/13.3.1/../../../../arm-none-eabi/lib/thumb/v7e-m+fp/hard/libc_nano.a(libc_a-writer.o)
                0x08005284                _write_r
 .text.__errno  0x080052a8        0xc /opt/st/stm32cubeide_2.0.0/plugins/com.st.stm32cube.ide.mcu.externaltools.gnu-tools-for-stm32.13.3.rel1.linux64_1.0.100.202509120712/tools/bin/../lib/gcc/arm-none-eabi/13.3.1/../../../../arm-none-eabi/lib/thumb/v7e-m+fp/hard/libc_nano.a(libc_a-errno.o)
                0x080052a8                __errno
 .text.__libc_init_array
                0x080052b4       0x48 /opt/st/stm32cubeide_2.0.0/plugins/com.st.stm32cube.ide.mcu.externaltools.gnu-tools-for-stm32.13.3.rel1.linux64_1.0.100.202509120712/tools/bin/../lib/gcc/arm-none-eabi/13.3.1/../../../../arm-none-eabi/lib/thumb/v7e-m+fp/hard/libc_nano.a(libc_a-init.o)
                0x080052b4                __libc_init_array
 .text.__retarget_lock_init_recursive
                0x080052fc        0x2 /opt/st/stm32cubeide_2.0.0/plugins/com.st.stm32cube.ide.mcu.externaltools.gnu-tools-for-stm32.13.3.rel1.linux64_1.0.100.202509120712/tools/bin/../lib/gcc/arm-none-eabi/13.3.1/../../../../arm-none-eabi/lib/thumb/v7e-m+fp/hard/libc_nano.a(libc_a-lock.o)
                0x080052fc                __retarget_lock_init_recursive
 .text.__retarget_lock_acquire_recursive
                0x080052fe        0x2 /opt/st/stm32cubeide_2.0.0/plugins/com.st.stm32cube.ide.mcu.externaltools.gnu-tools-for-stm32.13.3.rel1.linux64_1.0.100.202509120712/tools/bin/../lib/gcc/arm-none-eabi/13.3.1/../../../../arm-none-eabi/lib/thumb/v7e-m+fp/hard/libc_nano.a(libc_a-lock.o)
                0x080052fe                __retarget_lock_acquire_recursive
 .text.__retarget_lock_release_recursive
                0x08005300        0x2 /opt/st/stm32cubeide_2.0.0/plugins/com.st.stm32cube.ide.mcu.externaltools.gnu-tools-for-stm32.13.3.rel1.linux64_1.0.100.202509120712/tools/bin/../lib/gcc/arm-none-eabi/13.3.1/../../../../arm-none-eabi/lib/thumb/v7e-m+fp/hard/libc_nano.a(libc_a-lock.o)
                0x08005300                __retarget_lock_release_recursive
 *fill*         0x08005302        0x2 
 .text._free_r  0x08005304       0x94 /opt/st/stm32cubeide_2.0.0/plugins/com.st.stm32cube.ide.mcu.externaltools.gnu-tools-for-stm32.13.3.rel1.linux64_1.0.100.202509120712/tools/bin/../lib/gcc/arm-none-eabi/13.3.1/../../../../arm-none-eabi/lib/thumb/v7e-m+fp/hard/libc_nano.a(libc_a-freer.o)
                0x08005304                _free_r
 .text.sbrk_aligned
                0x08005398       0x44 /opt/st/stm32cubeide_2.0.0/plugins/com.st.stm32cube.ide.mcu.externaltools.gnu-tools-for-stm32.13.3.rel1.linux64_1.0.100.202509120712/tools/bin/../lib/gcc/arm-none-eabi/13.3.1/../../../../arm-none-eabi/lib/thumb/v7e-m+fp/hard/libc_nano.a(libc_a-mallocr.o)
 .text._malloc_r
                0x080053dc      0x100 /opt/st/stm32cubeide_2.0.0/plugins/com.st.stm32cube.ide.mcu.externaltools.gnu-tools-for-stm32.13.3.rel1.linux64_1.0.100.202509120712/tools/bin/../lib/gcc/arm-none-eabi/13.3.1/../../../../arm-none-eabi/lib/thumb/v7e-m+fp/hard/libc_nano.a(libc_a-mallocr.o)
                0x080053dc                _malloc_r
 .text.__malloc_lock
                0x080054dc        0xc /opt/st/stm32cubeide_2.0.0/plugins/com.st.stm32cube.ide.mcu.externaltools.gnu-tools-for-stm32.13.3.rel1.linux64_1.0.100.202509120712/tools/bin/../lib/gcc/arm-none-eabi/13.3.1/../../../../arm-none-eabi/lib/thumb/v7e-m+fp/hard/libc_nano.a(libc_a-mlock.o)
                0x080054dc                __malloc_lock
 .text.__malloc_unlock
                0x080054e8        0xc /opt/st/stm32cubeide_2.0.0/plugins/com.st.stm32cube.ide.mcu.externaltools.gnu-tools-for-stm32.13.3.rel1.linux64_1.0.100.202509120712/tools/bin/../lib/gcc/arm-none-eabi/13.3.1/../../../../arm-none-eabi/lib/thumb/v7e-m+fp/hard/libc_nano.a(libc_a-mlock.o)
                0x080054e8                __malloc_unlock
 .text.__ssputs_r
                0x080054f4       0xb6 /opt/st/stm32cubeide_2.0.0/plugins/com.st.stm32cube.ide.mcu.externaltools.gnu-tools-for-stm32.13.3.rel1.linux64_1.0.100.202509120712/tools/bin/../lib/gcc/arm-none-eabi/13.3.1/../../../../arm-none-eabi/lib/thumb/v7e-m+fp/hard/libc_nano.a(libc_a-nano-svfprintf.o)
                0x080054f4                __ssputs_r
 *fill*         0x080055aa        0x2 
 .text._svfprintf_r
                0x080055ac      0x1f8 /opt/st/stm32cubeide_2.0.0/plugins/com.st.stm32cube.ide.mcu.externaltools.gnu-tools-for-stm32.13.3.rel1.linux64_1.0.100.202509120712/tools/bin/../lib/gcc/arm-none-eabi/13.3.1/../../../../arm-none-eabi/lib/thumb/v7e-m+fp/hard/libc_nano.a(libc_a-nano-svfprintf.o)
                0x080055ac                _svfprintf_r
                0x080055ac                _svfiprintf_r
 .text.__sfputc_r
                0x080057a4       0x2e /opt/st/stm32cubeide_2.0.0/plugins/com.st.stm32cube.ide.mcu.externaltools.gnu-tools-for-stm32.13.3.rel1.linux64_1.0.100.202509120712/tools/bin/../lib/gcc/arm-none-eabi/13.3.1/../../../../arm-none-eabi/lib/thumb/v7e-m+fp/hard/libc_nano.a(libc_a-nano-vfprintf.o)
 .text.__sfputs_r
                0x080057d2       0x24 /opt/st/stm32cubeide_2.0.0/plugins/com.st.stm32cube.ide.mcu.externaltools.gnu-tools-for-stm32.13.3.rel1.linux64_1.0.100.202509120712/tools/bin/../lib/gcc/arm-none-eabi/13.3.1/../../../../arm-none-eabi/lib/thumb/v7e-m+fp/hard/libc_nano.a(libc_a-nano-vfprintf.o)
                0x080057d2                __sfputs_r
 *fill*         0x080057f6        0x2 
 .text._vfprintf_r
                0x080057f8      0x230 /opt/st/stm32cubeide_2.0.0/plugins/com.st.stm32cube.ide.mcu.externaltools.gnu-tools-for-stm32.13.3.rel1.linux64_1.0.100.202509120712/tools/bin/../lib/gcc/arm-none-eabi/13.3.1/../../../../arm-none-eabi/lib/thumb/v7e-m+fp/hard/libc_nano.a(libc_a-nano-vfprintf.o)
                0x080057f8                _vfiprintf_r
                0x080057f8                _vfprintf_r
 .text._printf_common
                0x08005a28       0xda /opt/st/stm32cubeide_2.0.0/plugins/com.st.stm32cube.ide.mcu.externaltools.gnu-tools-for-stm32.13.3.rel1.linux64_1.0.100.202509120712/tools/bin/../lib/gcc/arm-none-eabi/13.3.1/../../../../arm-none-eabi/lib/thumb/v7e-m+fp/hard/libc_nano.a(libc_a-nano-vfprintf_i.o)
                0x08005a28                _printf_common
 *fill*         0x08005b02        0x2 
 .text._printf_i
                0x08005b04      0x23c /opt/st/stm32cubeide_2.0.0/plugins/com.st.stm32cube.ide.mcu.externaltools.gnu-tools-for-stm32.13.3.rel1.linux64_1.0.100.202509120712/tools/bin/../lib/gcc/arm-none-eabi/13.3.1/../../../../arm-none-eabi/lib/thumb/v7e-m+fp/hard/libc_nano.a(libc_a-nano-vfprintf_i.o)
                0x08005b04                _printf_i
 .text.__sflush_r
                0x08005d40      0x108 /opt/st/stm32cubeide_2.0.0/plugins/com.st.stm32cube.ide.mcu.externaltools.gnu-tools-for-stm32.13.3.rel1.linux64_1.0.100.202509120712/tools/bin/../lib/gcc/arm-none-eabi/13.3.1/../../../../arm-none-eabi/lib/thumb/v7e-m+fp/hard/libc_nano.a(libc_a-fflush.o)
                0x08005d40                __sflush_r
 .text._fflush_r
                0x08005e48       0x50 /opt/st/stm32cubeide_2.0.0/plugins/com.st.stm32cube.ide.mcu.externaltools.gnu-tools-for-stm32.13.3.rel1.linux64_1.0.100.202509120712/tools/bin/../lib/gcc/arm-none-eabi/13.3.1/../../../../arm-none-eabi/lib/thumb/v7e-m+fp/hard/libc_nano.a(libc_a-fflush.o)
                0x08005e48                _fflush_r
 .text.__swhatbuf_r
                0x08005e98       0x4c /opt/st/stm32cubeide_2.0.0/plugins/com.st.stm32cube.ide.mcu.externaltools.gnu-tools-for-stm32.13.3.rel1.linux64_1.0.100.202509120712/tools/bin/../lib/gcc/arm-none-eabi/13.3.1/../../../../arm-none-eabi/lib/thumb/v7e-m+fp/hard/libc_nano.a(libc_a-makebuf.o)
                0x08005e98                __swhatbuf_r
 .text.__smakebuf_r
                0x08005ee4       0x78 /opt/st/stm32cubeide_2.0.0/plugins/com.st.stm32cube.ide.mcu.externaltools.gnu-tools-for-stm32.13.3.rel1.linux64_1.0.100.202509120712/tools/bin/../lib/gcc/arm-none-eabi/13.3.1/../../../../arm-none-eabi/lib/thumb/v7e-m+fp/hard/libc_nano.a(libc_a-makebuf.o)
                0x08005ee4                __smakebuf_r
 .text.memmove  0x08005f5c       0x34 /opt/st/stm32cubeide_2.0.0/plugins/com.st.stm32cube.ide.mcu.externaltools.gnu-tools-for-stm32.13.3.rel1.linux64_1.0.100.202509120712/tools/bin/../lib/gcc/arm-none-eabi/13.3.1/../../../../arm-none-eabi/lib/thumb/v7e-m+fp/hard/libc_nano.a(libc_a-memmove.o)
                0x08005f5c                memmove
 .text._fstat_r
                0x08005f90       0x24 /opt/st/stm32cubeide_2.0.0/plugins/com.st.stm32cube.ide.mcu.externaltools.gnu-tools-for-stm32.13.3.rel1.linux64_1.0.100.202509120712/tools/bin/../lib/gcc/arm-none-eabi/13.3.1/../../../../arm-none-eabi/lib/thumb/v7e-m+fp/hard/libc_nano.a(libc_a-fstatr.o)
                0x08005f90                _fstat_r
 .text._isatty_r
                0x08005fb4       0x20 /opt/st/stm32cubeide_2.0.0/plugins/com.st.stm32cube.ide.mcu.externaltools.gnu-tools-for-stm32.13.3.rel1.linux64_1.0.100.202509120712/tools/bin/../lib/gcc/arm-none-eabi/13.3.1/../../../../arm-none-eabi/lib/thumb/v7e-m+fp/hard/libc_nano.a(libc_a-isattyr.o)
                0x08005fb4                _isatty_r
 .text._sbrk_r  0x08005fd4       0x20 /opt/st/stm32cubeide_2.0.0/plugins/com.st.stm32cube.ide.mcu.externaltools.gnu-tools-for-stm32.13.3.rel1.linux64_1.0.100.202509120712/tools/bin/../lib/gcc/arm-none-eabi/13.3.1/../../../../arm-none-eabi/lib/thumb/v7e-m+fp/hard/libc_nano.a(libc_a-sbrkr.o)
                0x08005fd4                _sbrk_r
 .text.memcpy   0x08005ff4       0x1c /opt/st/stm32cubeide_2.0.0/plugins/com.st.stm32cube.ide.mcu.externaltools.gnu-tools-for-stm32.13.3.rel1.linux64_1.0.100.202509120712/tools/bin/../lib/gcc/arm-none-eabi/13.3.1/../../../../arm-none-eabi/lib/thumb/v7e-m+fp/hard/libc_nano.a(libc_a-memcpy-stub.o)
                0x08005ff4                memcpy
 .text._realloc_r
                0x08006010       0x5c /opt/st/stm32cubeide_2.0.0/plugins/com.st.stm32cube.ide.mcu.externaltools.gnu-tools-for-stm32.13.3.rel1.linux64_1.0.100.202509120712/tools/bin/../lib/gcc/arm-none-eabi/13.3.1/../../../../arm-none-eabi/lib/thumb/v7e-m+fp/hard/libc_nano.a(libc_a-reallocr.o)
                0x08006010                _realloc_r
 .text._malloc_usable_size_r
                0x0800606c       0x10 /opt/st/stm32cubeide_2.0.0/plugins/com.st.stm32cube.ide.mcu.externaltools.gnu-tools-for-stm32.13.3.rel1.linux64_1.0.100.202509120712/tools/bin/../lib/gcc/arm-none-eabi/13.3.1/../../../../arm-none-eabi/lib/thumb/v7e-m+fp/hard/libc_nano.a(libc_a-msizer.o)
                0x0800606c                _malloc_usable_size_r
 *(.glue_7)
 .glue_7        0x0800607c        0x0 linker stubs
 *(.glue_7t)
 .glue_7t       0x0800607c        0x0 linker stubs
 *(.eh_frame)
 .eh_frame      0x0800607c        0x0 /opt/st/stm32cubeide_2.0.0/plugins/com.st.stm32cube.ide.mcu.externaltools.gnu-tools-for-stm32.13.3.rel1.linux64_1.0.100.202509120712/tools/bin/../lib/gcc/arm-none-eabi/13.3.1/thumb/v7e-m+fp/hard/crtbegin.o
 *(.init)
 .init          0x0800607c        0x4 /opt/st/stm32cubeide_2.0.0/plugins/com.st.stm32cube.ide.mcu.externaltools.gnu-tools-for-stm32.13.3.rel1.linux64_1.0.100.202509120712/tools/bin/../lib/gcc/arm-none-eabi/13.3.1/thumb/v7e-m+fp/hard/crti.o
                0x0800607c                _init
 .init          0x08006080        0x8 /opt/st/stm32cubeide_2.0.0/plugins/com.st.stm32cube.ide.mcu.externaltools.gnu-tools-for-stm32.13.3.rel1.linux64_1.0.100.202509120712/tools/bin/../lib/gcc/arm-none-eabi/13.3.1/thumb/v7e-m+fp/hard/crtn.o
 *(.fini)
 .fini          0x08006088        0x4 /opt/st/stm32cubeide_2.0.0/plugins/com.st.stm32cube.ide.mcu.externaltools.gnu-tools-for-stm32.13.3.rel1.linux64_1.0.100.202509120712/tools/bin/../lib/gcc/arm-none-eabi/13.3.1/thumb/v7e-m+fp/hard/crti.o
                0x08006088                _fini
 .fini          0x0800608c        0x8 /opt/st/stm32cubeide_2.0.0/plugins/com.st.stm32cube.ide.mcu.externaltools.gnu-tools-for-stm32.13.3.rel1.linux64_1.0.100.202509120712/tools/bin/../lib/gcc/arm-none-eabi/13.3.1/thumb/v7e-m+fp/hard/crtn.o
                0x08006094                        . = ALIGN (0x4)
                0x08006094                        _etext = .

.vfp11_veneer   0x08006094        0x0
 .vfp11_veneer  0x08006094        0x0 linker stubs

.v4_bx          0x08006094        0x0
 .v4_bx         0x08006094        0x0 linker stubs

.iplt           0x08006094        0x0
 .iplt          0x08006094        0x0 /opt/st/stm32cubeide_2.0.0/plugins/com.st.stm32cube.ide.mcu.externaltools.gnu-tools-for-stm32.13.3.rel1.linux64_1.0.100.202509120712/tools/bin/../lib/gcc/arm-none-eabi/13.3.1/thumb/v7e-m+fp/hard/crtbegin.o

.rodata         0x08006094      0x210
                0x08006094                        . = ALIGN (0x4)
 *(.rodata)
 .rodata        0x08006094       0xb7 ./Core/Src/blue.o
 *fill*         0x0800614b        0x1 
 .rodata        0x0800614c       0x9c ./Core/Src/dht11.o
 .rodata        0x080061e8       0x1c ./Core/Src/dht_bz.o
 .rodata        0x08006204       0x31 ./Core/Src/dht_lcd.o
 *(.rodata*)
 *fill*         0x08006235        0x3 
 .rodata.HALF_STEP_SEQ
                0x08006238       0x20 ./Core/Src/stepper.o
 .rodata.AHBPrescTable
                0x08006258       0x10 ./Core/Src/system_stm32f4xx.o
                0x08006258                AHBPrescTable
 .rodata.APBPrescTable
                0x08006268        0x8 ./Core/Src/system_stm32f4xx.o
                0x08006268                APBPrescTable
 .rodata._svfprintf_r.str1.1
                0x08006270       0x33 /opt/st/stm32cubeide_2.0.0/plugins/com.st.stm32cube.ide.mcu.externaltools.gnu-tools-for-stm32.13.3.rel1.linux64_1.0.100.202509120712/tools/bin/../lib/gcc/arm-none-eabi/13.3.1/../../../../arm-none-eabi/lib/thumb/v7e-m+fp/hard/libc_nano.a(libc_a-nano-svfprintf.o)
                                 0x11 (size before relaxing)
 .rodata._vfprintf_r.str1.1
                0x080062a3        0x0 /opt/st/stm32cubeide_2.0.0/plugins/com.st.stm32cube.ide.mcu.externaltools.gnu-tools-for-stm32.13.3.rel1.linux64_1.0.100.202509120712/tools/bin/../lib/gcc/arm-none-eabi/13.3.1/../../../../arm-none-eabi/lib/thumb/v7e-m+fp/hard/libc_nano.a(libc_a-nano-vfprintf.o)
                                 0x11 (size before relaxing)
 .rodata._printf_i.str1.1
                0x080062a3        0x0 /opt/st/stm32cubeide_2.0.0/plugins/com.st.stm32cube.ide.mcu.externaltools.gnu-tools-for-stm32.13.3.rel1.linux64_1.0.100.202509120712/tools/bin/../lib/gcc/arm-none-eabi/13.3.1/../../../../arm-none-eabi/lib/thumb/v7e-m+fp/hard/libc_nano.a(libc_a-nano-vfprintf_i.o)
                                 0x22 (size before relaxing)
                0x080062a4                        . = ALIGN (0x4)
 *fill*         0x080062a3        0x1 

.ARM.extab      0x080062a4        0x0
                0x080062a4                        . = ALIGN (0x4)
 *(.ARM.extab* .gnu.linkonce.armextab.*)
                0x080062a4                        . = ALIGN (0x4)

.ARM            0x080062a4        0x8
                0x080062a4                        . = ALIGN (0x4)
                0x080062a4                        __exidx_start = .
 *(.ARM.exidx*)
 .ARM.exidx     0x080062a4        0x8 /opt/st/stm32cubeide_2.0.0/plugins/com.st.stm32cube.ide.mcu.externaltools.gnu-tools-for-stm32.13.3.rel1.linux64_1.0.100.202509120712/tools/bin/../lib/gcc/arm-none-eabi/13.3.1/../../../../arm-none-eabi/lib/thumb/v7e-m+fp/hard/libc_nano.a(libc_a-memchr.o)
 .ARM.exidx     0x080062ac        0x0 /opt/st/stm32cubeide_2.0.0/plugins/com.st.stm32cube.ide.mcu.externaltools.gnu-tools-for-stm32.13.3.rel1.linux64_1.0.100.202509120712/tools/bin/../lib/gcc/arm-none-eabi/13.3.1/thumb/v7e-m+fp/hard/libgcc.a(_udivmoddi4.o)
                                  0x8 (size before relaxing)
                0x080062ac                        __exidx_end = .
                0x080062ac                        . = ALIGN (0x4)

.preinit_array  0x080062ac        0x0
                0x080062ac                        . = ALIGN (0x4)
                0x080062ac                        PROVIDE (__preinit_array_start = .)
 *(.preinit_array*)
                0x080062ac                        PROVIDE (__preinit_array_end = .)
                0x080062ac                        . = ALIGN (0x4)

.init_array     0x080062ac        0x4
                0x080062ac                        . = ALIGN (0x4)
                0x080062ac                        PROVIDE (__init_array_start = .)
 *(SORT_BY_NAME(.init_array.*))
 *(.init_array*)
 .init_array    0x080062ac        0x4 /opt/st/stm32cubeide_2.0.0/plugins/com.st.stm32cube.ide.mcu.externaltools.gnu-tools-for-stm32.13.3.rel1.linux64_1.0.100.202509120712/tools/bin/../lib/gcc/arm-none-eabi/13.3.1/thumb/v7e-m+fp/hard/crtbegin.o
                0x080062b0                        PROVIDE (__init_array_end = .)
                0x080062b0                        . = ALIGN (0x4)

.fini_array     0x080062b0        0x4
                0x080062b0                        . = ALIGN (0x4)
                [!provide]                        PROVIDE (__fini_array_start = .)
 *(SORT_BY_NAME(.fini_array.*))
 *(.fini_array*)
 .fini_array    0x080062b0        0x4 /opt/st/stm32cubeide_2.0.0/plugins/com.st.stm32cube.ide.mcu.externaltools.gnu-tools-for-stm32.13.3.rel1.linux64_1.0.100.202509120712/tools/bin/../lib/gcc/arm-none-eabi/13.3.1/thumb/v7e-m+fp/hard/crtbegin.o
                [!provide]                        PROVIDE (__fini_array_end = .)
                0x080062b4                        . = ALIGN (0x4)
                0x080062b4                        _sidata = LOADADDR (.data)

.rel.dyn        0x080062b4        0x0
 .rel.iplt      0x080062b4        0x0 /opt/st/stm32cubeide_2.0.0/plugins/com.st.stm32cube.ide.mcu.externaltools.gnu-tools-for-stm32.13.3.rel1.linux64_1.0.100.202509120712/tools/bin/../lib/gcc/arm-none-eabi/13.3.1/thumb/v7e-m+fp/hard/crtbegin.o

.data           0x20000000       0xe4 load address 0x080062b4
                0x20000000                        . = ALIGN (0x4)
                0x20000000                        _sdata = .
 *(.data)
 *(.data*)
 .data.button   0x20000000       0x78 ./Core/Src/button.o
 .data.currentFloor
                0x20000078        0x1 ./Core/Src/elevator.o
 .data.targetFloor
                0x20000079        0x1 ./Core/Src/elevator.o
 *fill*         0x2000007a        0x2 
 .data.SystemCoreClock
                0x2000007c        0x4 ./Core/Src/system_stm32f4xx.o
                0x2000007c                SystemCoreClock
 .data.uwTickPrio
                0x20000080        0x4 ./Drivers/STM32F4xx_HAL_Driver/Src/stm32f4xx_hal.o
                0x20000080                uwTickPrio
 .data.uwTickFreq
                0x20000084        0x1 ./Drivers/STM32F4xx_HAL_Driver/Src/stm32f4xx_hal.o
                0x20000084                uwTickFreq
 *fill*         0x20000085        0x3 
 .data.__sglue  0x20000088        0xc /opt/st/stm32cubeide_2.0.0/plugins/com.st.stm32cube.ide.mcu.externaltools.gnu-tools-for-stm32.13.3.rel1.linux64_1.0.100.202509120712/tools/bin/../lib/gcc/arm-none-eabi/13.3.1/../../../../arm-none-eabi/lib/thumb/v7e-m+fp/hard/libc_nano.a(libc_a-findfp.o)
                0x20000088                __sglue
 .data._impure_ptr
                0x20000094        0x4 /opt/st/stm32cubeide_2.0.0/plugins/com.st.stm32cube.ide.mcu.externaltools.gnu-tools-for-stm32.13.3.rel1.linux64_1.0.100.202509120712/tools/bin/../lib/gcc/arm-none-eabi/13.3.1/../../../../arm-none-eabi/lib/thumb/v7e-m+fp/hard/libc_nano.a(libc_a-impure.o)
                0x20000094                _impure_ptr
 .data._impure_data
                0x20000098       0x4c /opt/st/stm32cubeide_2.0.0/plugins/com.st.stm32cube.ide.mcu.externaltools.gnu-tools-for-stm32.13.3.rel1.linux64_1.0.100.202509120712/tools/bin/../lib/gcc/arm-none-eabi/13.3.1/../../../../arm-none-eabi/lib/thumb/v7e-m+fp/hard/libc_nano.a(libc_a-impure.o)
                0x20000098                _impure_data
 *(.RamFunc)
 *(.RamFunc*)
                0x200000e4                        . = ALIGN (0x4)
                0x200000e4                        _edata = .

.igot.plt       0x200000e4        0x0 load address 0x08006398
 .igot.plt      0x200000e4        0x0 /opt/st/stm32cubeide_2.0.0/plugins/com.st.stm32cube.ide.mcu.externaltools.gnu-tools-for-stm32.13.3.rel1.linux64_1.0.100.202509120712/tools/bin/../lib/gcc/arm-none-eabi/13.3.1/thumb/v7e-m+fp/hard/crtbegin.o
                0x200000e4                        . = ALIGN (0x4)

.bss            0x200000e4      0x350 load address 0x08006398
                0x200000e4                        _sbss = .
                0x200000e4                        __bss_start__ = _sbss
 *(.bss)
 .bss           0x200000e4       0x1c /opt/st/stm32cubeide_2.0.0/plugins/com.st.stm32cube.ide.mcu.externaltools.gnu-tools-for-stm32.13.3.rel1.linux64_1.0.100.202509120712/tools/bin/../lib/gcc/arm-none-eabi/13.3.1/thumb/v7e-m+fp/hard/crtbegin.o
 *(.bss*)
 .bss.lcd_mode  0x20000100        0x1 ./Core/Src/blue.o
 *fill*         0x20000101        0x3 
 .bss.lcd_until
                0x20000104        0x4 ./Core/Src/blue.o
 .bss.last_lcd_mode
                0x20000108        0x1 ./Core/Src/blue.o
 *fill*         0x20000109        0x3 
 .bss.lastEmgTick.0
                0x2000010c        0x4 ./Core/Src/blue.o
 .bss.buzzerOn  0x20000110        0x1 ./Core/Src/bz.o
 *fill*         0x20000111        0x3 
 .bss.buzzerTick
                0x20000114        0x4 ./Core/Src/bz.o
 .bss.buzzerDuration
                0x20000118        0x4 ./Core/Src/bz.o
 .bss.lastDhtTick
                0x2000011c        0x4 ./Core/Src/dht_lcd.o
 .bss.ElevatorState
                0x20000120        0x1 ./Core/Src/elevator.o
 *fill*         0x20000121        0x1 
 .bss.moveSteps
                0x20000122        0x2 ./Core/Src/elevator.o
 .bss.doorTick  0x20000124        0x4 ./Core/Src/elevator.o
 .bss.lastTick  0x20000128        0x4 ./Core/Src/hc.o
 .bss.ledHoldUntil
                0x2000012c        0x4 ./Core/Src/hc.o
 .bss.hi2c1     0x20000130       0x54 ./Core/Src/i2c.o
                0x20000130                hi2c1
 .bss.rxData    0x20000184        0x1 ./Core/Src/main.o
                0x20000184                rxData
 *fill*         0x20000185        0x3 
 .bss.hbz       0x20000188       0x18 ./Core/Src/main.o
                0x20000188                hbz
 .bss.hbt       0x200001a0        0xc ./Core/Src/main.o
                0x200001a0                hbt
 .bss.servoState
                0x200001ac        0x1 ./Core/Src/servo.o
 *fill*         0x200001ad        0x1 
 .bss.currentPosition
                0x200001ae        0x2 ./Core/Src/servo.o
 .bss.targetPosition
                0x200001b0        0x2 ./Core/Src/servo.o
 *fill*         0x200001b2        0x2 
 .bss.prevTime  0x200001b4        0x4 ./Core/Src/servo.o
 .bss.stepFlag  0x200001b8        0x1 ./Core/Src/stepper.o
 *fill*         0x200001b9        0x3 
 .bss.prevTick  0x200001bc        0x4 ./Core/Src/stepper.o
 .bss.__sbrk_heap_end
                0x200001c0        0x4 ./Core/Src/sysmem.o
 .bss.htim10    0x200001c4       0x48 ./Core/Src/tim.o
                0x200001c4                htim10
 .bss.htim11    0x2000020c       0x48 ./Core/Src/tim.o
                0x2000020c                htim11
 .bss.huart1    0x20000254       0x48 ./Core/Src/usart.o
                0x20000254                huart1
 .bss.huart2    0x2000029c       0x48 ./Core/Src/usart.o
                0x2000029c                huart2
 .bss.uwTick    0x200002e4        0x4 ./Drivers/STM32F4xx_HAL_Driver/Src/stm32f4xx_hal.o
                0x200002e4                uwTick
 .bss.__sf      0x200002e8      0x138 /opt/st/stm32cubeide_2.0.0/plugins/com.st.stm32cube.ide.mcu.externaltools.gnu-tools-for-stm32.13.3.rel1.linux64_1.0.100.202509120712/tools/bin/../lib/gcc/arm-none-eabi/13.3.1/../../../../arm-none-eabi/lib/thumb/v7e-m+fp/hard/libc_nano.a(libc_a-findfp.o)
                0x200002e8                __sf
 .bss.__stdio_exit_handler
                0x20000420        0x4 /opt/st/stm32cubeide_2.0.0/plugins/com.st.stm32cube.ide.mcu.externaltools.gnu-tools-for-stm32.13.3.rel1.linux64_1.0.100.202509120712/tools/bin/../lib/gcc/arm-none-eabi/13.3.1/../../../../arm-none-eabi/lib/thumb/v7e-m+fp/hard/libc_nano.a(libc_a-findfp.o)
                0x20000420                __stdio_exit_handler
 .bss.errno     0x20000424        0x4 /opt/st/stm32cubeide_2.0.0/plugins/com.st.stm32cube.ide.mcu.externaltools.gnu-tools-for-stm32.13.3.rel1.linux64_1.0.100.202509120712/tools/bin/../lib/gcc/arm-none-eabi/13.3.1/../../../../arm-none-eabi/lib/thumb/v7e-m+fp/hard/libc_nano.a(libc_a-reent.o)
                0x20000424                errno
 .bss.__lock___malloc_recursive_mutex
                0x20000428        0x1 /opt/st/stm32cubeide_2.0.0/plugins/com.st.stm32cube.ide.mcu.externaltools.gnu-tools-for-stm32.13.3.rel1.linux64_1.0.100.202509120712/tools/bin/../lib/gcc/arm-none-eabi/13.3.1/../../../../arm-none-eabi/lib/thumb/v7e-m+fp/hard/libc_nano.a(libc_a-lock.o)
                0x20000428                __lock___malloc_recursive_mutex
 .bss.__lock___sfp_recursive_mutex
                0x20000429        0x1 /opt/st/stm32cubeide_2.0.0/plugins/com.st.stm32cube.ide.mcu.externaltools.gnu-tools-for-stm32.13.3.rel1.linux64_1.0.100.202509120712/tools/bin/../lib/gcc/arm-none-eabi/13.3.1/../../../../arm-none-eabi/lib/thumb/v7e-m+fp/hard/libc_nano.a(libc_a-lock.o)
                0x20000429                __lock___sfp_recursive_mutex
 *fill*         0x2000042a        0x2 
 .bss.__malloc_sbrk_start
                0x2000042c        0x4 /opt/st/stm32cubeide_2.0.0/plugins/com.st.stm32cube.ide.mcu.externaltools.gnu-tools-for-stm32.13.3.rel1.linux64_1.0.100.202509120712/tools/bin/../lib/gcc/arm-none-eabi/13.3.1/../../../../arm-none-eabi/lib/thumb/v7e-m+fp/hard/libc_nano.a(libc_a-mallocr.o)
                0x2000042c                __malloc_sbrk_start
 .bss.__malloc_free_list
                0x20000430        0x4 /opt/st/stm32cubeide_2.0.0/plugins/com.st.stm32cube.ide.mcu.externaltools.gnu-tools-for-stm32.13.3.rel1.linux64_1.0.100.202509120712/tools/bin/../lib/gcc/arm-none-eabi/13.3.1/../../../../arm-none-eabi/lib/thumb/v7e-m+fp/hard/libc_nano.a(libc_a-mallocr.o)
                0x20000430                __malloc_free_list
 *(COMMON)
                0x20000434                        . = ALIGN (0x4)
                0x20000434                        _ebss = .
                0x20000434                        __bss_end__ = _ebss

._user_heap_stack
                0x20000434      0x604 load address 0x08006398
                0x20000438                        . = ALIGN (0x8)
 *fill*         0x20000434        0x4 
                [!provide]                        PROVIDE (end = .)
                0x20000438                        PROVIDE (_end = .)
                0x20000638                        . = (. + _Min_Heap_Size)
 *fill*         0x20000438      0x200 
                0x20000a38                        . = (. + _Min_Stack_Size)
 *fill*         0x20000638      0x400 
                0x20000a38                        . = ALIGN (0x8)

/DISCARD/
 libc.a(*)
 libm.a(*)
 libgcc.a(*)

.ARM.attributes
                0x00000000       0x30
 *(.ARM.attributes)
 .ARM.attributes
                0x00000000       0x22 /opt/st/stm32cubeide_2.0.0/plugins/com.st.stm32cube.ide.mcu.externaltools.gnu-tools-for-stm32.13.3.rel1.linux64_1.0.100.202509120712/tools/bin/../lib/gcc/arm-none-eabi/13.3.1/thumb/v7e-m+fp/hard/crti.o
 .ARM.attributes
                0x00000022       0x34 /opt/st/stm32cubeide_2.0.0/plugins/com.st.stm32cube.ide.mcu.externaltools.gnu-tools-for-stm32.13.3.rel1.linux64_1.0.100.202509120712/tools/bin/../lib/gcc/arm-none-eabi/13.3.1/thumb/v7e-m+fp/hard/crtbegin.o
 .ARM.attributes
                0x00000056       0x34 ./Core/Src/app.o
 .ARM.attributes
                0x0000008a       0x34 ./Core/Src/blue.o
 .ARM.attributes
                0x000000be       0x34 ./Core/Src/button.o
 .ARM.attributes
                0x000000f2       0x34 ./Core/Src/bz.o
 .ARM.attributes
                0x00000126       0x34 ./Core/Src/delay.o
 .ARM.attributes
                0x0000015a       0x34 ./Core/Src/dht11.o
 .ARM.attributes
                0x0000018e       0x34 ./Core/Src/dht_bz.o
 .ARM.attributes
                0x000001c2       0x34 ./Core/Src/dht_lcd.o
 .ARM.attributes
                0x000001f6       0x34 ./Core/Src/elevator.o
 .ARM.attributes
                0x0000022a       0x34 ./Core/Src/gpio.o
 .ARM.attributes
                0x0000025e       0x34 ./Core/Src/hc.o
 .ARM.attributes
                0x00000292       0x34 ./Core/Src/i2c.o
 .ARM.attributes
                0x000002c6       0x34 ./Core/Src/i2c_lcd.o
 .ARM.attributes
                0x000002fa       0x34 ./Core/Src/main.o
 .ARM.attributes
                0x0000032e       0x34 ./Core/Src/servo.o
 .ARM.attributes
                0x00000362       0x34 ./Core/Src/stepper.o
 .ARM.attributes
                0x00000396       0x34 ./Core/Src/stm32f4xx_hal_msp.o
 .ARM.attributes
                0x000003ca       0x34 ./Core/Src/stm32f4xx_it.o
 .ARM.attributes
                0x000003fe       0x34 ./Core/Src/syscalls.o
 .ARM.attributes
                0x00000432       0x34 ./Core/Src/sysmem.o
 .ARM.attributes
                0x00000466       0x34 ./Core/Src/system_stm32f4xx.o
 .ARM.attributes
                0x0000049a       0x34 ./Core/Src/tim.o
 .ARM.attributes
                0x000004ce       0x34 ./Core/Src/usart.o
 .ARM.attributes
                0x00000502       0x21 ./Core/Startup/startup_stm32f411retx.o
 .ARM.attributes
                0x00000523       0x34 ./Drivers/STM32F4xx_HAL_Driver/Src/stm32f4xx_hal.o
 .ARM.attributes
                0x00000557       0x34 ./Drivers/STM32F4xx_HAL_Driver/Src/stm32f4xx_hal_cortex.o
 .ARM.attributes
                0x0000058b       0x34 ./Drivers/STM32F4xx_HAL_Driver/Src/stm32f4xx_hal_dma.o
 .ARM.attributes
                0x000005bf       0x34 ./Drivers/STM32F4xx_HAL_Driver/Src/stm32f4xx_hal_gpio.o
 .ARM.attributes
                0x000005f3       0x34 ./Drivers/STM32F4xx_HAL_Driver/Src/stm32f4xx_hal_i2c.o
 .ARM.attributes
                0x00000627       0x34 ./Drivers/STM32F4xx_HAL_Driver/Src/stm32f4xx_hal_rcc.o
 .ARM.attributes
                0x0000065b       0x34 ./Drivers/STM32F4xx_HAL_Driver/Src/stm32f4xx_hal_tim.o
 .ARM.attributes
                0x0000068f       0x34 ./Drivers/STM32F4xx_HAL_Driver/Src/stm32f4xx_hal_uart.o
 .ARM.attributes
                0x000006c3       0x34 /opt/st/stm32cubeide_2.0.0/plugins/com.st.stm32cube.ide.mcu.externaltools.gnu-tools-for-stm32.13.3.rel1.linux64_1.0.100.202509120712/tools/bin/../lib/gcc/arm-none-eabi/13.3.1/../../../../arm-none-eabi/lib/thumb/v7e-m+fp/hard/libc_nano.a(libc_a-findfp.o)
 .ARM.attributes
                0x000006f7       0x34 /opt/st/stm32cubeide_2.0.0/plugins/com.st.stm32cube.ide.mcu.externaltools.gnu-tools-for-stm32.13.3.rel1.linux64_1.0.100.202509120712/tools/bin/../lib/gcc/arm-none-eabi/13.3.1/../../../../arm-none-eabi/lib/thumb/v7e-m+fp/hard/libc_nano.a(libc_a-fwalk.o)
 .ARM.attributes
                0x0000072b       0x34 /opt/st/stm32cubeide_2.0.0/plugins/com.st.stm32cube.ide.mcu.externaltools.gnu-tools-for-stm32.13.3.rel1.linux64_1.0.100.202509120712/tools/bin/../lib/gcc/arm-none-eabi/13.3.1/../../../../arm-none-eabi/lib/thumb/v7e-m+fp/hard/libc_nano.a(libc_a-printf.o)
 .ARM.attributes
                0x0000075f       0x34 /opt/st/stm32cubeide_2.0.0/plugins/com.st.stm32cube.ide.mcu.externaltools.gnu-tools-for-stm32.13.3.rel1.linux64_1.0.100.202509120712/tools/bin/../lib/gcc/arm-none-eabi/13.3.1/../../../../arm-none-eabi/lib/thumb/v7e-m+fp/hard/libc_nano.a(libc_a-puts.o)
 .ARM.attributes
                0x00000793       0x34 /opt/st/stm32cubeide_2.0.0/plugins/com.st.stm32cube.ide.mcu.externaltools.gnu-tools-for-stm32.13.3.rel1.linux64_1.0.100.202509120712/tools/bin/../lib/gcc/arm-none-eabi/13.3.1/../../../../arm-none-eabi/lib/thumb/v7e-m+fp/hard/libc_nano.a(libc_a-snprintf.o)
 .ARM.attributes
                0x000007c7       0x34 /opt/st/stm32cubeide_2.0.0/plugins/com.st.stm32cube.ide.mcu.externaltools.gnu-tools-for-stm32.13.3.rel1.linux64_1.0.100.202509120712/tools/bin/../lib/gcc/arm-none-eabi/13.3.1/../../../../arm-none-eabi/lib/thumb/v7e-m+fp/hard/libc_nano.a(libc_a-stdio.o)
 .ARM.attributes
                0x000007fb       0x34 /opt/st/stm32cubeide_2.0.0/plugins/com.st.stm32cube.ide.mcu.externaltools.gnu-tools-for-stm32.13.3.rel1.linux64_1.0.100.202509120712/tools/bin/../lib/gcc/arm-none-eabi/13.3.1/../../../../arm-none-eabi/lib/thumb/v7e-m+fp/hard/libc_nano.a(libc_a-wbuf.o)
 .ARM.attributes
                0x0000082f       0x34 /opt/st/stm32cubeide_2.0.0/plugins/com.st.stm32cube.ide.mcu.externaltools.gnu-tools-for-stm32.13.3.rel1.linux64_1.0.100.202509120712/tools/bin/../lib/gcc/arm-none-eabi/13.3.1/../../../../arm-none-eabi/lib/thumb/v7e-m+fp/hard/libc_nano.a(libc_a-wsetup.o)
 .ARM.attributes
                0x00000863       0x34 /opt/st/stm32cubeide_2.0.0/plugins/com.st.stm32cube.ide.mcu.externaltools.gnu-tools-for-stm32.13.3.rel1.linux64_1.0.100.202509120712/tools/bin/../lib/gcc/arm-none-eabi/13.3.1/../../../../arm-none-eabi/lib/thumb/v7e-m+fp/hard/libc_nano.a(libc_a-memset.o)
 .ARM.attributes
                0x00000897       0x34 /opt/st/stm32cubeide_2.0.0/plugins/com.st.stm32cube.ide.mcu.externaltools.gnu-tools-for-stm32.13.3.rel1.linux64_1.0.100.202509120712/tools/bin/../lib/gcc/arm-none-eabi/13.3.1/../../../../arm-none-eabi/lib/thumb/v7e-m+fp/hard/libc_nano.a(libc_a-closer.o)
 .ARM.attributes
                0x000008cb       0x34 /opt/st/stm32cubeide_2.0.0/plugins/com.st.stm32cube.ide.mcu.externaltools.gnu-tools-for-stm32.13.3.rel1.linux64_1.0.100.202509120712/tools/bin/../lib/gcc/arm-none-eabi/13.3.1/../../../../arm-none-eabi/lib/thumb/v7e-m+fp/hard/libc_nano.a(libc_a-reent.o)
 .ARM.attributes
                0x000008ff       0x34 /opt/st/stm32cubeide_2.0.0/plugins/com.st.stm32cube.ide.mcu.externaltools.gnu-tools-for-stm32.13.3.rel1.linux64_1.0.100.202509120712/tools/bin/../lib/gcc/arm-none-eabi/13.3.1/../../../../arm-none-eabi/lib/thumb/v7e-m+fp/hard/libc_nano.a(libc_a-impure.o)
 .ARM.attributes
                0x00000933       0x34 /opt/st/stm32cubeide_2.0.0/plugins/com.st.stm32cube.ide.mcu.externaltools.gnu-tools-for-stm32.13.3.rel1.linux64_1.0.100.202509120712/tools/bin/../lib/gcc/arm-none-eabi/13.3.1/../../../../arm-none-eabi/lib/thumb/v7e-m+fp/hard/libc_nano.a(libc_a-lseekr.o)
 .ARM.attributes
                0x00000967       0x34 /opt/st/stm32cubeide_2.0.0/plugins/com.st.stm32cube.ide.mcu.externaltools.gnu-tools-for-stm32.13.3.rel1.linux64_1.0.100.202509120712/tools/bin/../lib/gcc/arm-none-eabi/13.3.1/../../../../arm-none-eabi/lib/thumb/v7e-m+fp/hard/libc_nano.a(libc_a-readr.o)
 .ARM.attributes
                0x0000099b       0x34 /opt/st/stm32cubeide_2.0.0/plugins/com.st.stm32cube.ide.mcu.externaltools.gnu-tools-for-stm32.13.3.rel1.linux64_1.0.100.202509120712/tools/bin/../lib/gcc/arm-none-eabi/13.3.1/../../../../arm-none-eabi/lib/thumb/v7e-m+fp/hard/libc_nano.a(libc_a-writer.o)
 .ARM.attributes
                0x000009cf       0x34 /opt/st/stm32cubeide_2.0.0/plugins/com.st.stm32cube.ide.mcu.externaltools.gnu-tools-for-stm32.13.3.rel1.linux64_1.0.100.202509120712/tools/bin/../lib/gcc/arm-none-eabi/13.3.1/../../../../arm-none-eabi/lib/thumb/v7e-m+fp/hard/libc_nano.a(libc_a-errno.o)
 .ARM.attributes
                0x00000a03       0x34 /opt/st/stm32cubeide_2.0.0/plugins/com.st.stm32cube.ide.mcu.externaltools.gnu-tools-for-stm32.13.3.rel1.linux64_1.0.100.202509120712/tools/bin/../lib/gcc/arm-none-eabi/13.3.1/../../../../arm-none-eabi/lib/thumb/v7e-m+fp/hard/libc_nano.a(libc_a-init.o)
 .ARM.attributes
                0x00000a37       0x34 /opt/st/stm32cubeide_2.0.0/plugins/com.st.stm32cube.ide.mcu.externaltools.gnu-tools-for-stm32.13.3.rel1.linux64_1.0.100.202509120712/tools/bin/../lib/gcc/arm-none-eabi/13.3.1/../../../../arm-none-eabi/lib/thumb/v7e-m+fp/hard/libc_nano.a(libc_a-lock.o)
 .ARM.attributes
                0x00000a6b       0x34 /opt/st/stm32cubeide_2.0.0/plugins/com.st.stm32cube.ide.mcu.externaltools.gnu-tools-for-stm32.13.3.rel1.linux64_1.0.100.202509120712/tools/bin/../lib/gcc/arm-none-eabi/13.3.1/../../../../arm-none-eabi/lib/thumb/v7e-m+fp/hard/libc_nano.a(libc_a-freer.o)
 .ARM.attributes
                0x00000a9f       0x34 /opt/st/stm32cubeide_2.0.0/plugins/com.st.stm32cube.ide.mcu.externaltools.gnu-tools-for-stm32.13.3.rel1.linux64_1.0.100.202509120712/tools/bin/../lib/gcc/arm-none-eabi/13.3.1/../../../../arm-none-eabi/lib/thumb/v7e-m+fp/hard/libc_nano.a(libc_a-mallocr.o)
 .ARM.attributes
                0x00000ad3       0x34 /opt/st/stm32cubeide_2.0.0/plugins/com.st.stm32cube.ide.mcu.externaltools.gnu-tools-for-stm32.13.3.rel1.linux64_1.0.100.202509120712/tools/bin/../lib/gcc/arm-none-eabi/13.3.1/../../../../arm-none-eabi/lib/thumb/v7e-m+fp/hard/libc_nano.a(libc_a-mlock.o)
 .ARM.attributes
                0x00000b07       0x34 /opt/st/stm32cubeide_2.0.0/plugins/com.st.stm32cube.ide.mcu.externaltools.gnu-tools-for-stm32.13.3.rel1.linux64_1.0.100.202509120712/tools/bin/../lib/gcc/arm-none-eabi/13.3.1/../../../../arm-none-eabi/lib/thumb/v7e-m+fp/hard/libc_nano.a(libc_a-nano-svfprintf.o)
 .ARM.attributes
                0x00000b3b       0x34 /opt/st/stm32cubeide_2.0.0/plugins/com.st.stm32cube.ide.mcu.externaltools.gnu-tools-for-stm32.13.3.rel1.linux64_1.0.100.202509120712/tools/bin/../lib/gcc/arm-none-eabi/13.3.1/../../../../arm-none-eabi/lib/thumb/v7e-m+fp/hard/libc_nano.a(libc_a-nano-vfprintf.o)
 .ARM.attributes
                0x00000b6f       0x34 /opt/st/stm32cubeide_2.0.0/plugins/com.st.stm32cube.ide.mcu.externaltools.gnu-tools-for-stm32.13.3.rel1.linux64_1.0.100.202509120712/tools/bin/../lib/gcc/arm-none-eabi/13.3.1/../../../../arm-none-eabi/lib/thumb/v7e-m+fp/hard/libc_nano.a(libc_a-nano-vfprintf_i.o)
 .ARM.attributes
                0x00000ba3       0x34 /opt/st/stm32cubeide_2.0.0/plugins/com.st.stm32cube.ide.mcu.externaltools.gnu-tools-for-stm32.13.3.rel1.linux64_1.0.100.202509120712/tools/bin/../lib/gcc/arm-none-eabi/13.3.1/../../../../arm-none-eabi/lib/thumb/v7e-m+fp/hard/libc_nano.a(libc_a-fflush.o)
 .ARM.attributes
                0x00000bd7       0x34 /opt/st/stm32cubeide_2.0.0/plugins/com.st.stm32cube.ide.mcu.externaltools.gnu-tools-for-stm32.13.3.rel1.linux64_1.0.100.202509120712/tools/bin/../lib/gcc/arm-none-eabi/13.3.1/../../../../arm-none-eabi/lib/thumb/v7e-m+fp/hard/libc_nano.a(libc_a-makebuf.o)
 .ARM.attributes
                0x00000c0b       0x34 /opt/st/stm32cubeide_2.0.0/plugins/com.st.stm32cube.ide.mcu.externaltools.gnu-tools-for-stm32.13.3.rel1.linux64_1.0.100.202509120712/tools/bin/../lib/gcc/arm-none-eabi/13.3.1/../../../../arm-none-eabi/lib/thumb/v7e-m+fp/hard/libc_nano.a(libc_a-memmove.o)
 .ARM.attributes
                0x00000c3f       0x34 /opt/st/stm32cubeide_2.0.0/plugins/com.st.stm32cube.ide.mcu.externaltools.gnu-tools-for-stm32.13.3.rel1.linux64_1.0.100.202509120712/tools/bin/../lib/gcc/arm-none-eabi/13.3.1/../../../../arm-none-eabi/lib/thumb/v7e-m+fp/hard/libc_nano.a(libc_a-fstatr.o)
 .ARM.attributes
                0x00000c73       0x34 /opt/st/stm32cubeide_2.0.0/plugins/com.st.stm32cube.ide.mcu.externaltools.gnu-tools-for-stm32.13.3.rel1.linux64_1.0.100.202509120712/tools/bin/../lib/gcc/arm-none-eabi/13.3.1/../../../../arm-none-eabi/lib/thumb/v7e-m+fp/hard/libc_nano.a(libc_a-isattyr.o)
 .ARM.attributes
                0x00000ca7       0x34 /opt/st/stm32cubeide_2.0.0/plugins/com.st.stm32cube.ide.mcu.externaltools.gnu-tools-for-stm32.13.3.rel1.linux64_1.0.100.202509120712/tools/bin/../lib/gcc/arm-none-eabi/13.3.1/../../../../arm-none-eabi/lib/thumb/v7e-m+fp/hard/libc_nano.a(libc_a-sbrkr.o)
 .ARM.attributes
                0x00000cdb       0x1c /opt/st/stm32cubeide_2.0.0/plugins/com.st.stm32cube.ide.mcu.externaltools.gnu-tools-for-stm32.13.3.rel1.linux64_1.0.100.202509120712/tools/bin/../lib/gcc/arm-none-eabi/13.3.1/../../../../arm-none-eabi/lib/thumb/v7e-m+fp/hard/libc_nano.a(libc_a-memchr.o)
 .ARM.attributes
                0x00000cf7       0x34 /opt/st/stm32cubeide_2.0.0/plugins/com.st.stm32cube.ide.mcu.externaltools.gnu-tools-for-stm32.13.3.rel1.linux64_1.0.100.202509120712/tools/bin/../lib/gcc/arm-none-eabi/13.3.1/../../../../arm-none-eabi/lib/thumb/v7e-m+fp/hard/libc_nano.a(libc_a-memcpy-stub.o)
 .ARM.attributes
                0x00000d2b       0x34 /opt/st/stm32cubeide_2.0.0/plugins/com.st.stm32cube.ide.mcu.externaltools.gnu-tools-for-stm32.13.3.rel1.linux64_1.0.100.202509120712/tools/bin/../lib/gcc/arm-none-eabi/13.3.1/../../../../arm-none-eabi/lib/thumb/v7e-m+fp/hard/libc_nano.a(libc_a-reallocr.o)
 .ARM.attributes
                0x00000d5f       0x34 /opt/st/stm32cubeide_2.0.0/plugins/com.st.stm32cube.ide.mcu.externaltools.gnu-tools-for-stm32.13.3.rel1.linux64_1.0.100.202509120712/tools/bin/../lib/gcc/arm-none-eabi/13.3.1/../../../../arm-none-eabi/lib/thumb/v7e-m+fp/hard/libc_nano.a(libc_a-msizer.o)
 .ARM.attributes
                0x00000d93       0x22 /opt/st/stm32cubeide_2.0.0/plugins/com.st.stm32cube.ide.mcu.externaltools.gnu-tools-for-stm32.13.3.rel1.linux64_1.0.100.202509120712/tools/bin/../lib/gcc/arm-none-eabi/13.3.1/thumb/v7e-m+fp/hard/libgcc.a(_aeabi_uldivmod.o)
 .ARM.attributes
                0x00000db5       0x34 /opt/st/stm32cubeide_2.0.0/plugins/com.st.stm32cube.ide.mcu.externaltools.gnu-tools-for-stm32.13.3.rel1.linux64_1.0.100.202509120712/tools/bin/../lib/gcc/arm-none-eabi/13.3.1/thumb/v7e-m+fp/hard/libgcc.a(_udivmoddi4.o)
 .ARM.attributes
                0x00000de9       0x22 /opt/st/stm32cubeide_2.0.0/plugins/com.st.stm32cube.ide.mcu.externaltools.gnu-tools-for-stm32.13.3.rel1.linux64_1.0.100.202509120712/tools/bin/../lib/gcc/arm-none-eabi/13.3.1/thumb/v7e-m+fp/hard/libgcc.a(_dvmd_tls.o)
 .ARM.attributes
                0x00000e0b       0x22 /opt/st/stm32cubeide_2.0.0/plugins/com.st.stm32cube.ide.mcu.externaltools.gnu-tools-for-stm32.13.3.rel1.linux64_1.0.100.202509120712/tools/bin/../lib/gcc/arm-none-eabi/13.3.1/thumb/v7e-m+fp/hard/crtn.o
OUTPUT(project_yu_B.elf elf32-littlearm)
LOAD linker stubs
LOAD /opt/st/stm32cubeide_2.0.0/plugins/com.st.stm32cube.ide.mcu.externaltools.gnu-tools-for-stm32.13.3.rel1.linux64_1.0.100.202509120712/tools/bin/../lib/gcc/arm-none-eabi/13.3.1/../../../../arm-none-eabi/lib/thumb/v7e-m+fp/hard/libc.a
LOAD /opt/st/stm32cubeide_2.0.0/plugins/com.st.stm32cube.ide.mcu.externaltools.gnu-tools-for-stm32.13.3.rel1.linux64_1.0.100.202509120712/tools/bin/../lib/gcc/arm-none-eabi/13.3.1/../../../../arm-none-eabi/lib/thumb/v7e-m+fp/hard/libm.a
LOAD /opt/st/stm32cubeide_2.0.0/plugins/com.st.stm32cube.ide.mcu.externaltools.gnu-tools-for-stm32.13.3.rel1.linux64_1.0.100.202509120712/tools/bin/../lib/gcc/arm-none-eabi/13.3.1/thumb/v7e-m+fp/hard/libgcc.a

.debug_info     0x00000000    0x12920
 .debug_info    0x00000000      0x2ec ./Core/Src/app.o
 .debug_info    0x000002ec      0x896 ./Core/Src/blue.o
 .debug_info    0x00000b82      0x299 ./Core/Src/button.o
 .debug_info    0x00000e1b      0x23b ./Core/Src/bz.o
 .debug_info    0x00001056      0x662 ./Core/Src/delay.o
 .debug_info    0x000016b8      0xa98 ./Core/Src/dht11.o
 .debug_info    0x00002150      0x31b ./Core/Src/dht_bz.o
 .debug_info    0x0000246b      0x1a1 ./Core/Src/dht_lcd.o
 .debug_info    0x0000260c      0x24d ./Core/Src/elevator.o
 .debug_info    0x00002859      0x417 ./Core/Src/gpio.o
 .debug_info    0x00002c70      0x20e ./Core/Src/hc.o
 .debug_info    0x00002e7e      0x9a5 ./Core/Src/i2c.o
 .debug_info    0x00003823      0x761 ./Core/Src/i2c_lcd.o
 .debug_info    0x00003f84      0xd19 ./Core/Src/main.o
 .debug_info    0x00004c9d      0x2a9 ./Core/Src/servo.o
 .debug_info    0x00004f46      0x328 ./Core/Src/stepper.o
 .debug_info    0x0000526e      0x291 ./Core/Src/stm32f4xx_hal_msp.o
 .debug_info    0x000054ff      0x658 ./Core/Src/stm32f4xx_it.o
 .debug_info    0x00005b57      0x6a3 ./Core/Src/syscalls.o
 .debug_info    0x000061fa      0x168 ./Core/Src/sysmem.o
 .debug_info    0x00006362      0x53e ./Core/Src/system_stm32f4xx.o
 .debug_info    0x000068a0      0x915 ./Core/Src/tim.o
 .debug_info    0x000071b5      0xb86 ./Core/Src/usart.o
 .debug_info    0x00007d3b       0x30 ./Core/Startup/startup_stm32f411retx.o
 .debug_info    0x00007d6b      0x8c4 ./Drivers/STM32F4xx_HAL_Driver/Src/stm32f4xx_hal.o
 .debug_info    0x0000862f      0xcfc ./Drivers/STM32F4xx_HAL_Driver/Src/stm32f4xx_hal_cortex.o
 .debug_info    0x0000932b      0x8e6 ./Drivers/STM32F4xx_HAL_Driver/Src/stm32f4xx_hal_dma.o
 .debug_info    0x00009c11      0x6f9 ./Drivers/STM32F4xx_HAL_Driver/Src/stm32f4xx_hal_gpio.o
 .debug_info    0x0000a30a     0x2426 ./Drivers/STM32F4xx_HAL_Driver/Src/stm32f4xx_hal_i2c.o
 .debug_info    0x0000c730      0x904 ./Drivers/STM32F4xx_HAL_Driver/Src/stm32f4xx_hal_rcc.o
 .debug_info    0x0000d034     0x2996 ./Drivers/STM32F4xx_HAL_Driver/Src/stm32f4xx_hal_tim.o
 .debug_info    0x0000f9ca     0x2f56 ./Drivers/STM32F4xx_HAL_Driver/Src/stm32f4xx_hal_uart.o

.debug_abbrev   0x00000000     0x3803
 .debug_abbrev  0x00000000      0x113 ./Core/Src/app.o
 .debug_abbrev  0x00000113      0x204 ./Core/Src/blue.o
 .debug_abbrev  0x00000317      0x183 ./Core/Src/button.o
 .debug_abbrev  0x0000049a      0x147 ./Core/Src/bz.o
 .debug_abbrev  0x000005e1      0x182 ./Core/Src/delay.o
 .debug_abbrev  0x00000763      0x246 ./Core/Src/dht11.o
 .debug_abbrev  0x000009a9      0x1a7 ./Core/Src/dht_bz.o
 .debug_abbrev  0x00000b50      0x117 ./Core/Src/dht_lcd.o
 .debug_abbrev  0x00000c67      0x143 ./Core/Src/elevator.o
 .debug_abbrev  0x00000daa      0x151 ./Core/Src/gpio.o
 .debug_abbrev  0x00000efb      0x15d ./Core/Src/hc.o
 .debug_abbrev  0x00001058      0x1f0 ./Core/Src/i2c.o
 .debug_abbrev  0x00001248      0x1e1 ./Core/Src/i2c_lcd.o
 .debug_abbrev  0x00001429      0x296 ./Core/Src/main.o
 .debug_abbrev  0x000016bf      0x12d ./Core/Src/servo.o
 .debug_abbrev  0x000017ec      0x185 ./Core/Src/stepper.o
 .debug_abbrev  0x00001971       0xd8 ./Core/Src/stm32f4xx_hal_msp.o
 .debug_abbrev  0x00001a49      0x184 ./Core/Src/stm32f4xx_it.o
 .debug_abbrev  0x00001bcd      0x1b6 ./Core/Src/syscalls.o
 .debug_abbrev  0x00001d83       0xbc ./Core/Src/sysmem.o
 .debug_abbrev  0x00001e3f      0x11a ./Core/Src/system_stm32f4xx.o
 .debug_abbrev  0x00001f59      0x1f5 ./Core/Src/tim.o
 .debug_abbrev  0x0000214e      0x21d ./Core/Src/usart.o
 .debug_abbrev  0x0000236b       0x24 ./Core/Startup/startup_stm32f411retx.o
 .debug_abbrev  0x0000238f      0x24b ./Drivers/STM32F4xx_HAL_Driver/Src/stm32f4xx_hal.o
 .debug_abbrev  0x000025da      0x31d ./Drivers/STM32F4xx_HAL_Driver/Src/stm32f4xx_hal_cortex.o
 .debug_abbrev  0x000028f7      0x221 ./Drivers/STM32F4xx_HAL_Driver/Src/stm32f4xx_hal_dma.o
 .debug_abbrev  0x00002b18      0x1d3 ./Drivers/STM32F4xx_HAL_Driver/Src/stm32f4xx_hal_gpio.o
 .debug_abbrev  0x00002ceb      0x2bc ./Drivers/STM32F4xx_HAL_Driver/Src/stm32f4xx_hal_i2c.o
 .debug_abbrev  0x00002fa7      0x2b6 ./Drivers/STM32F4xx_HAL_Driver/Src/stm32f4xx_hal_rcc.o
 .debug_abbrev  0x0000325d      0x28b ./Drivers/STM32F4xx_HAL_Driver/Src/stm32f4xx_hal_tim.o
 .debug_abbrev  0x000034e8      0x31b ./Drivers/STM32F4xx_HAL_Driver/Src/stm32f4xx_hal_uart.o

.debug_aranges  0x00000000     0x1168
 .debug_aranges
                0x00000000       0x28 ./Core/Src/app.o
 .debug_aranges
                0x00000028       0x40 ./Core/Src/blue.o
 .debug_aranges
                0x00000068       0x28 ./Core/Src/button.o
 .debug_aranges
                0x00000090       0x38 ./Core/Src/bz.o
 .debug_aranges
                0x000000c8       0x20 ./Core/Src/delay.o
 .debug_aranges
                0x000000e8       0x30 ./Core/Src/dht11.o
 .debug_aranges
                0x00000118       0x28 ./Core/Src/dht_bz.o
 .debug_aranges
                0x00000140       0x28 ./Core/Src/dht_lcd.o
 .debug_aranges
                0x00000168       0x58 ./Core/Src/elevator.o
 .debug_aranges
                0x000001c0       0x20 ./Core/Src/gpio.o
 .debug_aranges
                0x000001e0       0x28 ./Core/Src/hc.o
 .debug_aranges
                0x00000208       0x30 ./Core/Src/i2c.o
 .debug_aranges
                0x00000238       0x40 ./Core/Src/i2c_lcd.o
 .debug_aranges
                0x00000278       0x40 ./Core/Src/main.o
 .debug_aranges
                0x000002b8       0x48 ./Core/Src/servo.o
 .debug_aranges
                0x00000300       0x40 ./Core/Src/stepper.o
 .debug_aranges
                0x00000340       0x20 ./Core/Src/stm32f4xx_hal_msp.o
 .debug_aranges
                0x00000360       0x70 ./Core/Src/stm32f4xx_it.o
 .debug_aranges
                0x000003d0       0xa8 ./Core/Src/syscalls.o
 .debug_aranges
                0x00000478       0x20 ./Core/Src/sysmem.o
 .debug_aranges
                0x00000498       0x28 ./Core/Src/system_stm32f4xx.o
 .debug_aranges
                0x000004c0       0x38 ./Core/Src/tim.o
 .debug_aranges
                0x000004f8       0x38 ./Core/Src/usart.o
 .debug_aranges
                0x00000530       0x28 ./Core/Startup/startup_stm32f411retx.o
 .debug_aranges
                0x00000558       0xf0 ./Drivers/STM32F4xx_HAL_Driver/Src/stm32f4xx_hal.o
 .debug_aranges
                0x00000648      0x130 ./Drivers/STM32F4xx_HAL_Driver/Src/stm32f4xx_hal_cortex.o
 .debug_aranges
                0x00000778       0x90 ./Drivers/STM32F4xx_HAL_Driver/Src/stm32f4xx_hal_dma.o
 .debug_aranges
                0x00000808       0x58 ./Drivers/STM32F4xx_HAL_Driver/Src/stm32f4xx_hal_gpio.o
 .debug_aranges
                0x00000860      0x2a8 ./Drivers/STM32F4xx_HAL_Driver/Src/stm32f4xx_hal_i2c.o
 .debug_aranges
                0x00000b08       0x88 ./Drivers/STM32F4xx_HAL_Driver/Src/stm32f4xx_hal_rcc.o
 .debug_aranges
                0x00000b90      0x3d0 ./Drivers/STM32F4xx_HAL_Driver/Src/stm32f4xx_hal_tim.o
 .debug_aranges
                0x00000f60      0x208 ./Drivers/STM32F4xx_HAL_Driver/Src/stm32f4xx_hal_uart.o

.debug_rnglists
                0x00000000      0xd4e
 .debug_rnglists
                0x00000000       0x1a ./Core/Src/app.o
 .debug_rnglists
                0x0000001a       0x2d ./Core/Src/blue.o
 .debug_rnglists
                0x00000047       0x1a ./Core/Src/button.o
 .debug_rnglists
                0x00000061       0x25 ./Core/Src/bz.o
 .debug_rnglists
                0x00000086       0x13 ./Core/Src/delay.o
 .debug_rnglists
                0x00000099       0x20 ./Core/Src/dht11.o
 .debug_rnglists
                0x000000b9       0x1a ./Core/Src/dht_bz.o
 .debug_rnglists
                0x000000d3       0x19 ./Core/Src/dht_lcd.o
 .debug_rnglists
                0x000000ec       0x3e ./Core/Src/elevator.o
 .debug_rnglists
                0x0000012a       0x14 ./Core/Src/gpio.o
 .debug_rnglists
                0x0000013e       0x19 ./Core/Src/hc.o
 .debug_rnglists
                0x00000157       0x20 ./Core/Src/i2c.o
 .debug_rnglists
                0x00000177       0x2b ./Core/Src/i2c_lcd.o
 .debug_rnglists
                0x000001a2       0x2d ./Core/Src/main.o
 .debug_rnglists
                0x000001cf       0x32 ./Core/Src/servo.o
 .debug_rnglists
                0x00000201       0x2b ./Core/Src/stepper.o
 .debug_rnglists
                0x0000022c       0x13 ./Core/Src/stm32f4xx_hal_msp.o
 .debug_rnglists
                0x0000023f       0x4f ./Core/Src/stm32f4xx_it.o
 .debug_rnglists
                0x0000028e       0x79 ./Core/Src/syscalls.o
 .debug_rnglists
                0x00000307       0x13 ./Core/Src/sysmem.o
 .debug_rnglists
                0x0000031a       0x1a ./Core/Src/system_stm32f4xx.o
 .debug_rnglists
                0x00000334       0x25 ./Core/Src/tim.o
 .debug_rnglists
                0x00000359       0x26 ./Core/Src/usart.o
 .debug_rnglists
                0x0000037f       0x19 ./Core/Startup/startup_stm32f411retx.o
 .debug_rnglists
                0x00000398       0xaf ./Drivers/STM32F4xx_HAL_Driver/Src/stm32f4xx_hal.o
 .debug_rnglists
                0x00000447       0xe0 ./Drivers/STM32F4xx_HAL_Driver/Src/stm32f4xx_hal_cortex.o
 .debug_rnglists
                0x00000527       0x70 ./Drivers/STM32F4xx_HAL_Driver/Src/stm32f4xx_hal_dma.o
 .debug_rnglists
                0x00000597       0x3f ./Drivers/STM32F4xx_HAL_Driver/Src/stm32f4xx_hal_gpio.o
 .debug_rnglists
                0x000005d6      0x23c ./Drivers/STM32F4xx_HAL_Driver/Src/stm32f4xx_hal_i2c.o
 .debug_rnglists
                0x00000812       0x66 ./Drivers/STM32F4xx_HAL_Driver/Src/stm32f4xx_hal_rcc.o
 .debug_rnglists
                0x00000878      0x31a ./Drivers/STM32F4xx_HAL_Driver/Src/stm32f4xx_hal_tim.o
 .debug_rnglists
                0x00000b92      0x1bc ./Drivers/STM32F4xx_HAL_Driver/Src/stm32f4xx_hal_uart.o

.debug_macro    0x00000000    0x19eca
 .debug_macro   0x00000000      0x239 ./Core/Src/app.o
 .debug_macro   0x00000239      0xad8 ./Core/Src/app.o
 .debug_macro   0x00000d11      0x2a1 ./Core/Src/app.o
 .debug_macro   0x00000fb2       0x2e ./Core/Src/app.o
 .debug_macro   0x00000fe0       0x28 ./Core/Src/app.o
 .debug_macro   0x00001008       0x22 ./Core/Src/app.o
 .debug_macro   0x0000102a       0x8e ./Core/Src/app.o
 .debug_macro   0x000010b8       0x51 ./Core/Src/app.o
 .debug_macro   0x00001109      0x103 ./Core/Src/app.o
 .debug_macro   0x0000120c       0x6a ./Core/Src/app.o
 .debug_macro   0x00001276      0x1df ./Core/Src/app.o
 .debug_macro   0x00001455       0x1c ./Core/Src/app.o
 .debug_macro   0x00001471       0x22 ./Core/Src/app.o
 .debug_macro   0x00001493       0xfb ./Core/Src/app.o
 .debug_macro   0x0000158e     0x1011 ./Core/Src/app.o
 .debug_macro   0x0000259f      0x11f ./Core/Src/app.o
 .debug_macro   0x000026be     0xb968 ./Core/Src/app.o
 .debug_macro   0x0000e026       0x6d ./Core/Src/app.o
 .debug_macro   0x0000e093     0x3693 ./Core/Src/app.o
 .debug_macro   0x00011726      0x190 ./Core/Src/app.o
 .debug_macro   0x000118b6       0x5c ./Core/Src/app.o
 .debug_macro   0x00011912      0x45c ./Core/Src/app.o
 .debug_macro   0x00011d6e      0x9e9 ./Core/Src/app.o
 .debug_macro   0x00012757      0x115 ./Core/Src/app.o
 .debug_macro   0x0001286c      0x11b ./Core/Src/app.o
 .debug_macro   0x00012987       0xa5 ./Core/Src/app.o
 .debug_macro   0x00012a2c      0x15f ./Core/Src/app.o
 .debug_macro   0x00012b8b      0x287 ./Core/Src/app.o
 .debug_macro   0x00012e12       0x5f ./Core/Src/app.o
 .debug_macro   0x00012e71      0x236 ./Core/Src/app.o
 .debug_macro   0x000130a7      0x132 ./Core/Src/app.o
 .debug_macro   0x000131d9      0x264 ./Core/Src/app.o
 .debug_macro   0x0001343d       0x2e ./Core/Src/app.o
 .debug_macro   0x0001346b      0x1b5 ./Core/Src/app.o
 .debug_macro   0x00013620       0x22 ./Core/Src/app.o
 .debug_macro   0x00013642       0xd6 ./Core/Src/app.o
 .debug_macro   0x00013718      0x127 ./Core/Src/app.o
 .debug_macro   0x0001383f       0x85 ./Core/Src/app.o
 .debug_macro   0x000138c4       0x89 ./Core/Src/app.o
 .debug_macro   0x0001394d      0x8ed ./Core/Src/app.o
 .debug_macro   0x0001423a       0x47 ./Core/Src/app.o
 .debug_macro   0x00014281      0x2aa ./Core/Src/app.o
 .debug_macro   0x0001452b      0x126 ./Core/Src/app.o
 .debug_macro   0x00014651       0x22 ./Core/Src/app.o
 .debug_macro   0x00014673       0x16 ./Core/Src/app.o
 .debug_macro   0x00014689       0x16 ./Core/Src/app.o
 .debug_macro   0x0001469f       0x4c ./Core/Src/app.o
 .debug_macro   0x000146eb      0x317 ./Core/Src/blue.o
 .debug_macro   0x00014a02       0x61 ./Core/Src/blue.o
 .debug_macro   0x00014a63       0x2a ./Core/Src/blue.o
 .debug_macro   0x00014a8d       0x43 ./Core/Src/blue.o
 .debug_macro   0x00014ad0       0x34 ./Core/Src/blue.o
 .debug_macro   0x00014b04       0x16 ./Core/Src/blue.o
 .debug_macro   0x00014b1a       0x3c ./Core/Src/blue.o
 .debug_macro   0x00014b56      0x370 ./Core/Src/blue.o
 .debug_macro   0x00014ec6       0x10 ./Core/Src/blue.o
 .debug_macro   0x00014ed6       0x16 ./Core/Src/blue.o
 .debug_macro   0x00014eec       0x4a ./Core/Src/blue.o
 .debug_macro   0x00014f36       0x34 ./Core/Src/blue.o
 .debug_macro   0x00014f6a       0x10 ./Core/Src/blue.o
 .debug_macro   0x00014f7a       0x58 ./Core/Src/blue.o
 .debug_macro   0x00014fd2       0x8e ./Core/Src/blue.o
 .debug_macro   0x00015060       0x1c ./Core/Src/blue.o
 .debug_macro   0x0001507c      0x185 ./Core/Src/blue.o
 .debug_macro   0x00015201       0x16 ./Core/Src/blue.o
 .debug_macro   0x00015217       0x16 ./Core/Src/blue.o
 .debug_macro   0x0001522d      0x146 ./Core/Src/blue.o
 .debug_macro   0x00015373       0x28 ./Core/Src/blue.o
 .debug_macro   0x0001539b      0x1ff ./Core/Src/button.o
 .debug_macro   0x0001559a       0x10 ./Core/Src/button.o
 .debug_macro   0x000155aa      0x1f6 ./Core/Src/bz.o
 .debug_macro   0x000157a0       0x10 ./Core/Src/bz.o