Archive member included to satisfy reference by file (symbol)

/opt/st/stm32cubeide_2.0.0/plugins/com.st.stm32cube.ide.mcu.externaltools.gnu-tools-for-stm32.13.3.rel1.linux64_1.0.100.202509120712/tools/bin/../lib/gcc/arm-none-eabi/13.3.1/../../../../arm-none-eabi/lib/thumb/v7e-m+fp/hard/libc_nano.a(libc_a-atoi.o)
                              ./Core/Src/resident_uart.o (atoi)
/opt/st/stm32cubeide_2.0.0/plugins/com.st.stm32cube.ide.mcu.externaltools.gnu-tools-for-stm32.13.3.rel1.linux64_1.0.100.202509120712/tools/bin/../lib/gcc/arm-none-eabi/13.3.1/../../../../arm-none-eabi/lib/thumb/v7e-m+fp/hard/libc_nano.a(libc_a-exit.o)
                              /opt/st/stm32cubeide_2.0.0/plugins/com.st.stm32cube.ide.mcu.externaltools.gnu-tools-for-stm32.13.3.rel1.linux64_1.0.100.202509120712/tools/bin/../lib/gcc/arm-none-eabi/13.3.1/../../../../arm-none-eabi/lib/thumb/v7e-m+fp/hard/crt0.o (exit)
/opt/st/stm32cubeide_2.0.0/plugins/com.st.stm32cube.ide.mcu.externaltools.gnu-tools-for-stm32.13.3.rel1.linux64_1.0.100.202509120712/tools/bin/../lib/gcc/arm-none-eabi/13.3.1/../../../../arm-none-eabi/lib/thumb/v7e-m+fp/hard/libc_nano.a(libc_a-strtol.o)
                              /opt/st/stm32cubeide_2.0.0/plugins/com.st.stm32cube.ide.mcu.externaltools.gnu-tools-for-stm32.13.3.rel1.linux64_1.0.100.202509120712/tools/bin/../lib/gcc/arm-none-eabi/13.3.1/../../../../arm-none-eabi/lib/thumb/v7e-m+fp/hard/libc_nano.a(libc_a-atoi.o) (_strtol_r)
/opt/st/stm32cubeide_2.0.0/plugins/com.st.stm32cube.ide.mcu.externaltools.gnu-tools-for-stm32.13.3.rel1.linux64_1.0.100.202509120712/tools/bin/../lib/gcc/arm-none-eabi/13.3.1/../../../../arm-none-eabi/lib/thumb/v7e-m+fp/hard/libc_nano.a(libc_a-ctype_.o)
                              ./Core/Src/resident_uart.o (_ctype_)
/opt/st/stm32cubeide_2.0.0/plugins/com.st.stm32cube.ide.mcu.externaltools.gnu-tools-for-stm32.13.3.rel1.linux64_1.0.100.202509120712/tools/bin/../lib/gcc/arm-none-eabi/13.3.1/../../../../arm-none-eabi/lib/thumb/v7e-m+fp/hard/libc_nano.a(libc_a-findfp.o)
                              /opt/st/stm32cubeide_2.0.0/plugins/com.st.stm32cube.ide.mcu.externaltools.gnu-tools-for-stm32.13.3.rel1.linux64_1.0.100.202509120712/tools/bin/../lib/gcc/arm-none-eabi/13.3.1/../../../../arm-none-eabi/lib/thumb/v7e-m+fp/hard/libc_nano.a(libc_a-exit.o) (__stdio_exit_handler)
/opt/st/stm32cubeide_2.0.0/plugins/com.st.stm32cube.ide.mcu.externaltools.gnu-tools-for-stm32.13.3.rel1.linux64_1.0.100.202509120712/tools/bin/../lib/gcc/arm-none-eabi/13.3.1/../../../../arm-none-eabi/lib/thumb/v7e-m+fp/hard/libc_nano.a(libc_a-fwalk.o)
                              /opt/st/stm32cubeide_2.0.0/plugins/com.st.stm32cube.ide.mcu.externaltools.gnu-tools-for-stm32.13.3.rel1.linux64_1.0.100.202509120712/tools/bin/../lib/gcc/arm-none-eabi/13.3.1/../../../../arm-none-eabi/lib/thumb/v7e-m+fp/hard/libc_nano.a(libc_a-findfp.o) (_fwalk_sglue)
/opt/st/stm32cubeide_2.0.0/plugins/com.st.stm32cube.ide.mcu.externaltools.gnu-tools-for-stm32.13.3.rel1.linux64_1.0.100.202509120712/tools/bin/../lib/gcc/arm-none-eabi/13.3.1/../../../../arm-none-eabi/lib/thumb/v7e-m+fp/hard/libc_nano.a(libc_a-snprintf.o)
                              ./Core/Src/elevator.o (snprintf)
/opt/st/stm32cubeide_2.0.0/plugins/com.st.stm32cube.ide.mcu.externaltools.gnu-tools-for-stm32.13.3.rel1.linux64_1.0.100.202509120712/tools/bin/../lib/gcc/arm-none-eabi/13.3.1/../../../../arm-none-eabi/lib/thumb/v7e-m+fp/hard/libc_nano.a(libc_a-stdio.o)
                              /opt/st/stm32cubeide_2.0.0/plugins/com.st.stm32cube.ide.mcu.externaltools.gnu-tools-for-stm32.13.3.rel1.linux64_1.0.100.202509120712/tools/bin/../lib/gcc/arm-none-eabi/13.3.1/../../../../arm-none-eabi/lib/thumb/v7e-m+fp/hard/libc_nano.a(libc_a-findfp.o) (__sread)
/opt/st/stm32cubeide_2.0.0/plugins/com.st.stm32cube.ide.mcu.externaltools.gnu-tools-for-stm32.13.3.rel1.linux64_1.0.100.202509120712/tools/bin/../lib/gcc/arm-none-eabi/13.3.1/../../../../arm-none-eabi/lib/thumb/v7e-m+fp/hard/libc_nano.a(libc_a-vsnprintf.o)
                              ./Core/Src/logger.o (vsnprintf)
/opt/st/stm32cubeide_2.0.0/plugins/com.st.stm32cube.ide.mcu.externaltools.gnu-tools-for-stm32.13.3.rel1.linux64_1.0.100.202509120712/tools/bin/../lib/gcc/arm-none-eabi/13.3.1/../../../../arm-none-eabi/lib/thumb/v7e-m+fp/hard/libc_nano.a(libc_a-memset.o)
                              /opt/st/stm32cubeide_2.0.0/plugins/com.st.stm32cube.ide.mcu.externaltools.gnu-tools-for-stm32.13.3.rel1.linux64_1.0.100.202509120712/tools/bin/../lib/gcc/arm-none-eabi/13.3.1/../../../../arm-none-eabi/lib/thumb/v7e-m+fp/hard/crt0.o (memset)
/opt/st/stm32cubeide_2.0.0/plugins/com.st.stm32cube.ide.mcu.externaltools.gnu-tools-for-stm32.13.3.rel1.linux64_1.0.100.202509120712/tools/bin/../lib/gcc/arm-none-eabi/13.3.1/../../../../arm-none-eabi/lib/thumb/v7e-m+fp/hard/libc_nano.a(libc_a-strncmp.o)
                              ./Core/Src/resident_uart.o (strncmp)
[...]
Memory Configuration

Name             Origin             Length             Attributes
RAM              0x20000000         0x00020000         xrw
FLASH            0x08000000         0x00080000         xr
*default*        0x00000000         0xffffffff

Linker script and memory map

LOAD /opt/st/stm32cubeide_2.0.0/plugins/com.st.stm32cube.ide.mcu.externaltools.gnu-tools-for-stm32.13.3.rel1.linux64_1.0.100.202509120712/tools/bin/../lib/gcc/arm-none-eabi/13.3.1/thumb/v7e-m+fp/hard/crti.o
LOAD /opt/st/stm32cubeide_2.0.0/plugins/com.st.stm32cube.ide.mcu.externaltools.gnu-tools-for-stm32.13.3.rel1.linux64_1.0.100.202509120712/tools/bin/../lib/gcc/arm-none-eabi/13.3.1/thumb/v7e-m+fp/hard/crtbegin.o
LOAD /opt/st/stm32cubeide_2.0.0/plugins/com.st.stm32cube.ide.mcu.externaltools.gnu-tools-for-stm32.13.3.rel1.linux64_1.0.100.202509120712/tools/bin/../lib/gcc/arm-none-eabi/13.3.1/../../../../arm-none-eabi/lib/thumb/v7e-m+fp/hard/crt0.o
LOAD ./Core/Src/app.o
LOAD ./Core/Src/button.o
LOAD ./Core/Src/delay.o
LOAD ./Core/Src/elevator.o
LOAD ./Core/Src/floor_fsm.o
LOAD ./Core/Src/fnd.o
LOAD ./Core/Src/gpio.o
LOAD ./Core/Src/i2c.o
LOAD ./Core/Src/led.o
LOAD ./Core/Src/logger.o
LOAD ./Core/Src/main.o
LOAD ./Core/Src/photo.o
LOAD ./Core/Src/resident_uart.o
LOAD ./Core/Src/servo.o
LOAD ./Core/Src/stepper.o
LOAD ./Core/Src/stm32f4xx_hal_msp.o
LOAD ./Core/Src/stm32f4xx_it.o
LOAD ./Core/Src/syscalls.o
LOAD ./Core/Src/sysmem.o
LOAD ./Core/Src/system_stm32f4xx.o
LOAD ./Core/Src/tim.o
LOAD ./Core/Src/usart.o
LOAD ./Core/Startup/startup_stm32f411retx.o
LOAD ./Drivers/STM32F4xx_HAL_Driver/Src/stm32f4xx_hal.o
LOAD ./Drivers/STM32F4xx_HAL_Driver/Src/stm32f4xx_hal_cortex.o
LOAD ./Drivers/STM32F4xx_HAL_Driver/Src/stm32f4xx_hal_dma.o
LOAD ./Drivers/STM32F4xx_HAL_Driver/Src/stm32f4xx_hal_dma_ex.o
LOAD ./Drivers/STM32F4xx_HAL_Driver/Src/stm32f4xx_hal_exti.o
LOAD ./Drivers/STM32F4xx_HAL_Driver/Src/stm32f4xx_hal_flash.o
LOAD ./Drivers/STM32F4xx_HAL_Driver/Src/stm32f4xx_hal_flash_ex.o
LOAD ./Drivers/STM32F4xx_HAL_Driver/Src/stm32f4xx_hal_flash_ramfunc.o
LOAD ./Drivers/STM32F4xx_HAL_Driver/Src/stm32f4xx_hal_gpio.o
LOAD ./Drivers/STM32F4xx_HAL_Driver/Src/stm32f4xx_hal_i2c.o
LOAD ./Drivers/STM32F4xx_HAL_Driver/Src/stm32f4xx_hal_i2c_ex.o
LOAD ./Drivers/STM32F4xx_HAL_Driver/Src/stm32f4xx_hal_pwr.o
LOAD ./Drivers/STM32F4xx_HAL_Driver/Src/stm32f4xx_hal_pwr_ex.o
LOAD ./Drivers/STM32F4xx_HAL_Driver/Src/stm32f4xx_hal_rcc.o
LOAD ./Drivers/STM32F4xx_HAL_Driver/Src/stm32f4xx_hal_rcc_ex.o
LOAD ./Drivers/STM32F4xx_HAL_Driver/Src/stm32f4xx_hal_tim.o
LOAD ./Drivers/STM32F4xx_HAL_Driver/Src/stm32f4xx_hal_tim_ex.o
LOAD ./Drivers/STM32F4xx_HAL_Driver/Src/stm32f4xx_hal_uart.o
START GROUP
LOAD /opt/st/stm32cubeide_2.0.0/plugins/com.st.stm32cube.ide.mcu.externaltools.gnu-tools-for-stm32.13.3.rel1.linux64_1.0.100.202509120712/tools/bin/../lib/gcc/arm-none-eabi/13.3.1/../../../../arm-none-eabi/lib/thumb/v7e-m+fp/hard/libc_nano.a
LOAD /opt/st/stm32cubeide_2.0.0/plugins/com.st.stm32cube.ide.mcu.externaltools.gnu-tools-for-stm32.13.3.rel1.linux64_1.0.100.202509120712/tools/bin/../lib/gcc/arm-none-eabi/13.3.1/../../../../arm-none-eabi/lib/thumb/v7e-m+fp/hard/libm.a
END GROUP
START GROUP
LOAD /opt/st/stm32cubeide_2.0.0/plugins/com.st.stm32cube.ide.mcu.externaltools.gnu-tools-for-stm32.13.3.rel1.linux64_1.0.100.202509120712/tools/bin/../lib/gcc/arm-none-eabi/13.3.1/thumb/v7e-m+fp/hard/libgcc.a
LOAD /opt/st/stm32cubeide_2.0.0/plugins/com.st.stm32cube.ide.mcu.externaltools.gnu-tools-for-stm32.13.3.rel1.linux64_1.0.100.202509120712/tools/bin/../lib/gcc/arm-none-eabi/13.3.1/../../../../arm-none-eabi/lib/thumb/v7e-m+fp/hard/libc_nano.a
END GROUP
START GROUP
LOAD /opt/st/stm32cubeide_2.0.0/plugins/com.st.stm32cube.ide.mcu.externaltools.gnu-tools-for-stm32.13.3.rel1.linux64_1.0.100.202509120712/tools/bin/../lib/gcc/arm-none-eabi/13.3.1/thumb/v7e-m+fp/hard/libgcc.a
LOAD /opt/st/stm32cubeide_2.0.0/plugins/com.st.stm32cube.ide.mcu.externaltools.gnu-tools-for-stm32.13.3.rel1.linux64_1.0.100.202509120712/tools/bin/../lib/gcc/arm-none-eabi/13.3.1/../../../../arm-none-eabi/lib/thumb/v7e-m+fp/hard/libc_nano.a
LOAD /opt/st/stm32cubeide_2.0.0/plugins/com.st.stm32cube.ide.mcu.externaltools.gnu-tools-for-stm32.13.3.rel1.linux64_1.0.100.202509120712/tools/bin/../lib/gcc/arm-none-eabi/13.3.1/../../../../arm-none-eabi/lib/thumb/v7e-m+fp/hard/libnosys.a
END GROUP
START GROUP
LOAD /opt/st/stm32cubeide_2.0.0/plugins/com.st.stm32cube.ide.mcu.externaltools.gnu-tools-for-stm32.13.3.rel1.linux64_1.0.100.202509120712/tools/bin/../lib/gcc/arm-none-eabi/13.3.1/thumb/v7e-m+fp/hard/libgcc.a
LOAD /opt/st/stm32cubeide_2.0.0/plugins/com.st.stm32cube.ide.mcu.externaltools.gnu-tools-for-stm32.13.3.rel1.linux64_1.0.100.202509120712/tools/bin/../lib/gcc/arm-none-eabi/13.3.1/../../../../arm-none-eabi/lib/thumb/v7e-m+fp/hard/libc_nano.a
LOAD /opt/st/stm32cubeide_2.0.0/plugins/com.st.stm32cube.ide.mcu.externaltools.gnu-tools-for-stm32.13.3.rel1.linux64_1.0.100.202509120712/tools/bin/../lib/gcc/arm-none-eabi/13.3.1/../../../../arm-none-eabi/lib/thumb/v7e-m+fp/hard/libnosys.a
END GROUP
LOAD /opt/st/stm32cubeide_2.0.0/plugins/com.st.stm32cube.ide.mcu.externaltools.gnu-tools-for-stm32.13.3.rel1.linux64_1.0.100.202509120712/tools/bin/../lib/gcc/arm-none-eabi/13.3.1/thumb/v7e-m+fp/hard/crtend.o
LOAD /opt/st/stm32cubeide_2.0.0/plugins/com.st.stm32cube.ide.mcu.externaltools.gnu-tools-for-stm32.13.3.rel1.linux64_1.0.100.202509120712/tools/bin/../lib/gcc/arm-none-eabi/13.3.1/thumb/v7e-m+fp/hard/crtn.o
                0x20020000                        _estack = (ORIGIN (RAM) + LENGTH (RAM))
                0x00000200                        _Min_Heap_Size = 0x200
                0x00000400                        _Min_Stack_Size = 0x400

.isr_vector     0x08000000      0x198
                0x08000000                        . = ALIGN (0x4)
 *(.isr_vector)
 .isr_vector    0x08000000      0x198 ./Core/Startup/startup_stm32f411retx.o
                0x08000000                g_pfnVectors
                0x08000198                        . = ALIGN (0x4)

.text           0x080001a0     0x670c
                0x080001a0                        . = ALIGN (0x4)
 *(.text)
 .text          0x080001a0       0x40 /opt/st/stm32cubeide_2.0.0/plugins/com.st.stm32cube.ide.mcu.externaltools.gnu-tools-for-stm32.13.3.rel1.linux64_1.0.100.202509120712/tools/bin/../lib/gcc/arm-none-eabi/13.3.1/thumb/v7e-m+fp/hard/crtbegin.o
 .text          0x080001e0       0xa0 /opt/st/stm32cubeide_2.0.0/plugins/com.st.stm32cube.ide.mcu.externaltools.gnu-tools-for-stm32.13.3.rel1.linux64_1.0.100.202509120712/tools/bin/../lib/gcc/arm-none-eabi/13.3.1/../../../../arm-none-eabi/lib/thumb/v7e-m+fp/hard/libc_nano.a(libc_a-memchr.o)
                0x080001e0                memchr
 .text          0x08000280       0x30 /opt/st/stm32cubeide_2.0.0/plugins/com.st.stm32cube.ide.mcu.externaltools.gnu-tools-for-stm32.13.3.rel1.linux64_1.0.100.202509120712/tools/bin/../lib/gcc/arm-none-eabi/13.3.1/thumb/v7e-m+fp/hard/libgcc.a(_aeabi_uldivmod.o)
                0x08000280                __aeabi_uldivmod
 .text          0x080002b0      0x2f8 /opt/st/stm32cubeide_2.0.0/plugins/com.st.stm32cube.ide.mcu.externaltools.gnu-tools-for-stm32.13.3.rel1.linux64_1.0.100.202509120712/tools/bin/../lib/gcc/arm-none-eabi/13.3.1/thumb/v7e-m+fp/hard/libgcc.a(_udivmoddi4.o)
                0x080002b0                __udivmoddi4
 .text          0x080005a8        0x4 /opt/st/stm32cubeide_2.0.0/plugins/com.st.stm32cube.ide.mcu.externaltools.gnu-tools-for-stm32.13.3.rel1.linux64_1.0.100.202509120712/tools/bin/../lib/gcc/arm-none-eabi/13.3.1/thumb/v7e-m+fp/hard/libgcc.a(_dvmd_tls.o)
                0x080005a8                __aeabi_ldiv0
                0x080005a8                __aeabi_idiv0
 *(.text*)
 .text.App_Init
                0x080005ac       0x40 ./Core/Src/app.o
                0x080005ac                App_Init
 .text.App_Task
                0x080005ec       0x44 ./Core/Src/app.o
                0x080005ec                App_Task
 .text.ButtonInit
                0x08000630       0x88 ./Core/Src/button.o
                0x08000630                ButtonInit
 .text.Button_GetPressed
                0x080006b8      0x11c ./Core/Src/button.o
                0x080006b8                Button_GetPressed
 .text.delay_us
                0x080007d4       0x38 ./Core/Src/delay.o
                0x080007d4                delay_us
 .text.ClearAllRequests
                0x0800080c       0x50 ./Core/Src/elevator.o
 .text.ShouldStopHere
                0x0800085c       0x74 ./Core/Src/elevator.o
 .text.ConsumeStopRequests
                0x080008d0       0x3c ./Core/Src/elevator.o
 .text.PickNextTarget
                0x0800090c      0x1f8 ./Core/Src/elevator.o
 .text.StartMoveTo
                0x08000b04       0x94 ./Core/Src/elevator.o
 .text.UpdateFloorFromPhoto
                0x08000b98       0x44 ./Core/Src/elevator.o
 .text.ReachedTarget
                0x08000bdc       0x54 ./Core/Src/elevator.o
 .text.Elevator_Init
                0x08000c30       0x40 ./Core/Src/elevator.o
                0x08000c30                Elevator_Init
 .text.Elevator_RequestCar
                0x08000c70       0x3c ./Core/Src/elevator.o
                0x08000c70                Elevator_RequestCar
 .text.Elevator_InputTask
                0x08000cac      0x114 ./Core/Src/elevator.o
                0x08000cac                Elevator_InputTask
 .text.Elevator_Task
                0x08000dc0      0x298 ./Core/Src/elevator.o
                0x08000dc0                Elevator_Task
 .text.Elevator_GetCurrentFloor
                0x08001058       0x18 ./Core/Src/elevator.o
                0x08001058                Elevator_GetCurrentFloor
 .text.Elevator_GetState
                0x08001070       0x18 ./Core/Src/elevator.o
                0x08001070                Elevator_GetState
 .text.Elevator_ResumeFromEMG
                0x08001088       0x20 ./Core/Src/elevator.o
                0x08001088                Elevator_ResumeFromEMG
 .text.Elevator_GetQueueString
                0x080010a8      0x174 ./Core/Src/elevator.o
                0x080010a8                Elevator_GetQueueString
 .text.dataOut  0x0800121c       0x94 ./Core/Src/fnd.o
 .text.DIG_Select
                0x080012b0       0x6c ./Core/Src/fnd.o
 .text.DIG_Off  0x0800131c       0x3c ./Core/Src/fnd.o
 .text.setFndState
                0x08001358       0x64 ./Core/Src/fnd.o
                0x08001358                setFndState
 .text.displayScan
                0x080013bc       0x48 ./Core/Src/fnd.o
                0x080013bc                displayScan
 .text.MX_GPIO_Init
                0x08001404      0x204 ./Core/Src/gpio.o
                0x08001404                MX_GPIO_Init
 .text.MX_I2C1_Init
                0x08001608       0x5c ./Core/Src/i2c.o
                0x08001608                MX_I2C1_Init
 .text.HAL_I2C_MspInit
                0x08001664       0x90 ./Core/Src/i2c.o
                0x08001664                HAL_I2C_MspInit
 .text.dataOut  0x080016f4       0x8c ./Core/Src/led.o
 .text.ResetAnimation
                0x08001780       0x44 ./Core/Src/led.o
 .text.LED_Init
                0x080017c4        0xe ./Core/Src/led.o
                0x080017c4                LED_Init
 *fill*         0x080017d2        0x2 
 .text.ledUp    0x080017d4       0x90 ./Core/Src/led.o
                0x080017d4                ledUp
 .text.ledDown  0x08001864       0x90 ./Core/Src/led.o
                0x08001864                ledDown
 .text.ledOff   0x080018f4       0x20 ./Core/Src/led.o
                0x080018f4                ledOff
 .text.Log_Init
                0x08001914       0x20 ./Core/Src/logger.o
                0x08001914                Log_Init
 .text.Log_Printf
                0x08001934       0x74 ./Core/Src/logger.o
                0x08001934                Log_Printf
 .text.HAL_GPIO_EXTI_Callback
                0x080019a8       0x1a ./Core/Src/main.o
                0x080019a8                HAL_GPIO_EXTI_Callback
 *fill*         0x080019c2        0x2 
 .text.main     0x080019c4       0x4c ./Core/Src/main.o
                0x080019c4                main
 .text.SystemClock_Config
                0x08001a10       0xd0 ./Core/Src/main.o
                0x08001a10                SystemClock_Config
 .text.Error_Handler
                0x08001ae0        0xc ./Core/Src/main.o
                0x08001ae0                Error_Handler
 .text.Detected
                0x08001aec       0x2a ./Core/Src/photo.o
 *fill*         0x08001b16        0x2 
 .text.ReadNow  0x08001b18       0x50 ./Core/Src/photo.o
 .text.DecodeFSM
                0x08001b68       0x92 ./Core/Src/photo.o
 *fill*         0x08001bfa        0x2 
 .text.Photo_Init
                0x08001bfc       0x4c ./Core/Src/photo.o
                0x08001bfc                Photo_Init
 .text.Photo_OnExti
                0x08001c48       0x58 ./Core/Src/photo.o
                0x08001c48                Photo_OnExti
 .text.Photo_Task
                0x08001ca0       0xe4 ./Core/Src/photo.o
                0x08001ca0                Photo_Task
 .text.Photo_GetRaw
                0x08001d84       0x50 ./Core/Src/photo.o
                0x08001d84                Photo_GetRaw
 .text.Photo_GetFSM
                0x08001dd4       0x38 ./Core/Src/photo.o
                0x08001dd4                Photo_GetFSM
 .text.StartRxIT
                0x08001e0c       0x28 ./Core/Src/resident_uart.o
 .text.StateToStr
                0x08001e34       0x80 ./Core/Src/resident_uart.o
 .text.PhotoToStr
                0x08001eb4       0x80 ./Core/Src/resident_uart.o
 .text.SimpleStateStr
                0x08001f34       0x74 ./Core/Src/resident_uart.o
 .text.Resident_AutoSendSimpleState
                0x08001fa8       0x40 ./Core/Src/resident_uart.o
 .text.PrintHelp
                0x08001fe8       0x14 ./Core/Src/resident_uart.o
 .text.PrintStatus
                0x08001ffc       0xe8 ./Core/Src/resident_uart.o
 .text.StrToUpper
                0x080020e4       0x50 ./Core/Src/resident_uart.o
 .text.HandleLine
                0x08002134      0x130 ./Core/Src/resident_uart.o
 .text.ResidentUART_Init
                0x08002264       0x40 ./Core/Src/resident_uart.o
                0x08002264                ResidentUART_Init
 .text.ResidentUART_Task
                0x080022a4        0xc ./Core/Src/resident_uart.o
                0x080022a4                ResidentUART_Task
 .text.HAL_UART_RxCpltCallback
                0x080022b0       0x90 ./Core/Src/resident_uart.o
                0x080022b0                HAL_UART_RxCpltCallback
 .text.Servo_Init
                0x08002340       0x40 ./Core/Src/servo.o
                0x08002340                Servo_Init
 .text.Servo_Open
                0x08002380       0x24 ./Core/Src/servo.o
                0x08002380                Servo_Open
 .text.Servo_Close
                0x080023a4       0x24 ./Core/Src/servo.o
                0x080023a4                Servo_Close
 .text.Servo_Run
                0x080023c8       0x88 ./Core/Src/servo.o
                0x080023c8                Servo_Run
 .text.Servo_IsOpened
                0x08002450       0x20 ./Core/Src/servo.o
                0x08002450                Servo_IsOpened
 .text.Servo_IsClosed
                0x08002470       0x20 ./Core/Src/servo.o
                0x08002470                Servo_IsClosed
 .text.Stepper_WritePhase
                0x08002490       0x98 ./Core/Src/stepper.o
 .text.Stepper_Init
                0x08002528       0x3c ./Core/Src/stepper.o
                0x08002528                Stepper_Init
 .text.Stepper_StartContinuous
                0x08002564       0x2c ./Core/Src/stepper.o
                0x08002564                Stepper_StartContinuous
 .text.Stepper_Stop
                0x08002590       0x18 ./Core/Src/stepper.o
                0x08002590                Stepper_Stop
 .text.Stepper_Task
                0x080025a8       0x88 ./Core/Src/stepper.o
                0x080025a8                Stepper_Task
 .text.HAL_MspInit
                0x08002630       0x50 ./Core/Src/stm32f4xx_hal_msp.o
                0x08002630                HAL_MspInit
 .text.NMI_Handler
                0x08002680        0x8 ./Core/Src/stm32f4xx_it.o
                0x08002680                NMI_Handler
 .text.HardFault_Handler
                0x08002688        0x8 ./Core/Src/stm32f4xx_it.o
                0x08002688                HardFault_Handler
 .text.MemManage_Handler
                0x08002690        0x8 ./Core/Src/stm32f4xx_it.o
                0x08002690                MemManage_Handler
 .text.BusFault_Handler
                0x08002698        0x8 ./Core/Src/stm32f4xx_it.o
                0x08002698                BusFault_Handler
 .text.UsageFault_Handler
                0x080026a0        0x8 ./Core/Src/stm32f4xx_it.o
                0x080026a0                UsageFault_Handler
 .text.SVC_Handler
                0x080026a8        0xe ./Core/Src/stm32f4xx_it.o
                0x080026a8                SVC_Handler
 .text.DebugMon_Handler
                0x080026b6        0xe ./Core/Src/stm32f4xx_it.o
                0x080026b6                DebugMon_Handler
 .text.PendSV_Handler
                0x080026c4        0xe ./Core/Src/stm32f4xx_it.o
                0x080026c4                PendSV_Handler
 .text.SysTick_Handler
                0x080026d2        0xc ./Core/Src/stm32f4xx_it.o
                0x080026d2                SysTick_Handler
 .text.EXTI9_5_IRQHandler
                0x080026de        0xe ./Core/Src/stm32f4xx_it.o
                0x080026de                EXTI9_5_IRQHandler
 .text.USART2_IRQHandler
                0x080026ec       0x14 ./Core/Src/stm32f4xx_it.o
                0x080026ec                USART2_IRQHandler
 .text.EXTI15_10_IRQHandler
                0x08002700       0x18 ./Core/Src/stm32f4xx_it.o
                0x08002700                EXTI15_10_IRQHandler
 .text._sbrk    0x08002718       0x6c ./Core/Src/sysmem.o
                0x08002718                _sbrk
 .text.SystemInit
                0x08002784       0x24 ./Core/Src/system_stm32f4xx.o
                0x08002784                SystemInit
 .text.MX_TIM1_Init
                0x080027a8      0x144 ./Core/Src/tim.o
                0x080027a8                MX_TIM1_Init
 .text.MX_TIM11_Init
                0x080028ec       0x48 ./Core/Src/tim.o
                0x080028ec                MX_TIM11_Init
 .text.HAL_TIM_Base_MspInit
                0x08002934       0x70 ./Core/Src/tim.o
                0x08002934                HAL_TIM_Base_MspInit
 .text.HAL_TIM_MspPostInit
                0x080029a4       0x74 ./Core/Src/tim.o
                0x080029a4                HAL_TIM_MspPostInit
 .text.MX_USART2_UART_Init
                0x08002a18       0x54 ./Core/Src/usart.o
                0x08002a18                MX_USART2_UART_Init
 .text.HAL_UART_MspInit
                0x08002a6c       0xa0 ./Core/Src/usart.o
                0x08002a6c                HAL_UART_MspInit
 .text.Reset_Handler
                0x08002b0c       0x50 ./Core/Startup/startup_stm32f411retx.o
                0x08002b0c                Reset_Handler
 .text.Default_Handler
                0x08002b5c        0x2 ./Core/Startup/startup_stm32f411retx.o
                0x08002b5c                RTC_Alarm_IRQHandler
                0x08002b5c                EXTI2_IRQHandler
                0x08002b5c                SPI4_IRQHandler
                0x08002b5c                TIM1_CC_IRQHandler
                0x08002b5c                DMA2_Stream5_IRQHandler
                0x08002b5c                DMA1_Stream5_IRQHandler
                0x08002b5c                PVD_IRQHandler
                0x08002b5c                SDIO_IRQHandler
                0x08002b5c                TAMP_STAMP_IRQHandler
                0x08002b5c                EXTI3_IRQHandler
                0x08002b5c                TIM1_UP_TIM10_IRQHandler
                0x08002b5c                I2C3_ER_IRQHandler
                0x08002b5c                EXTI0_IRQHandler
                0x08002b5c                I2C2_EV_IRQHandler
                0x08002b5c                DMA1_Stream2_IRQHandler
                0x08002b5c                FPU_IRQHandler
                0x08002b5c                DMA2_Stream2_IRQHandler
                0x08002b5c                SPI1_IRQHandler
                0x08002b5c                TIM1_BRK_TIM9_IRQHandler
                0x08002b5c                DMA2_Stream3_IRQHandler
                0x08002b5c                USART6_IRQHandler
                0x08002b5c                DMA2_Stream0_IRQHandler
                0x08002b5c                TIM4_IRQHandler
                0x08002b5c                I2C1_EV_IRQHandler
                0x08002b5c                DMA1_Stream6_IRQHandler
                0x08002b5c                DMA1_Stream1_IRQHandler
                0x08002b5c                TIM3_IRQHandler
                0x08002b5c                RCC_IRQHandler
                0x08002b5c                Default_Handler
                0x08002b5c                ADC_IRQHandler
                0x08002b5c                DMA1_Stream7_IRQHandler
                0x08002b5c                SPI5_IRQHandler
                0x08002b5c                TIM5_IRQHandler
                0x08002b5c                DMA2_Stream7_IRQHandler
                0x08002b5c                I2C3_EV_IRQHandler
                0x08002b5c                RTC_WKUP_IRQHandler
                0x08002b5c                SPI2_IRQHandler
                0x08002b5c                DMA1_Stream0_IRQHandler
                0x08002b5c                EXTI4_IRQHandler
                0x08002b5c                WWDG_IRQHandler
                0x08002b5c                TIM2_IRQHandler
                0x08002b5c                OTG_FS_WKUP_IRQHandler
                0x08002b5c                TIM1_TRG_COM_TIM11_IRQHandler
                0x08002b5c                EXTI1_IRQHandler
                0x08002b5c                I2C2_ER_IRQHandler
                0x08002b5c                DMA2_Stream1_IRQHandler
                0x08002b5c                FLASH_IRQHandler
                0x08002b5c                DMA2_Stream4_IRQHandler
                0x08002b5c                USART1_IRQHandler
                0x08002b5c                OTG_FS_IRQHandler
                0x08002b5c                SPI3_IRQHandler
                0x08002b5c                DMA1_Stream4_IRQHandler
                0x08002b5c                I2C1_ER_IRQHandler
                0x08002b5c                DMA2_Stream6_IRQHandler
                0x08002b5c                DMA1_Stream3_IRQHandler
 *fill*         0x08002b5e        0x2 
 .text.HAL_Init
                0x08002b60       0x44 ./Drivers/STM32F4xx_HAL_Driver/Src/stm32f4xx_hal.o
                0x08002b60                HAL_Init
 .text.HAL_InitTick
                0x08002ba4       0x60 ./Drivers/STM32F4xx_HAL_Driver/Src/stm32f4xx_hal.o
                0x08002ba4                HAL_InitTick
 .text.HAL_IncTick
                0x08002c04       0x28 ./Drivers/STM32F4xx_HAL_Driver/Src/stm32f4xx_hal.o
                0x08002c04                HAL_IncTick
 .text.HAL_GetTick
                0x08002c2c       0x18 ./Drivers/STM32F4xx_HAL_Driver/Src/stm32f4xx_hal.o
                0x08002c2c                HAL_GetTick
 .text.__NVIC_SetPriorityGrouping
                0x08002c44       0x48 ./Drivers/STM32F4xx_HAL_Driver/Src/stm32f4xx_hal_cortex.o
 .text.__NVIC_GetPriorityGrouping
                0x08002c8c       0x1c ./Drivers/STM32F4xx_HAL_Driver/Src/stm32f4xx_hal_cortex.o
 .text.__NVIC_EnableIRQ
                0x08002ca8       0x3c ./Drivers/STM32F4xx_HAL_Driver/Src/stm32f4xx_hal_cortex.o
 .text.__NVIC_SetPriority
                0x08002ce4       0x54 ./Drivers/STM32F4xx_HAL_Driver/Src/stm32f4xx_hal_cortex.o
 .text.NVIC_EncodePriority
                0x08002d38       0x66 ./Drivers/STM32F4xx_HAL_Driver/Src/stm32f4xx_hal_cortex.o
 *fill*         0x08002d9e        0x2 
 .text.SysTick_Config
                0x08002da0       0x44 ./Drivers/STM32F4xx_HAL_Driver/Src/stm32f4xx_hal_cortex.o
 .text.HAL_NVIC_SetPriorityGrouping
                0x08002de4       0x16 ./Drivers/STM32F4xx_HAL_Driver/Src/stm32f4xx_hal_cortex.o
                0x08002de4                HAL_NVIC_SetPriorityGrouping
 .text.HAL_NVIC_SetPriority
                0x08002dfa       0x38 ./Drivers/STM32F4xx_HAL_Driver/Src/stm32f4xx_hal_cortex.o
                0x08002dfa                HAL_NVIC_SetPriority
 .text.HAL_NVIC_EnableIRQ
                0x08002e32       0x1c ./Drivers/STM32F4xx_HAL_Driver/Src/stm32f4xx_hal_cortex.o
                0x08002e32                HAL_NVIC_EnableIRQ
 .text.HAL_SYSTICK_Config
                0x08002e4e       0x18 ./Drivers/STM32F4xx_HAL_Driver/Src/stm32f4xx_hal_cortex.o
                0x08002e4e                HAL_SYSTICK_Config
 .text.HAL_DMA_Abort
                0x08002e66       0xe0 ./Drivers/STM32F4xx_HAL_Driver/Src/stm32f4xx_hal_dma.o
                0x08002e66                HAL_DMA_Abort
 .text.HAL_DMA_Abort_IT
                0x08002f46       0x44 ./Drivers/STM32F4xx_HAL_Driver/Src/stm32f4xx_hal_dma.o
                0x08002f46                HAL_DMA_Abort_IT
 *fill*         0x08002f8a        0x2 
 .text.HAL_GPIO_Init
                0x08002f8c      0x308 ./Drivers/STM32F4xx_HAL_Driver/Src/stm32f4xx_hal_gpio.o
                0x08002f8c                HAL_GPIO_Init
 .text.HAL_GPIO_ReadPin
                0x08003294       0x30 ./Drivers/STM32F4xx_HAL_Driver/Src/stm32f4xx_hal_gpio.o
                0x08003294                HAL_GPIO_ReadPin
 .text.HAL_GPIO_WritePin
                0x080032c4       0x32 ./Drivers/STM32F4xx_HAL_Driver/Src/stm32f4xx_hal_gpio.o
                0x080032c4                HAL_GPIO_WritePin
 *fill*         0x080032f6        0x2 
 .text.HAL_GPIO_EXTI_IRQHandler
                0x080032f8       0x30 ./Drivers/STM32F4xx_HAL_Driver/Src/stm32f4xx_hal_gpio.o
                0x080032f8                HAL_GPIO_EXTI_IRQHandler
 .text.HAL_I2C_Init
                0x08003328      0x288 ./Drivers/STM32F4xx_HAL_Driver/Src/stm32f4xx_hal_i2c.o
                0x08003328                HAL_I2C_Init
 .text.HAL_RCC_OscConfig
                0x080035b0      0x4f0 ./Drivers/STM32F4xx_HAL_Driver/Src/stm32f4xx_hal_rcc.o
                0x080035b0                HAL_RCC_OscConfig
 .text.HAL_RCC_ClockConfig
                0x08003aa0      0x1cc ./Drivers/STM32F4xx_HAL_Driver/Src/stm32f4xx_hal_rcc.o
                0x08003aa0                HAL_RCC_ClockConfig
 .text.HAL_RCC_GetSysClockFreq
                0x08003c6c      0x20c ./Drivers/STM32F4xx_HAL_Driver/Src/stm32f4xx_hal_rcc.o
                0x08003c6c                HAL_RCC_GetSysClockFreq
 .text.HAL_RCC_GetHCLKFreq
                0x08003e78       0x18 ./Drivers/STM32F4xx_HAL_Driver/Src/stm32f4xx_hal_rcc.o
                0x08003e78                HAL_RCC_GetHCLKFreq
 .text.HAL_RCC_GetPCLK1Freq
                0x08003e90       0x28 ./Drivers/STM32F4xx_HAL_Driver/Src/stm32f4xx_hal_rcc.o
                0x08003e90                HAL_RCC_GetPCLK1Freq
 .text.HAL_RCC_GetPCLK2Freq
                0x08003eb8       0x28 ./Drivers/STM32F4xx_HAL_Driver/Src/stm32f4xx_hal_rcc.o
                0x08003eb8                HAL_RCC_GetPCLK2Freq
 .text.HAL_TIM_Base_Init
                0x08003ee0       0x9e ./Drivers/STM32F4xx_HAL_Driver/Src/stm32f4xx_hal_tim.o
                0x08003ee0                HAL_TIM_Base_Init
 *fill*         0x08003f7e        0x2 
 .text.HAL_TIM_Base_Start
                0x08003f80       0xb4 ./Drivers/STM32F4xx_HAL_Driver/Src/stm32f4xx_hal_tim.o
                0x08003f80                HAL_TIM_Base_Start
 .text.HAL_TIM_PWM_Init
                0x08004034       0x9e ./Drivers/STM32F4xx_HAL_Driver/Src/stm32f4xx_hal_tim.o
                0x08004034                HAL_TIM_PWM_Init
 .text.HAL_TIM_PWM_MspInit
                0x080040d2       0x14 ./Drivers/STM32F4xx_HAL_Driver/Src/stm32f4xx_hal_tim.o
                0x080040d2                HAL_TIM_PWM_MspInit
 *fill*         0x080040e6        0x2 
 .text.HAL_TIM_PWM_Start
                0x080040e8      0x160 ./Drivers/STM32F4xx_HAL_Driver/Src/stm32f4xx_hal_tim.o
                0x080040e8                HAL_TIM_PWM_Start
 .text.HAL_TIM_PWM_ConfigChannel
                0x08004248      0x184 ./Drivers/STM32F4xx_HAL_Driver/Src/stm32f4xx_hal_tim.o
                0x08004248                HAL_TIM_PWM_ConfigChannel
 .text.HAL_TIM_ConfigClockSource
                0x080043cc      0x18e ./Drivers/STM32F4xx_HAL_Driver/Src/stm32f4xx_hal_tim.o
                0x080043cc                HAL_TIM_ConfigClockSource
 *fill*         0x0800455a        0x2 
 .text.TIM_Base_SetConfig
                0x0800455c      0x10c ./Drivers/STM32F4xx_HAL_Driver/Src/stm32f4xx_hal_tim.o
                0x0800455c                TIM_Base_SetConfig
 .text.TIM_OC1_SetConfig
                0x08004668       0xcc ./Drivers/STM32F4xx_HAL_Driver/Src/stm32f4xx_hal_tim.o
 .text.TIM_OC2_SetConfig
                0x08004734       0xd8 ./Drivers/STM32F4xx_HAL_Driver/Src/stm32f4xx_hal_tim.o
                0x08004734                TIM_OC2_SetConfig
 .text.TIM_OC3_SetConfig
                0x0800480c       0xd4 ./Drivers/STM32F4xx_HAL_Driver/Src/stm32f4xx_hal_tim.o
 .text.TIM_OC4_SetConfig
                0x080048e0       0xa0 ./Drivers/STM32F4xx_HAL_Driver/Src/stm32f4xx_hal_tim.o
 .text.TIM_TI1_ConfigInputStage
                0x08004980       0x5e ./Drivers/STM32F4xx_HAL_Driver/Src/stm32f4xx_hal_tim.o
 .text.TIM_TI2_ConfigInputStage
                0x080049de       0x60 ./Drivers/STM32F4xx_HAL_Driver/Src/stm32f4xx_hal_tim.o
 .text.TIM_ITRx_SetConfig
                0x08004a3e       0x36 ./Drivers/STM32F4xx_HAL_Driver/Src/stm32f4xx_hal_tim.o
 .text.TIM_ETR_SetConfig
                0x08004a74       0x40 ./Drivers/STM32F4xx_HAL_Driver/Src/stm32f4xx_hal_tim.o
                0x08004a74                TIM_ETR_SetConfig
 .text.TIM_CCxChannelCmd
                0x08004ab4       0x4a ./Drivers/STM32F4xx_HAL_Driver/Src/stm32f4xx_hal_tim.o
                0x08004ab4                TIM_CCxChannelCmd
 *fill*         0x08004afe        0x2 
 .text.HAL_TIMEx_MasterConfigSynchronization
                0x08004b00       0xdc ./Drivers/STM32F4xx_HAL_Driver/Src/stm32f4xx_hal_tim_ex.o
                0x08004b00                HAL_TIMEx_MasterConfigSynchronization
 .text.HAL_TIMEx_ConfigBreakDeadTime
                0x08004bdc       0xa4 ./Drivers/STM32F4xx_HAL_Driver/Src/stm32f4xx_hal_tim_ex.o
                0x08004bdc                HAL_TIMEx_ConfigBreakDeadTime
 .text.HAL_UART_Init
                0x08004c80       0xa0 ./Drivers/STM32F4xx_HAL_Driver/Src/stm32f4xx_hal_uart.o
                0x08004c80                HAL_UART_Init
 .text.HAL_UART_Transmit
                0x08004d20      0x116 ./Drivers/STM32F4xx_HAL_Driver/Src/stm32f4xx_hal_uart.o
                0x08004d20                HAL_UART_Transmit
 .text.HAL_UART_Receive_IT
                0x08004e36       0x4a ./Drivers/STM32F4xx_HAL_Driver/Src/stm32f4xx_hal_uart.o
                0x08004e36                HAL_UART_Receive_IT
 .text.HAL_UART_IRQHandler
                0x08004e80      0x554 ./Drivers/STM32F4xx_HAL_Driver/Src/stm32f4xx_hal_uart.o
                0x08004e80                HAL_UART_IRQHandler
 .text.HAL_UART_TxCpltCallback
                0x080053d4       0x14 ./Drivers/STM32F4xx_HAL_Driver/Src/stm32f4xx_hal_uart.o
                0x080053d4                HAL_UART_TxCpltCallback
 .text.HAL_UART_ErrorCallback
                0x080053e8       0x14 ./Drivers/STM32F4xx_HAL_Driver/Src/stm32f4xx_hal_uart.o
                0x080053e8                HAL_UART_ErrorCallback
 .text.HAL_UARTEx_RxEventCallback
                0x080053fc       0x18 ./Drivers/STM32F4xx_HAL_Driver/Src/stm32f4xx_hal_uart.o
                0x080053fc                HAL_UARTEx_RxEventCallback
 .text.UART_WaitOnFlagUntilTimeout
                0x08005414       0xb2 ./Drivers/STM32F4xx_HAL_Driver/Src/stm32f4xx_hal_uart.o
 .text.UART_Start_Receive_IT
                0x080054c6       0x74 ./Drivers/STM32F4xx_HAL_Driver/Src/stm32f4xx_hal_uart.o
                0x080054c6                UART_Start_Receive_IT
 .text.UART_EndRxTransfer
                0x0800553a       0xc6 ./Drivers/STM32F4xx_HAL_Driver/Src/stm32f4xx_hal_uart.o
 .text.UART_DMAAbortOnError
                0x08005600       0x22 ./Drivers/STM32F4xx_HAL_Driver/Src/stm32f4xx_hal_uart.o
 .text.UART_Transmit_IT
                0x08005622       0xa0 ./Drivers/STM32F4xx_HAL_Driver/Src/stm32f4xx_hal_uart.o
 .text.UART_EndTransmit_IT
                0x080056c2       0x30 ./Drivers/STM32F4xx_HAL_Driver/Src/stm32f4xx_hal_uart.o
 .text.UART_Receive_IT
                0x080056f2      0x17c ./Drivers/STM32F4xx_HAL_Driver/Src/stm32f4xx_hal_uart.o
 *fill*         0x0800586e        0x2 
 .text.UART_SetConfig
                0x08005870      0x4e8 ./Drivers/STM32F4xx_HAL_Driver/Src/stm32f4xx_hal_uart.o
 .text.atoi     0x08005d58        0x8 /opt/st/stm32cubeide_2.0.0/plugins/com.st.stm32cube.ide.mcu.externaltools.gnu-tools-for-stm32.13.3.rel1.linux64_1.0.100.202509120712/tools/bin/../lib/gcc/arm-none-eabi/13.3.1/../../../../arm-none-eabi/lib/thumb/v7e-m+fp/hard/libc_nano.a(libc_a-atoi.o)
                0x08005d58                atoi
 .text._strtol_l.isra.0
                0x08005d60       0xf4 /opt/st/stm32cubeide_2.0.0/plugins/com.st.stm32cube.ide.mcu.externaltools.gnu-tools-for-stm32.13.3.rel1.linux64_1.0.100.202509120712/tools/bin/../lib/gcc/arm-none-eabi/13.3.1/../../../../arm-none-eabi/lib/thumb/v7e-m+fp/hard/libc_nano.a(libc_a-strtol.o)
 .text.strtol   0x08005e54       0x14 /opt/st/stm32cubeide_2.0.0/plugins/com.st.stm32cube.ide.mcu.externaltools.gnu-tools-for-stm32.13.3.rel1.linux64_1.0.100.202509120712/tools/bin/../lib/gcc/arm-none-eabi/13.3.1/../../../../arm-none-eabi/lib/thumb/v7e-m+fp/hard/libc_nano.a(libc_a-strtol.o)
                0x08005e54                strtol
 .text.snprintf
                0x08005e68       0x6c /opt/st/stm32cubeide_2.0.0/plugins/com.st.stm32cube.ide.mcu.externaltools.gnu-tools-for-stm32.13.3.rel1.linux64_1.0.100.202509120712/tools/bin/../lib/gcc/arm-none-eabi/13.3.1/../../../../arm-none-eabi/lib/thumb/v7e-m+fp/hard/libc_nano.a(libc_a-snprintf.o)
                0x08005e68                snprintf
                0x08005e68                sniprintf
 .text._vsnprintf_r
                0x08005ed4       0x5c /opt/st/stm32cubeide_2.0.0/plugins/com.st.stm32cube.ide.mcu.externaltools.gnu-tools-for-stm32.13.3.rel1.linux64_1.0.100.202509120712/tools/bin/../lib/gcc/arm-none-eabi/13.3.1/../../../../arm-none-eabi/lib/thumb/v7e-m+fp/hard/libc_nano.a(libc_a-vsnprintf.o)
                0x08005ed4                _vsnprintf_r
                0x08005ed4                _vsniprintf_r
 .text.vsnprintf
                0x08005f30       0x1c /opt/st/stm32cubeide_2.0.0/plugins/com.st.stm32cube.ide.mcu.externaltools.gnu-tools-for-stm32.13.3.rel1.linux64_1.0.100.202509120712/tools/bin/../lib/gcc/arm-none-eabi/13.3.1/../../../../arm-none-eabi/lib/thumb/v7e-m+fp/hard/libc_nano.a(libc_a-vsnprintf.o)
                0x08005f30                vsnprintf
                0x08005f30                vsniprintf
 .text.memset   0x08005f4c       0x10 /opt/st/stm32cubeide_2.0.0/plugins/com.st.stm32cube.ide.mcu.externaltools.gnu-tools-for-stm32.13.3.rel1.linux64_1.0.100.202509120712/tools/bin/../lib/gcc/arm-none-eabi/13.3.1/../../../../arm-none-eabi/lib/thumb/v7e-m+fp/hard/libc_nano.a(libc_a-memset.o)
                0x08005f4c                memset
 .text.strncmp  0x08005f5c       0x24 /opt/st/stm32cubeide_2.0.0/plugins/com.st.stm32cube.ide.mcu.externaltools.gnu-tools-for-stm32.13.3.rel1.linux64_1.0.100.202509120712/tools/bin/../lib/gcc/arm-none-eabi/13.3.1/../../../../arm-none-eabi/lib/thumb/v7e-m+fp/hard/libc_nano.a(libc_a-strncmp.o)
                0x08005f5c                strncmp
 .text.strncpy  0x08005f80       0x26 /opt/st/stm32cubeide_2.0.0/plugins/com.st.stm32cube.ide.mcu.externaltools.gnu-tools-for-stm32.13.3.rel1.linux64_1.0.100.202509120712/tools/bin/../lib/gcc/arm-none-eabi/13.3.1/../../../../arm-none-eabi/lib/thumb/v7e-m+fp/hard/libc_nano.a(libc_a-strncpy.o)
                0x08005f80                strncpy
 *fill*         0x08005fa6        0x2 
 .text.__errno  0x08005fa8        0xc /opt/st/stm32cubeide_2.0.0/plugins/com.st.stm32cube.ide.mcu.externaltools.gnu-tools-for-stm32.13.3.rel1.linux64_1.0.100.202509120712/tools/bin/../lib/gcc/arm-none-eabi/13.3.1/../../../../arm-none-eabi/lib/thumb/v7e-m+fp/hard/libc_nano.a(libc_a-errno.o)
                0x08005fa8                __errno
 .text.__libc_init_array
                0x08005fb4       0x48 /opt/st/stm32cubeide_2.0.0/plugins/com.st.stm32cube.ide.mcu.externaltools.gnu-tools-for-stm32.13.3.rel1.linux64_1.0.100.202509120712/tools/bin/../lib/gcc/arm-none-eabi/13.3.1/../../../../arm-none-eabi/lib/thumb/v7e-m+fp/hard/libc_nano.a(libc_a-init.o)
                0x08005fb4                __libc_init_array
 .text.__retarget_lock_acquire_recursive
                0x08005ffc        0x2 /opt/st/stm32cubeide_2.0.0/plugins/com.st.stm32cube.ide.mcu.externaltools.gnu-tools-for-stm32.13.3.rel1.linux64_1.0.100.202509120712/tools/bin/../lib/gcc/arm-none-eabi/13.3.1/../../../../arm-none-eabi/lib/thumb/v7e-m+fp/hard/libc_nano.a(libc_a-lock.o)
                0x08005ffc                __retarget_lock_acquire_recursive
 .text.__retarget_lock_release_recursive
                0x08005ffe        0x2 /opt/st/stm32cubeide_2.0.0/plugins/com.st.stm32cube.ide.mcu.externaltools.gnu-tools-for-stm32.13.3.rel1.linux64_1.0.100.202509120712/tools/bin/../lib/gcc/arm-none-eabi/13.3.1/../../../../arm-none-eabi/lib/thumb/v7e-m+fp/hard/libc_nano.a(libc_a-lock.o)
                0x08005ffe                __retarget_lock_release_recursive
 .text._free_r  0x08006000       0x94 /opt/st/stm32cubeide_2.0.0/plugins/com.st.stm32cube.ide.mcu.externaltools.gnu-tools-for-stm32.13.3.rel1.linux64_1.0.100.202509120712/tools/bin/../lib/gcc/arm-none-eabi/13.3.1/../../../../arm-none-eabi/lib/thumb/v7e-m+fp/hard/libc_nano.a(libc_a-freer.o)
                0x08006000                _free_r
 .text.sbrk_aligned
                0x08006094       0x44 /opt/st/stm32cubeide_2.0.0/plugins/com.st.stm32cube.ide.mcu.externaltools.gnu-tools-for-stm32.13.3.rel1.linux64_1.0.100.202509120712/tools/bin/../lib/gcc/arm-none-eabi/13.3.1/../../../../arm-none-eabi/lib/thumb/v7e-m+fp/hard/libc_nano.a(libc_a-mallocr.o)
 .text._malloc_r
                0x080060d8      0x100 /opt/st/stm32cubeide_2.0.0/plugins/com.st.stm32cube.ide.mcu.externaltools.gnu-tools-for-stm32.13.3.rel1.linux64_1.0.100.202509120712/tools/bin/../lib/gcc/arm-none-eabi/13.3.1/../../../../arm-none-eabi/lib/thumb/v7e-m+fp/hard/libc_nano.a(libc_a-mallocr.o)
                0x080060d8                _malloc_r
 .text.__malloc_lock
                0x080061d8        0xc /opt/st/stm32cubeide_2.0.0/plugins/com.st.stm32cube.ide.mcu.externaltools.gnu-tools-for-stm32.13.3.rel1.linux64_1.0.100.202509120712/tools/bin/../lib/gcc/arm-none-eabi/13.3.1/../../../../arm-none-eabi/lib/thumb/v7e-m+fp/hard/libc_nano.a(libc_a-mlock.o)
                0x080061d8                __malloc_lock
 .text.__malloc_unlock
                0x080061e4        0xc /opt/st/stm32cubeide_2.0.0/plugins/com.st.stm32cube.ide.mcu.externaltools.gnu-tools-for-stm32.13.3.rel1.linux64_1.0.100.202509120712/tools/bin/../lib/gcc/arm-none-eabi/13.3.1/../../../../arm-none-eabi/lib/thumb/v7e-m+fp/hard/libc_nano.a(libc_a-mlock.o)
                0x080061e4                __malloc_unlock
 .text.__ssputs_r
                0x080061f0       0xb6 /opt/st/stm32cubeide_2.0.0/plugins/com.st.stm32cube.ide.mcu.externaltools.gnu-tools-for-stm32.13.3.rel1.linux64_1.0.100.202509120712/tools/bin/../lib/gcc/arm-none-eabi/13.3.1/../../../../arm-none-eabi/lib/thumb/v7e-m+fp/hard/libc_nano.a(libc_a-nano-svfprintf.o)
                0x080061f0                __ssputs_r
 *fill*         0x080062a6        0x2 
 .text._svfprintf_r
                0x080062a8      0x1f8 /opt/st/stm32cubeide_2.0.0/plugins/com.st.stm32cube.ide.mcu.externaltools.gnu-tools-for-stm32.13.3.rel1.linux64_1.0.100.202509120712/tools/bin/../lib/gcc/arm-none-eabi/13.3.1/../../../../arm-none-eabi/lib/thumb/v7e-m+fp/hard/libc_nano.a(libc_a-nano-svfprintf.o)
                0x080062a8                _svfprintf_r
                0x080062a8                _svfiprintf_r
 .text._printf_common
                0x080064a0       0xda /opt/st/stm32cubeide_2.0.0/plugins/com.st.stm32cube.ide.mcu.externaltools.gnu-tools-for-stm32.13.3.rel1.linux64_1.0.100.202509120712/tools/bin/../lib/gcc/arm-none-eabi/13.3.1/../../../../arm-none-eabi/lib/thumb/v7e-m+fp/hard/libc_nano.a(libc_a-nano-vfprintf_i.o)
                0x080064a0                _printf_common
 *fill*         0x0800657a        0x2 
 .text._printf_i
                0x0800657c      0x23c /opt/st/stm32cubeide_2.0.0/plugins/com.st.stm32cube.ide.mcu.externaltools.gnu-tools-for-stm32.13.3.rel1.linux64_1.0.100.202509120712/tools/bin/../lib/gcc/arm-none-eabi/13.3.1/../../../../arm-none-eabi/lib/thumb/v7e-m+fp/hard/libc_nano.a(libc_a-nano-vfprintf_i.o)
                0x0800657c                _printf_i
 .text.memmove  0x080067b8       0x34 /opt/st/stm32cubeide_2.0.0/plugins/com.st.stm32cube.ide.mcu.externaltools.gnu-tools-for-stm32.13.3.rel1.linux64_1.0.100.202509120712/tools/bin/../lib/gcc/arm-none-eabi/13.3.1/../../../../arm-none-eabi/lib/thumb/v7e-m+fp/hard/libc_nano.a(libc_a-memmove.o)
                0x080067b8                memmove
 .text._sbrk_r  0x080067ec       0x20 /opt/st/stm32cubeide_2.0.0/plugins/com.st.stm32cube.ide.mcu.externaltools.gnu-tools-for-stm32.13.3.rel1.linux64_1.0.100.202509120712/tools/bin/../lib/gcc/arm-none-eabi/13.3.1/../../../../arm-none-eabi/lib/thumb/v7e-m+fp/hard/libc_nano.a(libc_a-sbrkr.o)
                0x080067ec                _sbrk_r
 .text.memcpy   0x0800680c       0x1c /opt/st/stm32cubeide_2.0.0/plugins/com.st.stm32cube.ide.mcu.externaltools.gnu-tools-for-stm32.13.3.rel1.linux64_1.0.100.202509120712/tools/bin/../lib/gcc/arm-none-eabi/13.3.1/../../../../arm-none-eabi/lib/thumb/v7e-m+fp/hard/libc_nano.a(libc_a-memcpy-stub.o)
                0x0800680c                memcpy
 .text._realloc_r
                0x08006828       0x5c /opt/st/stm32cubeide_2.0.0/plugins/com.st.stm32cube.ide.mcu.externaltools.gnu-tools-for-stm32.13.3.rel1.linux64_1.0.100.202509120712/tools/bin/../lib/gcc/arm-none-eabi/13.3.1/../../../../arm-none-eabi/lib/thumb/v7e-m+fp/hard/libc_nano.a(libc_a-reallocr.o)
                0x08006828                _realloc_r
 .text._malloc_usable_size_r
                0x08006884       0x10 /opt/st/stm32cubeide_2.0.0/plugins/com.st.stm32cube.ide.mcu.externaltools.gnu-tools-for-stm32.13.3.rel1.linux64_1.0.100.202509120712/tools/bin/../lib/gcc/arm-none-eabi/13.3.1/../../../../arm-none-eabi/lib/thumb/v7e-m+fp/hard/libc_nano.a(libc_a-msizer.o)
                0x08006884                _malloc_usable_size_r
 *(.glue_7)
 .glue_7        0x08006894        0x0 linker stubs
 *(.glue_7t)
 .glue_7t       0x08006894        0x0 linker stubs
 *(.eh_frame)
 .eh_frame      0x08006894        0x0 /opt/st/stm32cubeide_2.0.0/plugins/com.st.stm32cube.ide.mcu.externaltools.gnu-tools-for-stm32.13.3.rel1.linux64_1.0.100.202509120712/tools/bin/../lib/gcc/arm-none-eabi/13.3.1/thumb/v7e-m+fp/hard/crtbegin.o
 *(.init)
 .init          0x08006894        0x4 /opt/st/stm32cubeide_2.0.0/plugins/com.st.stm32cube.ide.mcu.externaltools.gnu-tools-for-stm32.13.3.rel1.linux64_1.0.100.202509120712/tools/bin/../lib/gcc/arm-none-eabi/13.3.1/thumb/v7e-m+fp/hard/crti.o
                0x08006894                _init
 .init          0x08006898        0x8 /opt/st/stm32cubeide_2.0.0/plugins/com.st.stm32cube.ide.mcu.externaltools.gnu-tools-for-stm32.13.3.rel1.linux64_1.0.100.202509120712/tools/bin/../lib/gcc/arm-none-eabi/13.3.1/thumb/v7e-m+fp/hard/crtn.o
 *(.fini)
 .fini          0x080068a0        0x4 /opt/st/stm32cubeide_2.0.0/plugins/com.st.stm32cube.ide.mcu.externaltools.gnu-tools-for-stm32.13.3.rel1.linux64_1.0.100.202509120712/tools/bin/../lib/gcc/arm-none-eabi/13.3.1/thumb/v7e-m+fp/hard/crti.o
                0x080068a0                _fini
 .fini          0x080068a4        0x8 /opt/st/stm32cubeide_2.0.0/plugins/com.st.stm32cube.ide.mcu.externaltools.gnu-tools-for-stm32.13.3.rel1.linux64_1.0.100.202509120712/tools/bin/../lib/gcc/arm-none-eabi/13.3.1/thumb/v7e-m+fp/hard/crtn.o
                0x080068ac                        . = ALIGN (0x4)
                0x080068ac                        _etext = .

.vfp11_veneer   0x080068ac        0x0
 .vfp11_veneer  0x080068ac        0x0 linker stubs

.v4_bx          0x080068ac        0x0
 .v4_bx         0x080068ac        0x0 linker stubs

.iplt           0x080068ac        0x0
 .iplt          0x080068ac        0x0 /opt/st/stm32cubeide_2.0.0/plugins/com.st.stm32cube.ide.mcu.externaltools.gnu-tools-for-stm32.13.3.rel1.linux64_1.0.100.202509120712/tools/bin/../lib/gcc/arm-none-eabi/13.3.1/thumb/v7e-m+fp/hard/crtbegin.o

.rodata         0x080068ac      0x434
                0x080068ac                        . = ALIGN (0x4)
 *(.rodata)
 .rodata        0x080068ac       0x12 ./Core/Src/app.o
 *fill*         0x080068be        0x2 
 .rodata        0x080068c0       0xf7 ./Core/Src/elevator.o
 *fill*         0x080069b7        0x1 
 .rodata        0x080069b8      0x1ae ./Core/Src/resident_uart.o
 *(.rodata*)
 *fill*         0x08006b66        0x2 
 .rodata.NUM_PATTERNS
                0x08006b68        0xa ./Core/Src/fnd.o
 *fill*         0x08006b72        0x2 
 .rodata.HALF_STEP_SEQ
                0x08006b74       0x20 ./Core/Src/stepper.o
 .rodata.AHBPrescTable
                0x08006b94       0x10 ./Core/Src/system_stm32f4xx.o
                0x08006b94                AHBPrescTable
 .rodata.APBPrescTable
                0x08006ba4        0x8 ./Core/Src/system_stm32f4xx.o
                0x08006ba4                APBPrescTable
 .rodata._ctype_
                0x08006bac      0x101 /opt/st/stm32cubeide_2.0.0/plugins/com.st.stm32cube.ide.mcu.externaltools.gnu-tools-for-stm32.13.3.rel1.linux64_1.0.100.202509120712/tools/bin/../lib/gcc/arm-none-eabi/13.3.1/../../../../arm-none-eabi/lib/thumb/v7e-m+fp/hard/libc_nano.a(libc_a-ctype_.o)
                0x08006bac                _ctype_
 .rodata._svfprintf_r.str1.1
                0x08006cad       0x33 /opt/st/stm32cubeide_2.0.0/plugins/com.st.stm32cube.ide.mcu.externaltools.gnu-tools-for-stm32.13.3.rel1.linux64_1.0.100.202509120712/tools/bin/../lib/gcc/arm-none-eabi/13.3.1/../../../../arm-none-eabi/lib/thumb/v7e-m+fp/hard/libc_nano.a(libc_a-nano-svfprintf.o)
                                 0x11 (size before relaxing)
 .rodata._printf_i.str1.1
                0x08006ce0        0x0 /opt/st/stm32cubeide_2.0.0/plugins/com.st.stm32cube.ide.mcu.externaltools.gnu-tools-for-stm32.13.3.rel1.linux64_1.0.100.202509120712/tools/bin/../lib/gcc/arm-none-eabi/13.3.1/../../../../arm-none-eabi/lib/thumb/v7e-m+fp/hard/libc_nano.a(libc_a-nano-vfprintf_i.o)
                                 0x22 (size before relaxing)
                0x08006ce0                        . = ALIGN (0x4)

.ARM.extab      0x08006ce0        0x0
                0x08006ce0                        . = ALIGN (0x4)
 *(.ARM.extab* .gnu.linkonce.armextab.*)
                0x08006ce0                        . = ALIGN (0x4)

.ARM            0x08006ce0        0x8
                0x08006ce0                        . = ALIGN (0x4)
                0x08006ce0                        __exidx_start = .
 *(.ARM.exidx*)
 .ARM.exidx     0x08006ce0        0x8 /opt/st/stm32cubeide_2.0.0/plugins/com.st.stm32cube.ide.mcu.externaltools.gnu-tools-for-stm32.13.3.rel1.linux64_1.0.100.202509120712/tools/bin/../lib/gcc/arm-none-eabi/13.3.1/../../../../arm-none-eabi/lib/thumb/v7e-m+fp/hard/libc_nano.a(libc_a-memchr.o)
 .ARM.exidx     0x08006ce8        0x0 /opt/st/stm32cubeide_2.0.0/plugins/com.st.stm32cube.ide.mcu.externaltools.gnu-tools-for-stm32.13.3.rel1.linux64_1.0.100.202509120712/tools/bin/../lib/gcc/arm-none-eabi/13.3.1/thumb/v7e-m+fp/hard/libgcc.a(_udivmoddi4.o)
                                  0x8 (size before relaxing)
                0x08006ce8                        __exidx_end = .
                0x08006ce8                        . = ALIGN (0x4)

.preinit_array  0x08006ce8        0x0
                0x08006ce8                        . = ALIGN (0x4)
                0x08006ce8                        PROVIDE (__preinit_array_start = .)
 *(.preinit_array*)
                0x08006ce8                        PROVIDE (__preinit_array_end = .)
                0x08006ce8                        . = ALIGN (0x4)

.init_array     0x08006ce8        0x4
                0x08006ce8                        . = ALIGN (0x4)
                0x08006ce8                        PROVIDE (__init_array_start = .)
 *(SORT_BY_NAME(.init_array.*))
 *(.init_array*)
 .init_array    0x08006ce8        0x4 /opt/st/stm32cubeide_2.0.0/plugins/com.st.stm32cube.ide.mcu.externaltools.gnu-tools-for-stm32.13.3.rel1.linux64_1.0.100.202509120712/tools/bin/../lib/gcc/arm-none-eabi/13.3.1/thumb/v7e-m+fp/hard/crtbegin.o
                0x08006cec                        PROVIDE (__init_array_end = .)
                0x08006cec                        . = ALIGN (0x4)

.fini_array     0x08006cec        0x4
                0x08006cec                        . = ALIGN (0x4)
                [!provide]                        PROVIDE (__fini_array_start = .)
 *(SORT_BY_NAME(.fini_array.*))
 *(.fini_array*)
 .fini_array    0x08006cec        0x4 /opt/st/stm32cubeide_2.0.0/plugins/com.st.stm32cube.ide.mcu.externaltools.gnu-tools-for-stm32.13.3.rel1.linux64_1.0.100.202509120712/tools/bin/../lib/gcc/arm-none-eabi/13.3.1/thumb/v7e-m+fp/hard/crtbegin.o
                [!provide]                        PROVIDE (__fini_array_end = .)
                0x08006cf0                        . = ALIGN (0x4)
                0x08006cf0                        _sidata = LOADADDR (.data)

.rel.dyn        0x08006cf0        0x0
 .rel.iplt      0x08006cf0        0x0 /opt/st/stm32cubeide_2.0.0/plugins/com.st.stm32cube.ide.mcu.externaltools.gnu-tools-for-stm32.13.3.rel1.linux64_1.0.100.202509120712/tools/bin/../lib/gcc/arm-none-eabi/13.3.1/thumb/v7e-m+fp/hard/crtbegin.o

.data           0x20000000      0x100 load address 0x08006cf0
                0x20000000                        . = ALIGN (0x4)
                0x20000000                        _sdata = .
 *(.data)
 *(.data*)
 .data.button   0x20000000       0xa0 ./Core/Src/button.o
 .data.last.0   0x200000a0        0x1 ./Core/Src/resident_uart.o
 *fill*         0x200000a1        0x3 
 .data.SystemCoreClock
                0x200000a4        0x4 ./Core/Src/system_stm32f4xx.o
                0x200000a4                SystemCoreClock
 .data.uwTickPrio
                0x200000a8        0x4 ./Drivers/STM32F4xx_HAL_Driver/Src/stm32f4xx_hal.o
                0x200000a8                uwTickPrio
 .data.uwTickFreq
                0x200000ac        0x1 ./Drivers/STM32F4xx_HAL_Driver/Src/stm32f4xx_hal.o
                0x200000ac                uwTickFreq
 *fill*         0x200000ad        0x3 
 .data._impure_ptr
                0x200000b0        0x4 /opt/st/stm32cubeide_2.0.0/plugins/com.st.stm32cube.ide.mcu.externaltools.gnu-tools-for-stm32.13.3.rel1.linux64_1.0.100.202509120712/tools/bin/../lib/gcc/arm-none-eabi/13.3.1/../../../../arm-none-eabi/lib/thumb/v7e-m+fp/hard/libc_nano.a(libc_a-impure.o)
                0x200000b0                _impure_ptr
 .data._impure_data
                0x200000b4       0x4c /opt/st/stm32cubeide_2.0.0/plugins/com.st.stm32cube.ide.mcu.externaltools.gnu-tools-for-stm32.13.3.rel1.linux64_1.0.100.202509120712/tools/bin/../lib/gcc/arm-none-eabi/13.3.1/../../../../arm-none-eabi/lib/thumb/v7e-m+fp/hard/libc_nano.a(libc_a-impure.o)
                0x200000b4                _impure_data
 *(.RamFunc)
 *(.RamFunc*)
                0x20000100                        . = ALIGN (0x4)
                0x20000100                        _edata = .

.igot.plt       0x20000100        0x0 load address 0x08006df0
 .igot.plt      0x20000100        0x0 /opt/st/stm32cubeide_2.0.0/plugins/com.st.stm32cube.ide.mcu.externaltools.gnu-tools-for-stm32.13.3.rel1.linux64_1.0.100.202509120712/tools/bin/../lib/gcc/arm-none-eabi/13.3.1/thumb/v7e-m+fp/hard/crtbegin.o
                0x20000100                        . = ALIGN (0x4)

.bss            0x20000100      0x338 load address 0x08006df0
                0x20000100                        _sbss = .
                0x20000100                        __bss_start__ = _sbss
 *(.bss)
 .bss           0x20000100       0x1c /opt/st/stm32cubeide_2.0.0/plugins/com.st.stm32cube.ide.mcu.externaltools.gnu-tools-for-stm32.13.3.rel1.linux64_1.0.100.202509120712/tools/bin/../lib/gcc/arm-none-eabi/13.3.1/thumb/v7e-m+fp/hard/crtbegin.o
 *(.bss*)
 .bss.s_state   0x2000011c        0x1 ./Core/Src/elevator.o
 .bss.s_curFloor
                0x2000011d        0x1 ./Core/Src/elevator.o
 .bss.s_targetFloor
                0x2000011e        0x1 ./Core/Src/elevator.o
 *fill*         0x2000011f        0x1 
 .bss.s_doorTick
                0x20000120        0x4 ./Core/Src/elevator.o
 .bss.s_moveStartTick
                0x20000124        0x4 ./Core/Src/elevator.o
 .bss.car_call  0x20000128        0x4 ./Core/Src/elevator.o
 .bss.hall_up   0x2000012c        0x4 ./Core/Src/elevator.o
 .bss.hall_down
                0x20000130        0x4 ./Core/Src/elevator.o
 .bss.display_buffer
                0x20000134        0x4 ./Core/Src/fnd.o
 .bss.hi2c1     0x20000138       0x54 ./Core/Src/i2c.o
                0x20000138                hi2c1
 .bss.last_mode
                0x2000018c        0x1 ./Core/Src/led.o
 *fill*         0x2000018d        0x3 
 .bss.last_tick
                0x20000190        0x4 ./Core/Src/led.o
 .bss.step_index
                0x20000194        0x1 ./Core/Src/led.o
 .bss.current_pattern
                0x20000195        0x1 ./Core/Src/led.o
 *fill*         0x20000196        0x2 
 .bss.s_huart   0x20000198        0x4 ./Core/Src/logger.o
 .bss.s_irq_pending
                0x2000019c        0x1 ./Core/Src/photo.o
 *fill*         0x2000019d        0x3 
 .bss.s_irq_tick
                0x200001a0        0x4 ./Core/Src/photo.o
 .bss.s_p1      0x200001a4        0x1 ./Core/Src/photo.o
 .bss.s_p2      0x200001a5        0x1 ./Core/Src/photo.o
 .bss.s_p3      0x200001a6        0x1 ./Core/Src/photo.o
 .bss.s_valid   0x200001a7        0x1 ./Core/Src/photo.o
 .bss.s_boot_tick
                0x200001a8        0x4 ./Core/Src/photo.o
 .bss.pollTick.0
                0x200001ac        0x4 ./Core/Src/photo.o
 .bss.s_huart   0x200001b0        0x4 ./Core/Src/resident_uart.o
 .bss.s_rx_ch   0x200001b4        0x1 ./Core/Src/resident_uart.o
 *fill*         0x200001b5        0x3 
 .bss.s_line    0x200001b8       0x40 ./Core/Src/resident_uart.o
 .bss.s_len     0x200001f8        0x1 ./Core/Src/resident_uart.o
 .bss.servoState
                0x200001f9        0x1 ./Core/Src/servo.o
 .bss.currentPosition
                0x200001fa        0x2 ./Core/Src/servo.o
 .bss.targetPosition
                0x200001fc        0x2 ./Core/Src/servo.o
 *fill*         0x200001fe        0x2 
 .bss.prevTime  0x20000200        0x4 ./Core/Src/servo.o
 .bss.s_stepIndex
                0x20000204        0x1 ./Core/Src/stepper.o
 *fill*         0x20000205        0x3 
 .bss.s_prevTick
                0x20000208        0x4 ./Core/Src/stepper.o
 .bss.s_busy    0x2000020c        0x1 ./Core/Src/stepper.o
 .bss.s_dir     0x2000020d        0x1 ./Core/Src/stepper.o
 *fill*         0x2000020e        0x2 
 .bss.__sbrk_heap_end
                0x20000210        0x4 ./Core/Src/sysmem.o
 .bss.htim1     0x20000214       0x48 ./Core/Src/tim.o
                0x20000214                htim1
 .bss.htim11    0x2000025c       0x48 ./Core/Src/tim.o
                0x2000025c                htim11
 .bss.huart2    0x200002a4       0x48 ./Core/Src/usart.o
                0x200002a4                huart2
 .bss.uwTick    0x200002ec        0x4 ./Drivers/STM32F4xx_HAL_Driver/Src/stm32f4xx_hal.o
                0x200002ec                uwTick
 .bss.__sf      0x200002f0      0x138 /opt/st/stm32cubeide_2.0.0/plugins/com.st.stm32cube.ide.mcu.externaltools.gnu-tools-for-stm32.13.3.rel1.linux64_1.0.100.202509120712/tools/bin/../lib/gcc/arm-none-eabi/13.3.1/../../../../arm-none-eabi/lib/thumb/v7e-m+fp/hard/libc_nano.a(libc_a-findfp.o)
                0x200002f0                __sf
 .bss.errno     0x20000428        0x4 /opt/st/stm32cubeide_2.0.0/plugins/com.st.stm32cube.ide.mcu.externaltools.gnu-tools-for-stm32.13.3.rel1.linux64_1.0.100.202509120712/tools/bin/../lib/gcc/arm-none-eabi/13.3.1/../../../../arm-none-eabi/lib/thumb/v7e-m+fp/hard/libc_nano.a(libc_a-reent.o)
                0x20000428                errno
 .bss.__lock___malloc_recursive_mutex
                0x2000042c        0x1 /opt/st/stm32cubeide_2.0.0/plugins/com.st.stm32cube.ide.mcu.externaltools.gnu-tools-for-stm32.13.3.rel1.linux64_1.0.100.202509120712/tools/bin/../lib/gcc/arm-none-eabi/13.3.1/../../../../arm-none-eabi/lib/thumb/v7e-m+fp/hard/libc_nano.a(libc_a-lock.o)
                0x2000042c                __lock___malloc_recursive_mutex
 *fill*         0x2000042d        0x3 
 .bss.__malloc_sbrk_start
                0x20000430        0x4 /opt/st/stm32cubeide_2.0.0/plugins/com.st.stm32cube.ide.mcu.externaltools.gnu-tools-for-stm32.13.3.rel1.linux64_1.0.100.202509120712/tools/bin/../lib/gcc/arm-none-eabi/13.3.1/../../../../arm-none-eabi/lib/thumb/v7e-m+fp/hard/libc_nano.a(libc_a-mallocr.o)
                0x20000430                __malloc_sbrk_start
 .bss.__malloc_free_list
                0x20000434        0x4 /opt/st/stm32cubeide_2.0.0/plugins/com.st.stm32cube.ide.mcu.externaltools.gnu-tools-for-stm32.13.3.rel1.linux64_1.0.100.202509120712/tools/bin/../lib/gcc/arm-none-eabi/13.3.1/../../../../arm-none-eabi/lib/thumb/v7e-m+fp/hard/libc_nano.a(libc_a-mallocr.o)
                0x20000434                __malloc_free_list
 *(COMMON)
                0x20000438                        . = ALIGN (0x4)
                0x20000438                        _ebss = .
                0x20000438                        __bss_end__ = _ebss

._user_heap_stack
                0x20000438      0x600 load address 0x08006df0
                0x20000438                        . = ALIGN (0x8)
                [!provide]                        PROVIDE (end = .)
                0x20000438                        PROVIDE (_end = .)
                0x20000638                        . = (. + _Min_Heap_Size)
 *fill*         0x20000438      0x200 
                0x20000a38                        . = (. + _Min_Stack_Size)
 *fill*         0x20000638      0x400 
                0x20000a38                        . = ALIGN (0x8)

/DISCARD/
 libc.a(*)
 libm.a(*)
 libgcc.a(*)

.ARM.attributes
                0x00000000       0x30
 *(.ARM.attributes)
 .ARM.attributes
                0x00000000       0x22 /opt/st/stm32cubeide_2.0.0/plugins/com.st.stm32cube.ide.mcu.externaltools.gnu-tools-for-stm32.13.3.rel1.linux64_1.0.100.202509120712/tools/bin/../lib/gcc/arm-none-eabi/13.3.1/thumb/v7e-m+fp/hard/crti.o
 .ARM.attributes
                0x00000022       0x34 /opt/st/stm32cubeide_2.0.0/plugins/com.st.stm32cube.ide.mcu.externaltools.gnu-tools-for-stm32.13.3.rel1.linux64_1.0.100.202509120712/tools/bin/../lib/gcc/arm-none-eabi/13.3.1/thumb/v7e-m+fp/hard/crtbegin.o
 .ARM.attributes
                0x00000056       0x34 ./Core/Src/app.o
 .ARM.attributes
                0x0000008a       0x34 ./Core/Src/button.o
 .ARM.attributes
                0x000000be       0x34 ./Core/Src/delay.o
 .ARM.attributes
                0x000000f2       0x34 ./Core/Src/elevator.o
 .ARM.attributes
                0x00000126       0x34 ./Core/Src/fnd.o
 .ARM.attributes
                0x0000015a       0x34 ./Core/Src/gpio.o
 .ARM.attributes
                0x0000018e       0x34 ./Core/Src/i2c.o
 .ARM.attributes
                0x000001c2       0x34 ./Core/Src/led.o
 .ARM.attributes
                0x000001f6       0x34 ./Core/Src/logger.o
 .ARM.attributes
                0x0000022a       0x34 ./Core/Src/main.o
 .ARM.attributes
                0x0000025e       0x34 ./Core/Src/photo.o
 .ARM.attributes
                0x00000292       0x34 ./Core/Src/resident_uart.o
 .ARM.attributes
                0x000002c6       0x34 ./Core/Src/servo.o
 .ARM.attributes
                0x000002fa       0x34 ./Core/Src/stepper.o
 .ARM.attributes
                0x0000032e       0x34 ./Core/Src/stm32f4xx_hal_msp.o
 .ARM.attributes
                0x00000362       0x34 ./Core/Src/stm32f4xx_it.o
 .ARM.attributes
                0x00000396       0x34 ./Core/Src/sysmem.o
 .ARM.attributes
                0x000003ca       0x34 ./Core/Src/system_stm32f4xx.o
 .ARM.attributes
                0x000003fe       0x34 ./Core/Src/tim.o
 .ARM.attributes
                0x00000432       0x34 ./Core/Src/usart.o
 .ARM.attributes
                0x00000466       0x21 ./Core/Startup/startup_stm32f411retx.o
 .ARM.attributes
                0x00000487       0x34 ./Drivers/STM32F4xx_HAL_Driver/Src/stm32f4xx_hal.o
 .ARM.attributes
                0x000004bb       0x34 ./Drivers/STM32F4xx_HAL_Driver/Src/stm32f4xx_hal_cortex.o
 .ARM.attributes
                0x000004ef       0x34 ./Drivers/STM32F4xx_HAL_Driver/Src/stm32f4xx_hal_dma.o
 .ARM.attributes
                0x00000523       0x34 ./Drivers/STM32F4xx_HAL_Driver/Src/stm32f4xx_hal_gpio.o
 .ARM.attributes
                0x00000557       0x34 ./Drivers/STM32F4xx_HAL_Driver/Src/stm32f4xx_hal_i2c.o
 .ARM.attributes
                0x0000058b       0x34 ./Drivers/STM32F4xx_HAL_Driver/Src/stm32f4xx_hal_rcc.o
 .ARM.attributes
                0x000005bf       0x34 ./Drivers/STM32F4xx_HAL_Driver/Src/stm32f4xx_hal_tim.o
 .ARM.attributes
                0x000005f3       0x34 ./Drivers/STM32F4xx_HAL_Driver/Src/stm32f4xx_hal_tim_ex.o
 .ARM.attributes
                0x00000627       0x34 ./Drivers/STM32F4xx_HAL_Driver/Src/stm32f4xx_hal_uart.o
 .ARM.attributes
                0x0000065b       0x34 /opt/st/stm32cubeide_2.0.0/plugins/com.st.stm32cube.ide.mcu.externaltools.gnu-tools-for-stm32.13.3.rel1.linux64_1.0.100.202509120712/tools/bin/../lib/gcc/arm-none-eabi/13.3.1/../../../../arm-none-eabi/lib/thumb/v7e-m+fp/hard/libc_nano.a(libc_a-atoi.o)
 .ARM.attributes
                0x0000068f       0x34 /opt/st/stm32cubeide_2.0.0/plugins/com.st.stm32cube.ide.mcu.externaltools.gnu-tools-for-stm32.13.3.rel1.linux64_1.0.100.202509120712/tools/bin/../lib/gcc/arm-none-eabi/13.3.1/../../../../arm-none-eabi/lib/thumb/v7e-m+fp/hard/libc_nano.a(libc_a-strtol.o)
 .ARM.attributes
                0x000006c3       0x34 /opt/st/stm32cubeide_2.0.0/plugins/com.st.stm32cube.ide.mcu.externaltools.gnu-tools-for-stm32.13.3.rel1.linux64_1.0.100.202509120712/tools/bin/../lib/gcc/arm-none-eabi/13.3.1/../../../../arm-none-eabi/lib/thumb/v7e-m+fp/hard/libc_nano.a(libc_a-ctype_.o)
 .ARM.attributes
                0x000006f7       0x34 /opt/st/stm32cubeide_2.0.0/plugins/com.st.stm32cube.ide.mcu.externaltools.gnu-tools-for-stm32.13.3.rel1.linux64_1.0.100.202509120712/tools/bin/../lib/gcc/arm-none-eabi/13.3.1/../../../../arm-none-eabi/lib/thumb/v7e-m+fp/hard/libc_nano.a(libc_a-findfp.o)
 .ARM.attributes
                0x0000072b       0x34 /opt/st/stm32cubeide_2.0.0/plugins/com.st.stm32cube.ide.mcu.externaltools.gnu-tools-for-stm32.13.3.rel1.linux64_1.0.100.202509120712/tools/bin/../lib/gcc/arm-none-eabi/13.3.1/../../../../arm-none-eabi/lib/thumb/v7e-m+fp/hard/libc_nano.a(libc_a-snprintf.o)
 .ARM.attributes
                0x0000075f       0x34 /opt/st/stm32cubeide_2.0.0/plugins/com.st.stm32cube.ide.mcu.externaltools.gnu-tools-for-stm32.13.3.rel1.linux64_1.0.100.202509120712/tools/bin/../lib/gcc/arm-none-eabi/13.3.1/../../../../arm-none-eabi/lib/thumb/v7e-m+fp/hard/libc_nano.a(libc_a-vsnprintf.o)
 .ARM.attributes
                0x00000793       0x34 /opt/st/stm32cubeide_2.0.0/plugins/com.st.stm32cube.ide.mcu.externaltools.gnu-tools-for-stm32.13.3.rel1.linux64_1.0.100.202509120712/tools/bin/../lib/gcc/arm-none-eabi/13.3.1/../../../../arm-none-eabi/lib/thumb/v7e-m+fp/hard/libc_nano.a(libc_a-memset.o)
 .ARM.attributes
                0x000007c7       0x34 /opt/st/stm32cubeide_2.0.0/plugins/com.st.stm32cube.ide.mcu.externaltools.gnu-tools-for-stm32.13.3.rel1.linux64_1.0.100.202509120712/tools/bin/../lib/gcc/arm-none-eabi/13.3.1/../../../../arm-none-eabi/lib/thumb/v7e-m+fp/hard/libc_nano.a(libc_a-strncmp.o)
 .ARM.attributes
                0x000007fb       0x34 /opt/st/stm32cubeide_2.0.0/plugins/com.st.stm32cube.ide.mcu.externaltools.gnu-tools-for-stm32.13.3.rel1.linux64_1.0.100.202509120712/tools/bin/../lib/gcc/arm-none-eabi/13.3.1/../../../../arm-none-eabi/lib/thumb/v7e-m+fp/hard/libc_nano.a(libc_a-strncpy.o)
 .ARM.attributes
                0x0000082f       0x34 /opt/st/stm32cubeide_2.0.0/plugins/com.st.stm32cube.ide.mcu.externaltools.gnu-tools-for-stm32.13.3.rel1.linux64_1.0.100.202509120712/tools/bin/../lib/gcc/arm-none-eabi/13.3.1/../../../../arm-none-eabi/lib/thumb/v7e-m+fp/hard/libc_nano.a(libc_a-reent.o)
 .ARM.attributes
                0x00000863       0x34 /opt/st/stm32cubeide_2.0.0/plugins/com.st.stm32cube.ide.mcu.externaltools.gnu-tools-for-stm32.13.3.rel1.linux64_1.0.100.202509120712/tools/bin/../lib/gcc/arm-none-eabi/13.3.1/../../../../arm-none-eabi/lib/thumb/v7e-m+fp/hard/libc_nano.a(libc_a-impure.o)
 .ARM.attributes
                0x00000897       0x34 /opt/st/stm32cubeide_2.0.0/plugins/com.st.stm32cube.ide.mcu.externaltools.gnu-tools-for-stm32.13.3.rel1.linux64_1.0.100.202509120712/tools/bin/../lib/gcc/arm-none-eabi/13.3.1/../../../../arm-none-eabi/lib/thumb/v7e-m+fp/hard/libc_nano.a(libc_a-errno.o)
 .ARM.attributes
                0x000008cb       0x34 /opt/st/stm32cubeide_2.0.0/plugins/com.st.stm32cube.ide.mcu.externaltools.gnu-tools-for-stm32.13.3.rel1.linux64_1.0.100.202509120712/tools/bin/../lib/gcc/arm-none-eabi/13.3.1/../../../../arm-none-eabi/lib/thumb/v7e-m+fp/hard/libc_nano.a(libc_a-init.o)
 .ARM.attributes
                0x000008ff       0x34 /opt/st/stm32cubeide_2.0.0/plugins/com.st.stm32cube.ide.mcu.externaltools.gnu-tools-for-stm32.13.3.rel1.linux64_1.0.100.202509120712/tools/bin/../lib/gcc/arm-none-eabi/13.3.1/../../../../arm-none-eabi/lib/thumb/v7e-m+fp/hard/libc_nano.a(libc_a-lock.o)
 .ARM.attributes
                0x00000933       0x34 /opt/st/stm32cubeide_2.0.0/plugins/com.st.stm32cube.ide.mcu.externaltools.gnu-tools-for-stm32.13.3.rel1.linux64_1.0.100.202509120712/tools/bin/../lib/gcc/arm-none-eabi/13.3.1/../../../../arm-none-eabi/lib/thumb/v7e-m+fp/hard/libc_nano.a(libc_a-freer.o)
 .ARM.attributes
                0x00000967       0x34 /opt/st/stm32cubeide_2.0.0/plugins/com.st.stm32cube.ide.mcu.externaltools.gnu-tools-for-stm32.13.3.rel1.linux64_1.0.100.202509120712/tools/bin/../lib/gcc/arm-none-eabi/13.3.1/../../../../arm-none-eabi/lib/thumb/v7e-m+fp/hard/libc_nano.a(libc_a-mallocr.o)
 .ARM.attributes
                0x0000099b       0x34 /opt/st/stm32cubeide_2.0.0/plugins/com.st.stm32cube.ide.mcu.externaltools.gnu-tools-for-stm32.13.3.rel1.linux64_1.0.100.202509120712/tools/bin/../lib/gcc/arm-none-eabi/13.3.1/../../../../arm-none-eabi/lib/thumb/v7e-m+fp/hard/libc_nano.a(libc_a-mlock.o)
 .ARM.attributes
                0x000009cf       0x34 /opt/st/stm32cubeide_2.0.0/plugins/com.st.stm32cube.ide.mcu.externaltools.gnu-tools-for-stm32.13.3.rel1.linux64_1.0.100.202509120712/tools/bin/../lib/gcc/arm-none-eabi/13.3.1/../../../../arm-none-eabi/lib/thumb/v7e-m+fp/hard/libc_nano.a(libc_a-nano-svfprintf.o)
 .ARM.attributes
                0x00000a03       0x34 /opt/st/stm32cubeide_2.0.0/plugins/com.st.stm32cube.ide.mcu.externaltools.gnu-tools-for-stm32.13.3.rel1.linux64_1.0.100.202509120712/tools/bin/../lib/gcc/arm-none-eabi/13.3.1/../../../../arm-none-eabi/lib/thumb/v7e-m+fp/hard/libc_nano.a(libc_a-nano-vfprintf_i.o)
 .ARM.attributes
                0x00000a37       0x34 /opt/st/stm32cubeide_2.0.0/plugins/com.st.stm32cube.ide.mcu.externaltools.gnu-tools-for-stm32.13.3.rel1.linux64_1.0.100.202509120712/tools/bin/../lib/gcc/arm-none-eabi/13.3.1/../../../../arm-none-eabi/lib/thumb/v7e-m+fp/hard/libc_nano.a(libc_a-memmove.o)
 .ARM.attributes
                0x00000a6b       0x34 /opt/st/stm32cubeide_2.0.0/plugins/com.st.stm32cube.ide.mcu.externaltools.gnu-tools-for-stm32.13.3.rel1.linux64_1.0.100.202509120712/tools/bin/../lib/gcc/arm-none-eabi/13.3.1/../../../../arm-none-eabi/lib/thumb/v7e-m+fp/hard/libc_nano.a(libc_a-sbrkr.o)
 .ARM.attributes
                0x00000a9f       0x1c /opt/st/stm32cubeide_2.0.0/plugins/com.st.stm32cube.ide.mcu.externaltools.gnu-tools-for-stm32.13.3.rel1.linux64_1.0.100.202509120712/tools/bin/../lib/gcc/arm-none-eabi/13.3.1/../../../../arm-none-eabi/lib/thumb/v7e-m+fp/hard/libc_nano.a(libc_a-memchr.o)
 .ARM.attributes
                0x00000abb       0x34 /opt/st/stm32cubeide_2.0.0/plugins/com.st.stm32cube.ide.mcu.externaltools.gnu-tools-for-stm32.13.3.rel1.linux64_1.0.100.202509120712/tools/bin/../lib/gcc/arm-none-eabi/13.3.1/../../../../arm-none-eabi/lib/thumb/v7e-m+fp/hard/libc_nano.a(libc_a-memcpy-stub.o)
 .ARM.attributes
                0x00000aef       0x34 /opt/st/stm32cubeide_2.0.0/plugins/com.st.stm32cube.ide.mcu.externaltools.gnu-tools-for-stm32.13.3.rel1.linux64_1.0.100.202509120712/tools/bin/../lib/gcc/arm-none-eabi/13.3.1/../../../../arm-none-eabi/lib/thumb/v7e-m+fp/hard/libc_nano.a(libc_a-reallocr.o)
 .ARM.attributes
                0x00000b23       0x34 /opt/st/stm32cubeide_2.0.0/plugins/com.st.stm32cube.ide.mcu.externaltools.gnu-tools-for-stm32.13.3.rel1.linux64_1.0.100.202509120712/tools/bin/../lib/gcc/arm-none-eabi/13.3.1/../../../../arm-none-eabi/lib/thumb/v7e-m+fp/hard/libc_nano.a(libc_a-msizer.o)
 .ARM.attributes
                0x00000b57       0x22 /opt/st/stm32cubeide_2.0.0/plugins/com.st.stm32cube.ide.mcu.externaltools.gnu-tools-for-stm32.13.3.rel1.linux64_1.0.100.202509120712/tools/bin/../lib/gcc/arm-none-eabi/13.3.1/thumb/v7e-m+fp/hard/libgcc.a(_aeabi_uldivmod.o)
 .ARM.attributes
                0x00000b79       0x34 /opt/st/stm32cubeide_2.0.0/plugins/com.st.stm32cube.ide.mcu.externaltools.gnu-tools-for-stm32.13.3.rel1.linux64_1.0.100.202509120712/tools/bin/../lib/gcc/arm-none-eabi/13.3.1/thumb/v7e-m+fp/hard/libgcc.a(_udivmoddi4.o)
 .ARM.attributes
                0x00000bad       0x22 /opt/st/stm32cubeide_2.0.0/plugins/com.st.stm32cube.ide.mcu.externaltools.gnu-tools-for-stm32.13.3.rel1.linux64_1.0.100.202509120712/tools/bin/../lib/gcc/arm-none-eabi/13.3.1/thumb/v7e-m+fp/hard/libgcc.a(_dvmd_tls.o)
 .ARM.attributes
                0x00000bcf       0x22 /opt/st/stm32cubeide_2.0.0/plugins/com.st.stm32cube.ide.mcu.externaltools.gnu-tools-for-stm32.13.3.rel1.linux64_1.0.100.202509120712/tools/bin/../lib/gcc/arm-none-eabi/13.3.1/thumb/v7e-m+fp/hard/crtn.o
OUTPUT(Elevator_R02.elf elf32-littlearm)
LOAD linker stubs
LOAD /opt/st/stm32cubeide_2.0.0/plugins/com.st.stm32cube.ide.mcu.externaltools.gnu-tools-for-stm32.13.3.rel1.linux64_1.0.100.202509120712/tools/bin/../lib/gcc/arm-none-eabi/13.3.1/../../../../arm-none-eabi/lib/thumb/v7e-m+fp/hard/libc.a
LOAD /opt/st/stm32cubeide_2.0.0/plugins/com.st.stm32cube.ide.mcu.externaltools.gnu-tools-for-stm32.13.3.rel1.linux64_1.0.100.202509120712/tools/bin/../lib/gcc/arm-none-eabi/13.3.1/../../../../arm-none-eabi/lib/thumb/v7e-m+fp/hard/libm.a
LOAD /opt/st/stm32cubeide_2.0.0/plugins/com.st.stm32cube.ide.mcu.externaltools.gnu-tools-for-stm32.13.3.rel1.linux64_1.0.100.202509120712/tools/bin/../lib/gcc/arm-none-eabi/13.3.1/thumb/v7e-m+fp/hard/libgcc.a

.debug_info     0x00000000    0x13dae
 .debug_info    0x00000000      0x6be ./Core/Src/app.o
 .debug_info    0x000006be      0x2d5 ./Core/Src/button.o
 .debug_info    0x00000993      0x662 ./Core/Src/delay.o
 .debug_info    0x00000ff5      0x67d ./Core/Src/elevator.o
 .debug_info    0x00001672      0x2d3 ./Core/Src/fnd.o
 .debug_info    0x00001945      0x618 ./Core/Src/gpio.o
 .debug_info    0x00001f5d      0x9a5 ./Core/Src/i2c.o
 .debug_info    0x00002902      0x2f8 ./Core/Src/led.o
 .debug_info    0x00002bfa      0x6da ./Core/Src/logger.o
 .debug_info    0x000032d4      0xdd9 ./Core/Src/main.o
 .debug_info    0x000040ad      0x4a5 ./Core/Src/photo.o
 .debug_info    0x00004552      0xa3e ./Core/Src/resident_uart.o
 .debug_info    0x00004f90      0x2a5 ./Core/Src/servo.o
 .debug_info    0x00005235      0x2dd ./Core/Src/stepper.o
 .debug_info    0x00005512      0x291 ./Core/Src/stm32f4xx_hal_msp.o
 .debug_info    0x000057a3      0x672 ./Core/Src/stm32f4xx_it.o
 .debug_info    0x00005e15      0x168 ./Core/Src/sysmem.o
 .debug_info    0x00005f7d      0x53e ./Core/Src/system_stm32f4xx.o
 .debug_info    0x000064bb      0xd0c ./Core/Src/tim.o
 .debug_info    0x000071c7      0xb2e ./Core/Src/usart.o
 .debug_info    0x00007cf5       0x30 ./Core/Startup/startup_stm32f411retx.o
 .debug_info    0x00007d25      0x8c4 ./Drivers/STM32F4xx_HAL_Driver/Src/stm32f4xx_hal.o
 .debug_info    0x000085e9      0xcfc ./Drivers/STM32F4xx_HAL_Driver/Src/stm32f4xx_hal_cortex.o
 .debug_info    0x000092e5      0x8e6 ./Drivers/STM32F4xx_HAL_Driver/Src/stm32f4xx_hal_dma.o
 .debug_info    0x00009bcb      0x6f9 ./Drivers/STM32F4xx_HAL_Driver/Src/stm32f4xx_hal_gpio.o
 .debug_info    0x0000a2c4     0x2426 ./Drivers/STM32F4xx_HAL_Driver/Src/stm32f4xx_hal_i2c.o
 .debug_info    0x0000c6ea      0x904 ./Drivers/STM32F4xx_HAL_Driver/Src/stm32f4xx_hal_rcc.o
 .debug_info    0x0000cfee     0x2996 ./Drivers/STM32F4xx_HAL_Driver/Src/stm32f4xx_hal_tim.o
 .debug_info    0x0000f984     0x14d4 ./Drivers/STM32F4xx_HAL_Driver/Src/stm32f4xx_hal_tim_ex.o
 .debug_info    0x00010e58     0x2f56 ./Drivers/STM32F4xx_HAL_Driver/Src/stm32f4xx_hal_uart.o

.debug_abbrev   0x00000000     0x39b9
 .debug_abbrev  0x00000000      0x1bf ./Core/Src/app.o
 .debug_abbrev  0x000001bf      0x196 ./Core/Src/button.o
 .debug_abbrev  0x00000355      0x182 ./Core/Src/delay.o
 .debug_abbrev  0x000004d7      0x2a0 ./Core/Src/elevator.o
 .debug_abbrev  0x00000777      0x19c ./Core/Src/fnd.o
 .debug_abbrev  0x00000913      0x173 ./Core/Src/gpio.o
 .debug_abbrev  0x00000a86      0x1f0 ./Core/Src/i2c.o
 .debug_abbrev  0x00000c76      0x198 ./Core/Src/led.o
 .debug_abbrev  0x00000e0e      0x1d4 ./Core/Src/logger.o
 .debug_abbrev  0x00000fe2      0x250 ./Core/Src/main.o
 .debug_abbrev  0x00001232      0x247 ./Core/Src/photo.o
 .debug_abbrev  0x00001479      0x29c ./Core/Src/resident_uart.o
 .debug_abbrev  0x00001715      0x11c ./Core/Src/servo.o
 .debug_abbrev  0x00001831      0x1bd ./Core/Src/stepper.o
 .debug_abbrev  0x000019ee       0xd8 ./Core/Src/stm32f4xx_hal_msp.o
 .debug_abbrev  0x00001ac6      0x197 ./Core/Src/stm32f4xx_it.o
 .debug_abbrev  0x00001c5d       0xbc ./Core/Src/sysmem.o
 .debug_abbrev  0x00001d19      0x11a ./Core/Src/system_stm32f4xx.o
 .debug_abbrev  0x00001e33      0x241 ./Core/Src/tim.o
 .debug_abbrev  0x00002074      0x217 ./Core/Src/usart.o
 .debug_abbrev  0x0000228b       0x24 ./Core/Startup/startup_stm32f411retx.o
 .debug_abbrev  0x000022af      0x24b ./Drivers/STM32F4xx_HAL_Driver/Src/stm32f4xx_hal.o
 .debug_abbrev  0x000024fa      0x31d ./Drivers/STM32F4xx_HAL_Driver/Src/stm32f4xx_hal_cortex.o
 .debug_abbrev  0x00002817      0x221 ./Drivers/STM32F4xx_HAL_Driver/Src/stm32f4xx_hal_dma.o
 .debug_abbrev  0x00002a38      0x1d3 ./Drivers/STM32F4xx_HAL_Driver/Src/stm32f4xx_hal_gpio.o
 .debug_abbrev  0x00002c0b      0x2bc ./Drivers/STM32F4xx_HAL_Driver/Src/stm32f4xx_hal_i2c.o
 .debug_abbrev  0x00002ec7      0x2b6 ./Drivers/STM32F4xx_HAL_Driver/Src/stm32f4xx_hal_rcc.o
 .debug_abbrev  0x0000317d      0x28b ./Drivers/STM32F4xx_HAL_Driver/Src/stm32f4xx_hal_tim.o
 .debug_abbrev  0x00003408      0x296 ./Drivers/STM32F4xx_HAL_Driver/Src/stm32f4xx_hal_tim_ex.o
 .debug_abbrev  0x0000369e      0x31b ./Drivers/STM32F4xx_HAL_Driver/Src/stm32f4xx_hal_uart.o

.debug_aranges  0x00000000     0x1290
 .debug_aranges
                0x00000000       0x28 ./Core/Src/app.o
 .debug_aranges
                0x00000028       0x28 ./Core/Src/button.o
 .debug_aranges
                0x00000050       0x20 ./Core/Src/delay.o
 .debug_aranges
                0x00000070       0x90 ./Core/Src/elevator.o
 .debug_aranges
                0x00000100       0x40 ./Core/Src/fnd.o
 .debug_aranges
                0x00000140       0x20 ./Core/Src/gpio.o
 .debug_aranges
                0x00000160       0x30 ./Core/Src/i2c.o
 .debug_aranges
                0x00000190       0x48 ./Core/Src/led.o
 .debug_aranges
                0x000001d8       0x28 ./Core/Src/logger.o
 .debug_aranges
                0x00000200       0x38 ./Core/Src/main.o
 .debug_aranges
                0x00000238       0x60 ./Core/Src/photo.o
 .debug_aranges
                0x00000298       0x78 ./Core/Src/resident_uart.o
 .debug_aranges
                0x00000310       0x48 ./Core/Src/servo.o
 .debug_aranges
                0x00000358       0x48 ./Core/Src/stepper.o
 .debug_aranges
                0x000003a0       0x20 ./Core/Src/stm32f4xx_hal_msp.o
 .debug_aranges
                0x000003c0       0x78 ./Core/Src/stm32f4xx_it.o
 .debug_aranges
                0x00000438       0x20 ./Core/Src/sysmem.o
 .debug_aranges
                0x00000458       0x28 ./Core/Src/system_stm32f4xx.o
 .debug_aranges
                0x00000480       0x40 ./Core/Src/tim.o
 .debug_aranges
                0x000004c0       0x30 ./Core/Src/usart.o
 .debug_aranges
                0x000004f0       0x28 ./Core/Startup/startup_stm32f411retx.o
 .debug_aranges
                0x00000518       0xf0 ./Drivers/STM32F4xx_HAL_Driver/Src/stm32f4xx_hal.o
 .debug_aranges
                0x00000608      0x130 ./Drivers/STM32F4xx_HAL_Driver/Src/stm32f4xx_hal_cortex.o
 .debug_aranges
                0x00000738       0x90 ./Drivers/STM32F4xx_HAL_Driver/Src/stm32f4xx_hal_dma.o
 .debug_aranges
                0x000007c8       0x58 ./Drivers/STM32F4xx_HAL_Driver/Src/stm32f4xx_hal_gpio.o
 .debug_aranges
                0x00000820      0x2a8 ./Drivers/STM32F4xx_HAL_Driver/Src/stm32f4xx_hal_i2c.o
 .debug_aranges
                0x00000ac8       0x88 ./Drivers/STM32F4xx_HAL_Driver/Src/stm32f4xx_hal_rcc.o
 .debug_aranges
                0x00000b50      0x3d0 ./Drivers/STM32F4xx_HAL_Driver/Src/stm32f4xx_hal_tim.o
 .debug_aranges
                0x00000f20      0x168 ./Drivers/STM32F4xx_HAL_Driver/Src/stm32f4xx_hal_tim_ex.o
 .debug_aranges
                0x00001088      0x208 ./Drivers/STM32F4xx_HAL_Driver/Src/stm32f4xx_hal_uart.o

.debug_rnglists
                0x00000000      0xe95
 .debug_rnglists
                0x00000000       0x19 ./Core/Src/app.o
 .debug_rnglists
                0x00000019       0x1b ./Core/Src/button.o
 .debug_rnglists
                0x00000034       0x13 ./Core/Src/delay.o
 .debug_rnglists
                0x00000047       0xa1 ./Core/Src/elevator.o
 .debug_rnglists
                0x000000e8       0x2c ./Core/Src/fnd.o
 .debug_rnglists
                0x00000114       0x14 ./Core/Src/gpio.o
 .debug_rnglists
                0x00000128       0x20 ./Core/Src/i2c.o
 .debug_rnglists
                0x00000148       0x34 ./Core/Src/led.o
 .debug_rnglists
                0x0000017c       0x19 ./Core/Src/logger.o
 .debug_rnglists
                0x00000195       0x26 ./Core/Src/main.o
 .debug_rnglists
                0x000001bb       0x46 ./Core/Src/photo.o
 .debug_rnglists
                0x00000201       0x5a ./Core/Src/resident_uart.o
 .debug_rnglists
                0x0000025b       0x32 ./Core/Src/servo.o
 .debug_rnglists
                0x0000028d       0x33 ./Core/Src/stepper.o
 .debug_rnglists
                0x000002c0       0x13 ./Core/Src/stm32f4xx_hal_msp.o
 .debug_rnglists
                0x000002d3       0x55 ./Core/Src/stm32f4xx_it.o
 .debug_rnglists
                0x00000328       0x13 ./Core/Src/sysmem.o
 .debug_rnglists
                0x0000033b       0x1a ./Core/Src/system_stm32f4xx.o
 .debug_rnglists
                0x00000355       0x2c ./Core/Src/tim.o
 .debug_rnglists
                0x00000381       0x20 ./Core/Src/usart.o
 .debug_rnglists
                0x000003a1       0x19 ./Core/Startup/startup_stm32f411retx.o
 .debug_rnglists
                0x000003ba       0xaf ./Drivers/STM32F4xx_HAL_Driver/Src/stm32f4xx_hal.o
 .debug_rnglists
                0x00000469       0xe0 ./Drivers/STM32F4xx_HAL_Driver/Src/stm32f4xx_hal_cortex.o
 .debug_rnglists
                0x00000549       0x70 ./Drivers/STM32F4xx_HAL_Driver/Src/stm32f4xx_hal_dma.o
 .debug_rnglists
                0x000005b9       0x3f ./Drivers/STM32F4xx_HAL_Driver/Src/stm32f4xx_hal_gpio.o
 .debug_rnglists
                0x000005f8      0x23c ./Drivers/STM32F4xx_HAL_Driver/Src/stm32f4xx_hal_i2c.o
 .debug_rnglists
                0x00000834       0x66 ./Drivers/STM32F4xx_HAL_Driver/Src/stm32f4xx_hal_rcc.o
 .debug_rnglists
                0x0000089a      0x31a ./Drivers/STM32F4xx_HAL_Driver/Src/stm32f4xx_hal_tim.o
 .debug_rnglists
                0x00000bb4      0x125 ./Drivers/STM32F4xx_HAL_Driver/Src/stm32f4xx_hal_tim_ex.o
 .debug_rnglists
                0x00000cd9      0x1bc ./Drivers/STM32F4xx_HAL_Driver/Src/stm32f4xx_hal_uart.o

.debug_macro    0x00000000    0x19144
 .debug_macro   0x00000000      0x272 ./Core/Src/app.o
 .debug_macro   0x00000272      0xad8 ./Core/Src/app.o
 .debug_macro   0x00000d4a      0x2a1 ./Core/Src/app.o
 .debug_macro   0x00000feb       0x2e ./Core/Src/app.o
 .debug_macro   0x00001019       0x28 ./Core/Src/app.o
 .debug_macro   0x00001041       0x22 ./Core/Src/app.o
 .debug_macro   0x00001063       0x8e ./Core/Src/app.o
 .debug_macro   0x000010f1       0x51 ./Core/Src/app.o
 .debug_macro   0x00001142      0x103 ./Core/Src/app.o
 .debug_macro   0x00001245       0x6a ./Core/Src/app.o
 .debug_macro   0x000012af      0x1df ./Core/Src/app.o
 .debug_macro   0x0000148e       0x1c ./Core/Src/app.o
 .debug_macro   0x000014aa       0x22 ./Core/Src/app.o
 .debug_macro   0x000014cc       0xfb ./Core/Src/app.o
 .debug_macro   0x000015c7     0x1011 ./Core/Src/app.o
 .debug_macro   0x000025d8      0x11f ./Core/Src/app.o
 .debug_macro   0x000026f7     0xb968 ./Core/Src/app.o
 .debug_macro   0x0000e05f       0x6d ./Core/Src/app.o
 .debug_macro   0x0000e0cc     0x3693 ./Core/Src/app.o
 .debug_macro   0x0001175f      0x190 ./Core/Src/app.o
 .debug_macro   0x000118ef       0x5c ./Core/Src/app.o
 .debug_macro   0x0001194b      0x45c ./Core/Src/app.o
 .debug_macro   0x00011da7      0x9e9 ./Core/Src/app.o
 .debug_macro   0x00012790      0x115 ./Core/Src/app.o
 .debug_macro   0x000128a5      0x11b ./Core/Src/app.o
 .debug_macro   0x000129c0       0xa5 ./Core/Src/app.o
 .debug_macro   0x00012a65      0x15f ./Core/Src/app.o
 .debug_macro   0x00012bc4      0x287 ./Core/Src/app.o
 .debug_macro   0x00012e4b       0x5f ./Core/Src/app.o
 .debug_macro   0x00012eaa      0x236 ./Core/Src/app.o
 .debug_macro   0x000130e0      0x132 ./Core/Src/app.o
 .debug_macro   0x00013212      0x264 ./Core/Src/app.o
 .debug_macro   0x00013476       0x2e ./Core/Src/app.o
 .debug_macro   0x000134a4      0x1b5 ./Core/Src/app.o
 .debug_macro   0x00013659       0x22 ./Core/Src/app.o
 .debug_macro   0x0001367b       0xd6 ./Core/Src/app.o
 .debug_macro   0x00013751      0x127 ./Core/Src/app.o
 .debug_macro   0x00013878       0x85 ./Core/Src/app.o
 .debug_macro   0x000138fd       0x89 ./Core/Src/app.o
 .debug_macro   0x00013986      0x8ed ./Core/Src/app.o
 .debug_macro   0x00014273       0x47 ./Core/Src/app.o
 .debug_macro   0x000142ba      0x2aa ./Core/Src/app.o
 .debug_macro   0x00014564      0x126 ./Core/Src/app.o
 .debug_macro   0x0001468a       0x22 ./Core/Src/app.o
 .debug_macro   0x000146ac       0x10 ./Core/Src/app.o
 .debug_macro   0x000146bc       0x16 ./Core/Src/app.o
 .debug_macro   0x000146d2       0x46 ./Core/Src/app.o
 .debug_macro   0x00014718       0x22 ./Core/Src/app.o
 .debug_macro   0x0001473a       0x58 ./Core/Src/app.o
 .debug_macro   0x00014792       0xd6 ./Core/Src/app.o
 .debug_macro   0x00014868      0x1ff ./Core/Src/button.o
 .debug_macro   0x00014a67      0x205 ./Core/Src/delay.o
 .debug_macro   0x00014c6c      0x247 ./Core/Src/elevator.o
 .debug_macro   0x00014eb3       0x16 ./Core/Src/elevator.o
 .debug_macro   0x00014ec9      0x214 ./Core/Src/fnd.o
 .debug_macro   0x000150dd       0xd0 ./Core/Src/fnd.o
 .debug_macro   0x000151ad      0x1fb ./Core/Src/gpio.o
 .debug_macro   0x000153a8      0x1fb ./Core/Src/i2c.o
 .debug_macro   0x000155a3      0x214 ./Core/Src/led.o
 .debug_macro   0x000157b7       0x1c ./Core/Src/led.o
 .debug_macro   0x000157d3      0x2f3 ./Core/Src/logger.o
 .debug_macro   0x00015ac6       0x61 ./Core/Src/logger.o
 .debug_macro   0x00015b27       0x2a ./Core/Src/logger.o
 .debug_macro   0x00015b51       0x43 ./Core/Src/logger.o
 .debug_macro   0x00015b94       0x34 ./Core/Src/logger.o
 .debug_macro   0x00015bc8       0x16 ./Core/Src/logger.o
 .debug_macro   0x00015bde       0x3c ./Core/Src/logger.o
 .debug_macro   0x00015c1a      0x370 ./Core/Src/logger.o
 .debug_macro   0x00015f8a       0x16 ./Core/Src/logger.o
 .debug_macro   0x00015fa0       0x4a ./Core/Src/logger.o
 .debug_macro   0x00015fea       0x34 ./Core/Src/logger.o
 .debug_macro   0x0001601e       0x10 ./Core/Src/logger.o
 .debug_macro   0x0001602e       0x58 ./Core/Src/logger.o
 .debug_macro   0x00016086       0x8e ./Core/Src/logger.o
 .debug_macro   0x00016114       0x1c ./Core/Src/logger.o
 .debug_macro   0x00016130      0x185 ./Core/Src/logger.o
 .debug_macro   0x000162b5       0x16 ./Core/Src/logger.o
 .debug_macro   0x000162cb       0x16 ./Core/Src/logger.o
 .debug_macro   0x000162e1      0x146 ./Core/Src/logger.o
 .debug_macro   0x00016427       0x16 ./Core/Src/logger.o
 .debug_macro   0x0001643d       0x20 ./Core/Src/logger.o
 .debug_macro   0x0001645d      0x28f ./Core/Src/main.o
 .debug_macro   0x000166ec      0x221 ./Core/Src/photo.o
 .debug_macro   0x0001690d      0x335 ./Core/Src/resident_uart.o
 .debug_macro   0x00016c42       0x10 ./Core/Src/resident_uart.o
 .debug_macro   0x00016c52      0x11f ./Core/Src/resident_uart.o
 .debug_macro   0x00016d71       0x16 ./Core/Src/resident_uart.o
 .debug_macro   0x00016d87       0x16 ./Core/Src/resident_uart.o
 .debug_macro   0x00016d9d       0x29 ./Core/Src/resident_uart.o
 .debug_macro   0x00016dc6      0x213 ./Core/Src/servo.o
 .debug_macro   0x00016fd9       0x10 ./Core/Src/servo.o
 .debug_macro   0x00016fe9      0x205 ./Core/Src/stepper.o
 .debug_macro   0x000171ee       0x40 ./Core/Src/stepper.o
 .debug_macro   0x0001722e      0x1f1 ./Core/Src/stm32f4xx_hal_msp.o
 .debug_macro   0x0001741f      0x1fb ./Core/Src/stm32f4xx_it.o
 .debug_macro   0x0001761a      0x112 ./Core/Src/sysmem.o
 .debug_macro   0x0001772c      0x23c ./Core/Src/sysmem.o
 .debug_macro   0x00017968      0x1e7 ./Core/Src/system_stm32f4xx.o
 .debug_macro   0x00017b4f      0x1fb ./Core/Src/tim.o
 .debug_macro   0x00017d4a      0x1fb ./Core/Src/usart.o
 .debug_macro   0x00017f45      0x247 ./Drivers/STM32F4xx_HAL_Driver/Src/stm32f4xx_hal.o
 .debug_macro   0x0001818c      0x1e7 ./Drivers/STM32F4xx_HAL_Driver/Src/stm32f4xx_hal_cortex.o
 .debug_macro   0x00018373      0x1ed ./Drivers/STM32F4xx_HAL_Driver/Src/stm32f4xx_hal_dma.o
 .debug_macro   0x00018560      0x1ed ./Drivers/STM32F4xx_HAL_Driver/Src/stm32f4xx_hal_gpio.o
 .debug_macro   0x0001874d      0x235 ./Drivers/STM32F4xx_HAL_Driver/Src/stm32f4xx_hal_i2c.o
 .debug_macro   0x00018982      0x20b ./Drivers/STM32F4xx_HAL_Driver/Src/stm32f4xx_hal_rcc.o
 .debug_macro   0x00018b8d      0x1e8 ./Drivers/STM32F4xx_HAL_Driver/Src/stm32f4xx_hal_tim.o
 .debug_macro   0x00018d75      0x1e7 ./Drivers/STM32F4xx_HAL_Driver/Src/stm32f4xx_hal_tim_ex.o
 .debug_macro   0x00018f5c      0x1e8 ./Drivers/STM32F4xx_HAL_Driver/Src/stm32f4xx_hal_uart.o

.debug_line     0x00000000    0x18bff
 .debug_line    0x00000000      0x78a ./Core/Src/app.o
 .debug_line    0x0000078a      0x776 ./Core/Src/button.o
 .debug_line    0x00000f00      0x6e2 ./Core/Src/delay.o
 .debug_line    0x000015e2      0xf0e ./Core/Src/elevator.o
 .debug_line    0x000024f0      0x7a2 ./Core/Src/fnd.o
 .debug_line    0x00002c92      0x731 ./Core/Src/gpio.o
 .debug_line    0x000033c3      0x72e ./Core/Src/i2c.o
 .debug_line    0x00003af1      0x7ef ./Core/Src/led.o
 .debug_line    0x000042e0      0x871 ./Core/Src/logger.o
 .debug_line    0x00004b51      0x7fe ./Core/Src/main.o
 .debug_line    0x0000534f      0x90c ./Core/Src/photo.o
 .debug_line    0x00005c5b      0xb4a ./Core/Src/resident_uart.o
 .debug_line    0x000067a5      0x7b0 ./Core/Src/servo.o
 .debug_line    0x00006f55      0x7a0 ./Core/Src/stepper.o
 .debug_line    0x000076f5      0x6c0 ./Core/Src/stm32f4xx_hal_msp.o
 .debug_line    0x00007db5      0x7b8 ./Core/Src/stm32f4xx_it.o
 .debug_line    0x0000856d      0x4c2 ./Core/Src/sysmem.o
 .debug_line    0x00008a2f      0x736 ./Core/Src/system_stm32f4xx.o
 .debug_line    0x00009165      0x817 ./Core/Src/tim.o
 .debug_line    0x0000997c      0x731 ./Core/Src/usart.o
 .debug_line    0x0000a0ad       0x7a ./Core/Startup/startup_stm32f411retx.o
 .debug_line    0x0000a127      0x9b2 ./Drivers/STM32F4xx_HAL_Driver/Src/stm32f4xx_hal.o
 .debug_line    0x0000aad9      0xc82 ./Drivers/STM32F4xx_HAL_Driver/Src/stm32f4xx_hal_cortex.o
 .debug_line    0x0000b75b      0xf1e ./Drivers/STM32F4xx_HAL_Driver/Src/stm32f4xx_hal_dma.o
 .debug_line    0x0000c679      0xace ./Drivers/STM32F4xx_HAL_Driver/Src/stm32f4xx_hal_gpio.o
 .debug_line    0x0000d147     0x3a5f ./Drivers/STM32F4xx_HAL_Driver/Src/stm32f4xx_hal_i2c.o
 .debug_line    0x00010ba6      0xdc1 ./Drivers/STM32F4xx_HAL_Driver/Src/stm32f4xx_hal_rcc.o
 .debug_line    0x00011967     0x34f1 ./Drivers/STM32F4xx_HAL_Driver/Src/stm32f4xx_hal_tim.o
 .debug_line    0x00014e58     0x18ad ./Drivers/STM32F4xx_HAL_Driver/Src/stm32f4xx_hal_tim_ex.o
 .debug_line    0x00016705     0x24fa ./Drivers/STM32F4xx_HAL_Driver/Src/stm32f4xx_hal_uart.o

.debug_str      0x00000000    0x9250a
 .debug_str     0x00000000    0x9250a ./Core/Src/app.o
                              0x895da (size before relaxing)
 .debug_str     0x0009250a        0x0 ./Core/Src/button.o
                              0x88b7c (size before relaxing)
 .debug_str     0x0009250a        0x0 ./Core/Src/delay.o
                              0x88f65 (size before relaxing)
 .debug_str     0x0009250a        0x0 ./Core/Src/elevator.o
                              0x890d0 (size before relaxing)
 .debug_str     0x0009250a        0x0 ./Core/Src/fnd.o
                              0x88e29 (size before relaxing)
 .debug_str     0x0009250a        0x0 ./Core/Src/gpio.o
                              0x88fc1 (size before relaxing)
 .debug_str     0x0009250a        0x0 ./Core/Src/i2c.o
                              0x8912d (size before relaxing)
 .debug_str     0x0009250a        0x0 ./Core/Src/led.o
                              0x88bba (size before relaxing)
 .debug_str     0x0009250a        0x0 ./Core/Src/logger.o
                              0x8c82d (size before relaxing)
 .debug_str     0x0009250a        0x0 ./Core/Src/main.o
                              0x89824 (size before relaxing)
 .debug_str     0x0009250a        0x0 ./Core/Src/photo.o
                              0x88c65 (size before relaxing)
 .debug_str     0x0009250a        0x0 ./Core/Src/resident_uart.o
                              0x8ce4c (size before relaxing)
 .debug_str     0x0009250a        0x0 ./Core/Src/servo.o
                              0x88b8a (size before relaxing)
 .debug_str     0x0009250a        0x0 ./Core/Src/stepper.o
                              0x88c3b (size before relaxing)
 .debug_str     0x0009250a        0x0 ./Core/Src/stm32f4xx_hal_msp.o
                              0x88b2e (size before relaxing)
 .debug_str     0x0009250a        0x0 ./Core/Src/stm32f4xx_it.o
                              0x88f93 (size before relaxing)
 .debug_str     0x0009250a        0x0 ./Core/Src/sysmem.o
                               0x7784 (size before relaxing)
 .debug_str     0x0009250a        0x0 ./Core/Src/system_stm32f4xx.o
                              0x88bde (size before relaxing)
 .debug_str     0x0009250a        0x0 ./Core/Src/tim.o
                              0x893e9 (size before relaxing)
 .debug_str     0x0009250a        0x0 ./Core/Src/usart.o
                              0x89492 (size before relaxing)
 .debug_str     0x0009250a        0x0 ./Core/Startup/startup_stm32f411retx.o
                                 0x86 (size before relaxing)
 .debug_str     0x0009250a        0x0 ./Drivers/STM32F4xx_HAL_Driver/Src/stm32f4xx_hal.o
                              0x8960a (size before relaxing)
 .debug_str     0x0009250a        0x0 ./Drivers/STM32F4xx_HAL_Driver/Src/stm32f4xx_hal_cortex.o
                              0x89374 (size before relaxing)
 .debug_str     0x0009250a        0x0 ./Drivers/STM32F4xx_HAL_Driver/Src/stm32f4xx_hal_dma.o
                              0x88fe6 (size before relaxing)
 .debug_str     0x0009250a        0x0 ./Drivers/STM32F4xx_HAL_Driver/Src/stm32f4xx_hal_gpio.o
                              0x88d59 (size before relaxing)
 .debug_str     0x0009250a        0x0 ./Drivers/STM32F4xx_HAL_Driver/Src/stm32f4xx_hal_i2c.o
                              0x89bef (size before relaxing)
 .debug_str     0x0009250a        0x0 ./Drivers/STM32F4xx_HAL_Driver/Src/stm32f4xx_hal_rcc.o
                              0x89012 (size before relaxing)
 .debug_str     0x0009250a        0x0 ./Drivers/STM32F4xx_HAL_Driver/Src/stm32f4xx_hal_tim.o
                              0x89f56 (size before relaxing)
 .debug_str     0x0009250a        0x0 ./Drivers/STM32F4xx_HAL_Driver/Src/stm32f4xx_hal_tim_ex.o
                              0x89762 (size before relaxing)
 .debug_str     0x0009250a        0x0 ./Drivers/STM32F4xx_HAL_Driver/Src/stm32f4xx_hal_uart.o
                              0x895e1 (size before relaxing)

.comment        0x00000000       0x43
 .comment       0x00000000       0x43 ./Core/Src/app.o
                                 0x44 (size before relaxing)
 .comment       0x00000043        0x0 ./Core/Src/button.o
                                 0x44 (size before relaxing)
 .comment       0x00000043        0x0 ./Core/Src/delay.o
                                 0x44 (size before relaxing)
 .comment       0x00000043        0x0 ./Core/Src/elevator.o
                                 0x44 (size before relaxing)
 .comment       0x00000043        0x0 ./Core/Src/fnd.o
                                 0x44 (size before relaxing)
 .comment       0x00000043        0x0 ./Core/Src/gpio.o
                                 0x44 (size before relaxing)
 .comment       0x00000043        0x0 ./Core/Src/i2c.o
                                 0x44 (size before relaxing)
 .comment       0x00000043        0x0 ./Core/Src/led.o
                                 0x44 (size before relaxing)
 .comment       0x00000043        0x0 ./Core/Src/logger.o
                                 0x44 (size before relaxing)
 .comment       0x00000043        0x0 ./Core/Src/main.o